<html>
<body>
<pre>
<h1>µVision Build Log</h1>
<h2>Tool Versions:</h2>
IDE-Version: µVision V5.35.0.0
Copyright (C) 2021 ARM Ltd and ARM Germany GmbH. All rights reserved.
License Information: jk k, jk, LIC=X4HVA-KKBWE-2QL0L-DYL25-LP21Y-W3ZVP
 
Tool Versions:
Toolchain:       MDK-ARM Community  Version: 5.35.0.2
Toolchain Path:  C:\Keil_v5\ARM\ARMCC\Bin
C Compiler:      Armcc.exe V5.06 update 7 (build 960)
Assembler:       Armasm.exe V5.06 update 7 (build 960)
Linker/Locator:  ArmLink.exe V5.06 update 7 (build 960)
Library Manager: ArmAr.exe V5.06 update 7 (build 960)
Hex Converter:   FromElf.exe V5.06 update 7 (build 960)
CPU DLL:         SARMCM3.DLL V5.35.0.2
Dialog DLL:      DCM.DLL V1.17.3.0
Target DLL:      STLink\ST-LINKIII-KEIL_SWO.dll V3.0.9.0
Dialog DLL:      TCM.DLL V1.53.0.0
 
<h2>Project:</h2>
E:\ad5940-examples\ad5940-examples-master\examples\AD5940_SqrWaveVoltammetry\ADICUP3029\AD5940_SqrWaveVoltmmetry.uvprojx
Project File Date:  12/19/2024

<h2>Output:</h2>
*** Using Compiler 'V5.06 update 7 (build 960)', folder: 'C:\Keil_v5\ARM\ARMCC\Bin'
Rebuild target 'ADICUP3029'
compiling FIT_CURVE.c...
compiling SqrWaveVoltammetry.c...
compiling BasicMathFunctions.c...
compiling BasicMathFunctionsF16.c...
compiling BayesFunctions.c...
compiling ad5940.c...
compiling BayesFunctionsF16.c...
compiling CommonTablesF16.c...
compiling ADICUP3029Port.c...
compiling main.c...
compiling ComplexMathFunctionsF16.c...
compiling AD5940Main.c...
compiling ComplexMathFunctions.c...
compiling ControllerFunctions.c...
compiling FastMathFunctionsF16.c...
C:\Users\Admin\AppData\Local\Arm\Packs\ARM\CMSIS-DSP\1.15.0\Source\FastMathFunctions\arm_vexp_f16.c(96): warning:  #1-D: last line of file ends without a newline
   */
C:\Users\Admin\AppData\Local\Arm\Packs\ARM\CMSIS-DSP\1.15.0\Source\FastMathFunctions\FastMathFunctionsF16.c: 1 warning, 0 errors
compiling DistanceFunctionsF16.c...
compiling DistanceFunctions.c...
C:\Users\Admin\AppData\Local\Arm\Packs\ARM\CMSIS-DSP\1.15.0\Source\DistanceFunctions\DistanceFunctions.c(54): warning:  #1-D: last line of file ends without a newline
  #include "arm_dtw_init_window_q7.c"
C:\Users\Admin\AppData\Local\Arm\Packs\ARM\CMSIS-DSP\1.15.0\Source\DistanceFunctions\DistanceFunctions.c: 1 warning, 0 errors
compiling FilteringFunctionsF16.c...
compiling FastMathFunctions.c...
C:\Users\Admin\AppData\Local\Arm\Packs\ARM\CMSIS-DSP\1.15.0\Source\FastMathFunctions\arm_vexp_f32.c(123): warning:  #1-D: last line of file ends without a newline
   */
C:\Users\Admin\AppData\Local\Arm\Packs\ARM\CMSIS-DSP\1.15.0\Source\FastMathFunctions\FastMathFunctions.c: 1 warning, 0 errors
compiling InterpolationFunctionsF16.c...
compiling InterpolationFunctions.c...
compiling MatrixFunctionsF16.c...
C:\Users\Admin\AppData\Local\Arm\Packs\ARM\CMSIS-DSP\1.15.0\Source\MatrixFunctions\MatrixFunctionsF16.c(43): warning:  #1-D: last line of file ends without a newline
  #include "arm_householder_f16.c"
C:\Users\Admin\AppData\Local\Arm\Packs\ARM\CMSIS-DSP\1.15.0\Source\MatrixFunctions\MatrixFunctionsF16.c: 1 warning, 0 errors
compiling CommonTables.c...
compiling QuaternionMathFunctions.c...
compiling SVMFunctions.c...
compiling SVMFunctionsF16.c...
compiling StatisticsFunctionsF16.c...
compiling SupportFunctionsF16.c...
compiling SupportFunctions.c...
compiling TransformFunctionsF16.c...
C:\Users\Admin\AppData\Local\Arm\Packs\ARM\CMSIS-DSP\1.15.0\Source\TransformFunctions\arm_cfft_init_f16.c(356): warning:  #1-D: last line of file ends without a newline
   */
C:\Users\Admin\AppData\Local\Arm\Packs\ARM\CMSIS-DSP\1.15.0\Source\TransformFunctions\TransformFunctionsF16.c: 1 warning, 0 errors
compiling StatisticsFunctions.c...
assembling startup_ADuCM3029.s...
compiling MatrixFunctions.c...
compiling adi_dma.c...
compiling system_ADuCM3029.c...
compiling adi_pwr.c...
compiling FilteringFunctions.c...
compiling TransformFunctions.c...
C:\Users\Admin\AppData\Local\Arm\Packs\ARM\CMSIS-DSP\1.15.0\Source\TransformFunctions\arm_cfft_init_f64.c(286): warning:  #1-D: last line of file ends without a newline
   */
C:\Users\Admin\AppData\Local\Arm\Packs\ARM\CMSIS-DSP\1.15.0\Source\TransformFunctions\arm_cfft_init_q15.c(338): warning:  #1-D: last line of file ends without a newline
   */
C:\Users\Admin\AppData\Local\Arm\Packs\ARM\CMSIS-DSP\1.15.0\Source\TransformFunctions\arm_cfft_init_q31.c(341): warning:  #1-D: last line of file ends without a newline
   */
C:\Users\Admin\AppData\Local\Arm\Packs\ARM\CMSIS-DSP\1.15.0\Source\TransformFunctions\arm_rfft_fast_init_f32.c(311): warning:  #111-D: statement is unreachable
      break;
C:\Users\Admin\AppData\Local\Arm\Packs\ARM\CMSIS-DSP\1.15.0\Source\TransformFunctions\arm_rfft_fast_init_f64.c(315): warning:  #111-D: statement is unreachable
      break;
C:\Users\Admin\AppData\Local\Arm\Packs\ARM\CMSIS-DSP\1.15.0\Source\TransformFunctions\TransformFunctions.c: 5 warnings, 0 errors
linking...
Program Size: Code=23560 RO-data=1172 RW-data=772 ZI-data=14812  
".\OUT\ADICUP3029.axf" - 0 Error(s), 10 Warning(s).

<h2>Software Packages used:</h2>

Package Vendor: ARM
                http://www.keil.com/pack/ARM.CMSIS.5.9.0.pack
                ARM.CMSIS.5.9.0
                CMSIS (Common Microcontroller Software Interface Standard)
   * Component: CORE Version: 5.6.0

Package Vendor: ARM
                https://www.keil.com/pack/ARM.CMSIS-DSP.1.15.0.pack
                ARM.CMSIS-DSP.1.15.0
                CMSIS Embedded Compute Library
   * Component: DSP Variant: Source Version: 1.15.0

Package Vendor: AnalogDevices
                http://download.analog.com/tools/EZBoards/CM302x/Releases/AnalogDevices.ADuCM302x_DFP.3.2.1.pack
                AnalogDevices.ADuCM302x_DFP.3.2.1
                Analog Devices ADuCM302x Device Support. (Subject to the Software License Agreement referred to in the Release Notes.)
   * Component: DMA Version: 3.2.0
   * Component: Power Version: 3.2.0
   * Component: Global Configuration Version: 3.2.0
   * Component: Startup Version: 3.2.0

<h2>Collection of Component include folders:</h2>
  .\RTE\Device\ADuCM3029
  .\RTE\_ADICUP3029
  C:\Users\Admin\AppData\Local\Arm\Packs\ARM\CMSIS-DSP\1.15.0\Include
  C:\Users\Admin\AppData\Local\Arm\Packs\ARM\CMSIS-DSP\1.15.0\PrivateInclude
  C:\Users\Admin\AppData\Local\Arm\Packs\ARM\CMSIS\5.9.0\CMSIS\Core\Include
  C:\Users\Admin\AppData\Local\Arm\Packs\AnalogDevices\ADuCM302x_DFP\3.2.1\Include
  C:\Users\Admin\AppData\Local\Arm\Packs\AnalogDevices\ADuCM302x_DFP\3.2.1\Include\drivers\dma
  C:\Users\Admin\AppData\Local\Arm\Packs\AnalogDevices\ADuCM302x_DFP\3.2.1\Include\drivers\pwr

<h2>Collection of Component Files used:</h2>

   * Component: ARM::CMSIS:CORE:5.6.0

   * Component: ARM::CMSIS:DSP:Source:1.15.0
      Source file:   Source\ControllerFunctions\ControllerFunctions.c
      Source file:   Source\SVMFunctions\SVMFunctions.c
      Source file:   Source\StatisticsFunctions\StatisticsFunctions.c
      Source file:   Source\TransformFunctions\TransformFunctions.c
      Source file:   Source\FilteringFunctions\FilteringFunctionsF16.c
      Source file:   Source\CommonTables\CommonTables.c
      Source file:   Source\CommonTables\CommonTablesF16.c
      Source file:   Source\InterpolationFunctions\InterpolationFunctionsF16.c
      Include file:  Include\arm_const_structs_f16.h
      Include file:  Include\arm_common_tables_f16.h
      Source file:   Source\BasicMathFunctions\BasicMathFunctions.c
      Source file:   Source\BayesFunctions\BayesFunctions.c
      Source file:   Source\ComplexMathFunctions\ComplexMathFunctions.c
      Source file:   Source\DistanceFunctions\DistanceFunctions.c
      Source file:   Source\BasicMathFunctions\BasicMathFunctionsF16.c
      Source file:   Source\TransformFunctions\TransformFunctionsF16.c
      Source file:   Source\MatrixFunctions\MatrixFunctionsF16.c
      Source file:   Source\InterpolationFunctions\InterpolationFunctions.c
      Include file:  Include\arm_const_structs.h
      Include file:  Include\arm_math_f16.h
      Source file:   Source\ComplexMathFunctions\ComplexMathFunctionsF16.c
      Source file:   Source\FilteringFunctions\FilteringFunctions.c
      Source file:   Source\FastMathFunctions\FastMathFunctions.c
      Source file:   Source\StatisticsFunctions\StatisticsFunctionsF16.c
      Include file:  Include\arm_common_tables.h
      Source file:   Source\MatrixFunctions\MatrixFunctions.c
      Source file:   Source\SupportFunctions\SupportFunctions.c
      Include file:  Include\arm_math.h
      Source file:   Source\QuaternionMathFunctions\QuaternionMathFunctions.c
      Source file:   Source\BayesFunctions\BayesFunctionsF16.c
      Source file:   Source\FastMathFunctions\FastMathFunctionsF16.c
      Source file:   Source\DistanceFunctions\DistanceFunctionsF16.c
      Source file:   Source\SupportFunctions\SupportFunctionsF16.c
      Source file:   Source\SVMFunctions\SVMFunctionsF16.c

   * Component: AnalogDevices::Device:Drivers:DMA:3.2.0
      Source file:   Source\drivers\dma\adi_dma.c
      Include file:  Include\drivers\dma\adi_dma.h

   * Component: AnalogDevices::Device:Drivers:Power:3.2.0
      Source file:   Source\drivers\pwr\adi_pwr.c
      Include file:  Include\config\adi_pwr_config.h
      Include file:  Include\config\adi_global_config.h
      Include file:  Include\drivers\pwr\adi_pwr.h

   * Component: AnalogDevices::Device:Global Configuration:3.2.0
      Include file:  Include\config\adi_global_config.h
      Include file:  Include\config\adi_cycle_counting_config.h

   * Component: AnalogDevices::Device:Startup:3.2.0
      Source file:   Source\ARM\startup_ADuCM3029.s
      Source file:   Source\system_ADuCM3029.c
Build Time Elapsed:  00:00:06
</pre>
</body>
</html>
