<!doctype html public "-//w3c//dtd html 4.0 transitional//en">
<html><head>
<title>Static Call Graph - [.\OUT\ADICUP3029.axf]</title></head>
<body><HR>
<H1>Static Call Graph for image .\OUT\ADICUP3029.axf</H1><HR>
<BR><P>#&#060CALLGRAPH&#062# ARM Linker, 5060960: Last Updated: Tue Dec 24 18:46:16 2024
<BR><P>
<H3>Maximum Stack Usage =        872 bytes + Unknown(Cycles, Untraceable Function Pointers)</H3><H3>
Call chain for Maximum Stack Depth:</H3>
main &rArr; AD5940_Main &rArr; admin &rArr; AppSWVInit &rArr; AppSWVRtiaCal &rArr; AD5940_LPRtiaCal &rArr; AD5940_ComplexPhase &rArr; atan2 &rArr; atan &rArr; __kernel_poly &rArr; __aeabi_dmul &rArr; _double_epilogue &rArr; _double_round
<P>
<H3>
Mutually Recursive functions
</H3> <LI><a href="#[1]">NMI_Handler</a>&nbsp;&nbsp;&nbsp;&rArr;&nbsp;&nbsp;&nbsp;<a href="#[1]">NMI_Handler</a><BR>
 <LI><a href="#[2]">HardFault_Handler</a>&nbsp;&nbsp;&nbsp;&rArr;&nbsp;&nbsp;&nbsp;<a href="#[2]">HardFault_Handler</a><BR>
 <LI><a href="#[3]">MemManage_Handler</a>&nbsp;&nbsp;&nbsp;&rArr;&nbsp;&nbsp;&nbsp;<a href="#[3]">MemManage_Handler</a><BR>
 <LI><a href="#[4]">BusFault_Handler</a>&nbsp;&nbsp;&nbsp;&rArr;&nbsp;&nbsp;&nbsp;<a href="#[4]">BusFault_Handler</a><BR>
 <LI><a href="#[5]">UsageFault_Handler</a>&nbsp;&nbsp;&nbsp;&rArr;&nbsp;&nbsp;&nbsp;<a href="#[5]">UsageFault_Handler</a><BR>
 <LI><a href="#[6]">SVC_Handler</a>&nbsp;&nbsp;&nbsp;&rArr;&nbsp;&nbsp;&nbsp;<a href="#[6]">SVC_Handler</a><BR>
 <LI><a href="#[7]">DebugMon_Handler</a>&nbsp;&nbsp;&nbsp;&rArr;&nbsp;&nbsp;&nbsp;<a href="#[7]">DebugMon_Handler</a><BR>
 <LI><a href="#[8]">PendSV_Handler</a>&nbsp;&nbsp;&nbsp;&rArr;&nbsp;&nbsp;&nbsp;<a href="#[8]">PendSV_Handler</a><BR>
 <LI><a href="#[9]">SysTick_Handler</a>&nbsp;&nbsp;&nbsp;&rArr;&nbsp;&nbsp;&nbsp;<a href="#[9]">SysTick_Handler</a><BR>
 <LI><a href="#[38]">ADC_Int_Handler</a>&nbsp;&nbsp;&nbsp;&rArr;&nbsp;&nbsp;&nbsp;<a href="#[38]">ADC_Int_Handler</a><BR>
 <LI><a href="#[d2]">AppSWVSeqDACCtrlGen</a>&nbsp;&nbsp;&nbsp;&rArr;&nbsp;&nbsp;&nbsp;<a href="#[d2]">AppSWVSeqDACCtrlGen</a><BR>
 <LI><a href="#[81]">AD5940_ClksCalculate</a>&nbsp;&nbsp;&nbsp;&rArr;&nbsp;&nbsp;&nbsp;<a href="#[81]">AD5940_ClksCalculate</a><BR>
 <LI><a href="#[80]">AD5940_Delay10us</a>&nbsp;&nbsp;&nbsp;&rArr;&nbsp;&nbsp;&nbsp;<a href="#[80]">AD5940_Delay10us</a><BR>
 <LI><a href="#[cf]">AppSWVCtrl</a>&nbsp;&nbsp;&nbsp;&rArr;&nbsp;&nbsp;&nbsp;<a href="#[cf]">AppSWVCtrl</a><BR>
</UL>
<P>
<H3>
Function Pointers
</H3><UL>
 <LI><a href="#[38]">ADC_Int_Handler</a> from startup_aducm3029.o(.text) referenced from startup_aducm3029.o(RESET)
 <LI><a href="#[11]">Battery_Voltage_Int_Handler</a> from adi_pwr.o(i.Battery_Voltage_Int_Handler) referenced from startup_aducm3029.o(RESET)
 <LI><a href="#[37]">Beep_Int_Handler</a> from startup_aducm3029.o(.text) referenced from startup_aducm3029.o(RESET)
 <LI><a href="#[4]">BusFault_Handler</a> from startup_aducm3029.o(.text) referenced from startup_aducm3029.o(RESET)
 <LI><a href="#[30]">Crypto_Int_Handler</a> from startup_aducm3029.o(.text) referenced from startup_aducm3029.o(RESET)
 <LI><a href="#[33]">Crystal_osc_Int_Handler</a> from adi_pwr.o(i.Crystal_osc_Int_Handler) referenced from startup_aducm3029.o(RESET)
 <LI><a href="#[31]">DMA_ADC0_Int_Handler</a> from startup_aducm3029.o(.text) referenced from startup_aducm3029.o(RESET)
 <LI><a href="#[2b]">DMA_AES0_IN_Int_Handler</a> from startup_aducm3029.o(.text) referenced from startup_aducm3029.o(RESET)
 <LI><a href="#[2c]">DMA_AES0_OUT_Int_Handler</a> from startup_aducm3029.o(.text) referenced from startup_aducm3029.o(RESET)
 <LI><a href="#[1d]">DMA_Err_Int_Handler</a> from adi_dma.o(i.DMA_Err_Int_Handler) referenced from startup_aducm3029.o(RESET)
 <LI><a href="#[2d]">DMA_FLASH0_Int_Handler</a> from startup_aducm3029.o(.text) referenced from startup_aducm3029.o(RESET)
 <LI><a href="#[2a]">DMA_I2C0_MX_Int_Handler</a> from startup_aducm3029.o(.text) referenced from startup_aducm3029.o(RESET)
 <LI><a href="#[29]">DMA_I2C0_SRX_Int_Handler</a> from startup_aducm3029.o(.text) referenced from startup_aducm3029.o(RESET)
 <LI><a href="#[28]">DMA_I2C0_STX_Int_Handler</a> from startup_aducm3029.o(.text) referenced from startup_aducm3029.o(RESET)
 <LI><a href="#[39]">DMA_SIP0_Int_Handler</a> from startup_aducm3029.o(.text) referenced from startup_aducm3029.o(RESET)
 <LI><a href="#[3a]">DMA_SIP1_Int_Handler</a> from startup_aducm3029.o(.text) referenced from startup_aducm3029.o(RESET)
 <LI><a href="#[3b]">DMA_SIP2_Int_Handler</a> from startup_aducm3029.o(.text) referenced from startup_aducm3029.o(RESET)
 <LI><a href="#[3c]">DMA_SIP3_Int_Handler</a> from startup_aducm3029.o(.text) referenced from startup_aducm3029.o(RESET)
 <LI><a href="#[3d]">DMA_SIP4_Int_Handler</a> from startup_aducm3029.o(.text) referenced from startup_aducm3029.o(RESET)
 <LI><a href="#[3e]">DMA_SIP5_Int_Handler</a> from startup_aducm3029.o(.text) referenced from startup_aducm3029.o(RESET)
 <LI><a href="#[3f]">DMA_SIP6_Int_Handler</a> from startup_aducm3029.o(.text) referenced from startup_aducm3029.o(RESET)
 <LI><a href="#[40]">DMA_SIP7_Int_Handler</a> from startup_aducm3029.o(.text) referenced from startup_aducm3029.o(RESET)
 <LI><a href="#[23]">DMA_SPI0_RX_Int_Handler</a> from startup_aducm3029.o(.text) referenced from startup_aducm3029.o(RESET)
 <LI><a href="#[22]">DMA_SPI0_TX_Int_Handler</a> from startup_aducm3029.o(.text) referenced from startup_aducm3029.o(RESET)
 <LI><a href="#[25]">DMA_SPI1_RX_Int_Handler</a> from startup_aducm3029.o(.text) referenced from startup_aducm3029.o(RESET)
 <LI><a href="#[24]">DMA_SPI1_TX_Int_Handler</a> from startup_aducm3029.o(.text) referenced from startup_aducm3029.o(RESET)
 <LI><a href="#[1f]">DMA_SPI2_RX_Int_Handler</a> from startup_aducm3029.o(.text) referenced from startup_aducm3029.o(RESET)
 <LI><a href="#[1e]">DMA_SPI2_TX_Int_Handler</a> from startup_aducm3029.o(.text) referenced from startup_aducm3029.o(RESET)
 <LI><a href="#[20]">DMA_SPORT0A_Int_Handler</a> from startup_aducm3029.o(.text) referenced from startup_aducm3029.o(RESET)
 <LI><a href="#[21]">DMA_SPORT0B_Int_Handler</a> from startup_aducm3029.o(.text) referenced from startup_aducm3029.o(RESET)
 <LI><a href="#[27]">DMA_UART_RX_Int_Handler</a> from startup_aducm3029.o(.text) referenced from startup_aducm3029.o(RESET)
 <LI><a href="#[26]">DMA_UART_TX_Int_Handler</a> from startup_aducm3029.o(.text) referenced from startup_aducm3029.o(RESET)
 <LI><a href="#[7]">DebugMon_Handler</a> from startup_aducm3029.o(.text) referenced from startup_aducm3029.o(RESET)
 <LI><a href="#[b]">Ext_Int0_Handler</a> from adicup3029port.o(i.Ext_Int0_Handler) referenced from startup_aducm3029.o(RESET)
 <LI><a href="#[c]">Ext_Int1_Handler</a> from startup_aducm3029.o(.text) referenced from startup_aducm3029.o(RESET)
 <LI><a href="#[d]">Ext_Int2_Handler</a> from startup_aducm3029.o(.text) referenced from startup_aducm3029.o(RESET)
 <LI><a href="#[e]">Ext_Int3_Handler</a> from startup_aducm3029.o(.text) referenced from startup_aducm3029.o(RESET)
 <LI><a href="#[17]">Flash0_Int_Handler</a> from startup_aducm3029.o(.text) referenced from startup_aducm3029.o(RESET)
 <LI><a href="#[13]">GPIO_A_Int_Handler</a> from startup_aducm3029.o(.text) referenced from startup_aducm3029.o(RESET)
 <LI><a href="#[14]">GPIO_B_Int_Handler</a> from startup_aducm3029.o(.text) referenced from startup_aducm3029.o(RESET)
 <LI><a href="#[15]">GP_Tmr0_Int_Handler</a> from startup_aducm3029.o(.text) referenced from startup_aducm3029.o(RESET)
 <LI><a href="#[16]">GP_Tmr1_Int_Handler</a> from startup_aducm3029.o(.text) referenced from startup_aducm3029.o(RESET)
 <LI><a href="#[32]">GP_Tmr2_Int_Handler</a> from startup_aducm3029.o(.text) referenced from startup_aducm3029.o(RESET)
 <LI><a href="#[2]">HardFault_Handler</a> from startup_aducm3029.o(.text) referenced from startup_aducm3029.o(RESET)
 <LI><a href="#[1c]">I2C0_Master_Int_Handler</a> from startup_aducm3029.o(.text) referenced from startup_aducm3029.o(RESET)
 <LI><a href="#[1b]">I2C0_Slave_Int_Handler</a> from startup_aducm3029.o(.text) referenced from startup_aducm3029.o(RESET)
 <LI><a href="#[3]">MemManage_Handler</a> from startup_aducm3029.o(.text) referenced from startup_aducm3029.o(RESET)
 <LI><a href="#[1]">NMI_Handler</a> from startup_aducm3029.o(.text) referenced from startup_aducm3029.o(RESET)
 <LI><a href="#[35]">PLL_Int_Handler</a> from adi_pwr.o(i.PLL_Int_Handler) referenced from startup_aducm3029.o(RESET)
 <LI><a href="#[8]">PendSV_Handler</a> from startup_aducm3029.o(.text) referenced from startup_aducm3029.o(RESET)
 <LI><a href="#[36]">RNG_Int_Handler</a> from startup_aducm3029.o(.text) referenced from startup_aducm3029.o(RESET)
 <LI><a href="#[12]">RTC0_Int_Handler</a> from startup_aducm3029.o(.text) referenced from startup_aducm3029.o(RESET)
 <LI><a href="#[a]">RTC1_Int_Handler</a> from startup_aducm3029.o(.text) referenced from startup_aducm3029.o(RESET)
 <LI><a href="#[45]">Reset_Handler</a> from startup_aducm3029.o(.text) referenced from startup_aducm3029.o(RESET)
 <LI><a href="#[19]">SPI0_Int_Handler</a> from startup_aducm3029.o(.text) referenced from startup_aducm3029.o(RESET)
 <LI><a href="#[34]">SPI1_Int_Handler</a> from startup_aducm3029.o(.text) referenced from startup_aducm3029.o(RESET)
 <LI><a href="#[1a]">SPI2_Int_Handler</a> from startup_aducm3029.o(.text) referenced from startup_aducm3029.o(RESET)
 <LI><a href="#[2e]">SPORT0A_Int_Handler</a> from startup_aducm3029.o(.text) referenced from startup_aducm3029.o(RESET)
 <LI><a href="#[2f]">SPORT0B_Int_Handler</a> from startup_aducm3029.o(.text) referenced from startup_aducm3029.o(RESET)
 <LI><a href="#[6]">SVC_Handler</a> from startup_aducm3029.o(.text) referenced from startup_aducm3029.o(RESET)
 <LI><a href="#[9]">SysTick_Handler</a> from startup_aducm3029.o(.text) referenced from startup_aducm3029.o(RESET)
 <LI><a href="#[42]">SystemInit</a> from system_aducm3029.o(i.SystemInit) referenced from startup_aducm3029.o(.text)
 <LI><a href="#[18]">UART_Int_Handler</a> from ad5940main.o(i.UART_Int_Handler) referenced from startup_aducm3029.o(RESET)
 <LI><a href="#[5]">UsageFault_Handler</a> from startup_aducm3029.o(.text) referenced from startup_aducm3029.o(RESET)
 <LI><a href="#[10]">Vreg_over_Int_Handler</a> from adi_pwr.o(i.Vreg_over_Int_Handler) referenced from startup_aducm3029.o(RESET)
 <LI><a href="#[f]">WDog_Tmr_Int_Handler</a> from startup_aducm3029.o(.text) referenced from startup_aducm3029.o(RESET)
 <LI><a href="#[43]">__main</a> from entry.o(.ARM.Collect$$$$00000000) referenced from startup_aducm3029.o(.text)
 <LI><a href="#[44]">fputc</a> from main.o(i.fputc) referenced from printfa.o(i.__0printf)
 <LI><a href="#[41]">main</a> from main.o(i.main) referenced from entry9a.o(.ARM.Collect$$$$0000000B)
</UL>
<P>
<H3>
Global Symbols
</H3>
<P><STRONG><a name="[43]"></a>__main</STRONG> (Thumb, 0 bytes, Stack size unknown bytes, entry.o(.ARM.Collect$$$$00000000))
<BR>[Address Reference Count : 1]<UL><LI> startup_aducm3029.o(.text)
</UL>
<P><STRONG><a name="[f8]"></a>_main_stk</STRONG> (Thumb, 0 bytes, Stack size unknown bytes, entry2.o(.ARM.Collect$$$$00000001))

<P><STRONG><a name="[46]"></a>_main_scatterload</STRONG> (Thumb, 0 bytes, Stack size unknown bytes, entry5.o(.ARM.Collect$$$$00000004))
<BR><BR>[Calls]<UL><LI><a href="#[47]">&gt;&gt;</a>&nbsp;&nbsp;&nbsp;__scatterload
</UL>

<P><STRONG><a name="[63]"></a>__main_after_scatterload</STRONG> (Thumb, 0 bytes, Stack size unknown bytes, entry5.o(.ARM.Collect$$$$00000004))
<BR><BR>[Called By]<UL><LI><a href="#[47]">&gt;&gt;</a>&nbsp;&nbsp;&nbsp;__scatterload
</UL>

<P><STRONG><a name="[f9]"></a>_main_clock</STRONG> (Thumb, 0 bytes, Stack size unknown bytes, entry7b.o(.ARM.Collect$$$$00000008))

<P><STRONG><a name="[fa]"></a>_main_cpp_init</STRONG> (Thumb, 0 bytes, Stack size unknown bytes, entry8b.o(.ARM.Collect$$$$0000000A))

<P><STRONG><a name="[fb]"></a>_main_init</STRONG> (Thumb, 0 bytes, Stack size unknown bytes, entry9a.o(.ARM.Collect$$$$0000000B))

<P><STRONG><a name="[fc]"></a>__rt_lib_shutdown_fini</STRONG> (Thumb, 0 bytes, Stack size unknown bytes, entry12b.o(.ARM.Collect$$$$0000000E))

<P><STRONG><a name="[fd]"></a>__rt_final_cpp</STRONG> (Thumb, 0 bytes, Stack size unknown bytes, entry10a.o(.ARM.Collect$$$$0000000F))

<P><STRONG><a name="[fe]"></a>__rt_final_exit</STRONG> (Thumb, 0 bytes, Stack size unknown bytes, entry11a.o(.ARM.Collect$$$$00000011))

<P><STRONG><a name="[45]"></a>Reset_Handler</STRONG> (Thumb, 8 bytes, Stack size 0 bytes, startup_aducm3029.o(.text))

<P><STRONG><a name="[1]"></a>NMI_Handler</STRONG> (Thumb, 2 bytes, Stack size 0 bytes, startup_aducm3029.o(.text))
<BR><BR>[Calls]<UL><LI><a href="#[1]">&gt;&gt;</a>&nbsp;&nbsp;&nbsp;NMI_Handler
</UL>
<BR>[Called By]<UL><LI><a href="#[1]">&gt;&gt;</a>&nbsp;&nbsp;&nbsp;NMI_Handler
</UL>
<BR>[Address Reference Count : 1]<UL><LI> startup_aducm3029.o(RESET)
</UL>
<P><STRONG><a name="[2]"></a>HardFault_Handler</STRONG> (Thumb, 2 bytes, Stack size 0 bytes, startup_aducm3029.o(.text))
<BR><BR>[Calls]<UL><LI><a href="#[2]">&gt;&gt;</a>&nbsp;&nbsp;&nbsp;HardFault_Handler
</UL>
<BR>[Called By]<UL><LI><a href="#[2]">&gt;&gt;</a>&nbsp;&nbsp;&nbsp;HardFault_Handler
</UL>
<BR>[Address Reference Count : 1]<UL><LI> startup_aducm3029.o(RESET)
</UL>
<P><STRONG><a name="[3]"></a>MemManage_Handler</STRONG> (Thumb, 2 bytes, Stack size 0 bytes, startup_aducm3029.o(.text))
<BR><BR>[Calls]<UL><LI><a href="#[3]">&gt;&gt;</a>&nbsp;&nbsp;&nbsp;MemManage_Handler
</UL>
<BR>[Called By]<UL><LI><a href="#[3]">&gt;&gt;</a>&nbsp;&nbsp;&nbsp;MemManage_Handler
</UL>
<BR>[Address Reference Count : 1]<UL><LI> startup_aducm3029.o(RESET)
</UL>
<P><STRONG><a name="[4]"></a>BusFault_Handler</STRONG> (Thumb, 2 bytes, Stack size 0 bytes, startup_aducm3029.o(.text))
<BR><BR>[Calls]<UL><LI><a href="#[4]">&gt;&gt;</a>&nbsp;&nbsp;&nbsp;BusFault_Handler
</UL>
<BR>[Called By]<UL><LI><a href="#[4]">&gt;&gt;</a>&nbsp;&nbsp;&nbsp;BusFault_Handler
</UL>
<BR>[Address Reference Count : 1]<UL><LI> startup_aducm3029.o(RESET)
</UL>
<P><STRONG><a name="[5]"></a>UsageFault_Handler</STRONG> (Thumb, 2 bytes, Stack size 0 bytes, startup_aducm3029.o(.text))
<BR><BR>[Calls]<UL><LI><a href="#[5]">&gt;&gt;</a>&nbsp;&nbsp;&nbsp;UsageFault_Handler
</UL>
<BR>[Called By]<UL><LI><a href="#[5]">&gt;&gt;</a>&nbsp;&nbsp;&nbsp;UsageFault_Handler
</UL>
<BR>[Address Reference Count : 1]<UL><LI> startup_aducm3029.o(RESET)
</UL>
<P><STRONG><a name="[6]"></a>SVC_Handler</STRONG> (Thumb, 2 bytes, Stack size 0 bytes, startup_aducm3029.o(.text))
<BR><BR>[Calls]<UL><LI><a href="#[6]">&gt;&gt;</a>&nbsp;&nbsp;&nbsp;SVC_Handler
</UL>
<BR>[Called By]<UL><LI><a href="#[6]">&gt;&gt;</a>&nbsp;&nbsp;&nbsp;SVC_Handler
</UL>
<BR>[Address Reference Count : 1]<UL><LI> startup_aducm3029.o(RESET)
</UL>
<P><STRONG><a name="[7]"></a>DebugMon_Handler</STRONG> (Thumb, 2 bytes, Stack size 0 bytes, startup_aducm3029.o(.text))
<BR><BR>[Calls]<UL><LI><a href="#[7]">&gt;&gt;</a>&nbsp;&nbsp;&nbsp;DebugMon_Handler
</UL>
<BR>[Called By]<UL><LI><a href="#[7]">&gt;&gt;</a>&nbsp;&nbsp;&nbsp;DebugMon_Handler
</UL>
<BR>[Address Reference Count : 1]<UL><LI> startup_aducm3029.o(RESET)
</UL>
<P><STRONG><a name="[8]"></a>PendSV_Handler</STRONG> (Thumb, 2 bytes, Stack size 0 bytes, startup_aducm3029.o(.text))
<BR><BR>[Calls]<UL><LI><a href="#[8]">&gt;&gt;</a>&nbsp;&nbsp;&nbsp;PendSV_Handler
</UL>
<BR>[Called By]<UL><LI><a href="#[8]">&gt;&gt;</a>&nbsp;&nbsp;&nbsp;PendSV_Handler
</UL>
<BR>[Address Reference Count : 1]<UL><LI> startup_aducm3029.o(RESET)
</UL>
<P><STRONG><a name="[9]"></a>SysTick_Handler</STRONG> (Thumb, 2 bytes, Stack size 0 bytes, startup_aducm3029.o(.text))
<BR><BR>[Calls]<UL><LI><a href="#[9]">&gt;&gt;</a>&nbsp;&nbsp;&nbsp;SysTick_Handler
</UL>
<BR>[Called By]<UL><LI><a href="#[9]">&gt;&gt;</a>&nbsp;&nbsp;&nbsp;SysTick_Handler
</UL>
<BR>[Address Reference Count : 1]<UL><LI> startup_aducm3029.o(RESET)
</UL>
<P><STRONG><a name="[38]"></a>ADC_Int_Handler</STRONG> (Thumb, 0 bytes, Stack size 0 bytes, startup_aducm3029.o(.text))
<BR><BR>[Calls]<UL><LI><a href="#[38]">&gt;&gt;</a>&nbsp;&nbsp;&nbsp;ADC_Int_Handler
</UL>
<BR>[Called By]<UL><LI><a href="#[38]">&gt;&gt;</a>&nbsp;&nbsp;&nbsp;ADC_Int_Handler
</UL>
<BR>[Address Reference Count : 1]<UL><LI> startup_aducm3029.o(RESET)
</UL>
<P><STRONG><a name="[37]"></a>Beep_Int_Handler</STRONG> (Thumb, 0 bytes, Stack size 0 bytes, startup_aducm3029.o(.text))
<BR>[Address Reference Count : 1]<UL><LI> startup_aducm3029.o(RESET)
</UL>
<P><STRONG><a name="[30]"></a>Crypto_Int_Handler</STRONG> (Thumb, 0 bytes, Stack size 0 bytes, startup_aducm3029.o(.text))
<BR>[Address Reference Count : 1]<UL><LI> startup_aducm3029.o(RESET)
</UL>
<P><STRONG><a name="[31]"></a>DMA_ADC0_Int_Handler</STRONG> (Thumb, 0 bytes, Stack size 0 bytes, startup_aducm3029.o(.text))
<BR>[Address Reference Count : 1]<UL><LI> startup_aducm3029.o(RESET)
</UL>
<P><STRONG><a name="[2b]"></a>DMA_AES0_IN_Int_Handler</STRONG> (Thumb, 0 bytes, Stack size 0 bytes, startup_aducm3029.o(.text))
<BR>[Address Reference Count : 1]<UL><LI> startup_aducm3029.o(RESET)
</UL>
<P><STRONG><a name="[2c]"></a>DMA_AES0_OUT_Int_Handler</STRONG> (Thumb, 0 bytes, Stack size 0 bytes, startup_aducm3029.o(.text))
<BR>[Address Reference Count : 1]<UL><LI> startup_aducm3029.o(RESET)
</UL>
<P><STRONG><a name="[2d]"></a>DMA_FLASH0_Int_Handler</STRONG> (Thumb, 0 bytes, Stack size 0 bytes, startup_aducm3029.o(.text))
<BR>[Address Reference Count : 1]<UL><LI> startup_aducm3029.o(RESET)
</UL>
<P><STRONG><a name="[2a]"></a>DMA_I2C0_MX_Int_Handler</STRONG> (Thumb, 0 bytes, Stack size 0 bytes, startup_aducm3029.o(.text))
<BR>[Address Reference Count : 1]<UL><LI> startup_aducm3029.o(RESET)
</UL>
<P><STRONG><a name="[29]"></a>DMA_I2C0_SRX_Int_Handler</STRONG> (Thumb, 0 bytes, Stack size 0 bytes, startup_aducm3029.o(.text))
<BR>[Address Reference Count : 1]<UL><LI> startup_aducm3029.o(RESET)
</UL>
<P><STRONG><a name="[28]"></a>DMA_I2C0_STX_Int_Handler</STRONG> (Thumb, 0 bytes, Stack size 0 bytes, startup_aducm3029.o(.text))
<BR>[Address Reference Count : 1]<UL><LI> startup_aducm3029.o(RESET)
</UL>
<P><STRONG><a name="[39]"></a>DMA_SIP0_Int_Handler</STRONG> (Thumb, 0 bytes, Stack size 0 bytes, startup_aducm3029.o(.text))
<BR>[Address Reference Count : 1]<UL><LI> startup_aducm3029.o(RESET)
</UL>
<P><STRONG><a name="[3a]"></a>DMA_SIP1_Int_Handler</STRONG> (Thumb, 0 bytes, Stack size 0 bytes, startup_aducm3029.o(.text))
<BR>[Address Reference Count : 1]<UL><LI> startup_aducm3029.o(RESET)
</UL>
<P><STRONG><a name="[3b]"></a>DMA_SIP2_Int_Handler</STRONG> (Thumb, 0 bytes, Stack size 0 bytes, startup_aducm3029.o(.text))
<BR>[Address Reference Count : 1]<UL><LI> startup_aducm3029.o(RESET)
</UL>
<P><STRONG><a name="[3c]"></a>DMA_SIP3_Int_Handler</STRONG> (Thumb, 0 bytes, Stack size 0 bytes, startup_aducm3029.o(.text))
<BR>[Address Reference Count : 1]<UL><LI> startup_aducm3029.o(RESET)
</UL>
<P><STRONG><a name="[3d]"></a>DMA_SIP4_Int_Handler</STRONG> (Thumb, 0 bytes, Stack size 0 bytes, startup_aducm3029.o(.text))
<BR>[Address Reference Count : 1]<UL><LI> startup_aducm3029.o(RESET)
</UL>
<P><STRONG><a name="[3e]"></a>DMA_SIP5_Int_Handler</STRONG> (Thumb, 0 bytes, Stack size 0 bytes, startup_aducm3029.o(.text))
<BR>[Address Reference Count : 1]<UL><LI> startup_aducm3029.o(RESET)
</UL>
<P><STRONG><a name="[3f]"></a>DMA_SIP6_Int_Handler</STRONG> (Thumb, 0 bytes, Stack size 0 bytes, startup_aducm3029.o(.text))
<BR>[Address Reference Count : 1]<UL><LI> startup_aducm3029.o(RESET)
</UL>
<P><STRONG><a name="[40]"></a>DMA_SIP7_Int_Handler</STRONG> (Thumb, 0 bytes, Stack size 0 bytes, startup_aducm3029.o(.text))
<BR>[Address Reference Count : 1]<UL><LI> startup_aducm3029.o(RESET)
</UL>
<P><STRONG><a name="[23]"></a>DMA_SPI0_RX_Int_Handler</STRONG> (Thumb, 0 bytes, Stack size 0 bytes, startup_aducm3029.o(.text))
<BR>[Address Reference Count : 1]<UL><LI> startup_aducm3029.o(RESET)
</UL>
<P><STRONG><a name="[22]"></a>DMA_SPI0_TX_Int_Handler</STRONG> (Thumb, 0 bytes, Stack size 0 bytes, startup_aducm3029.o(.text))
<BR>[Address Reference Count : 1]<UL><LI> startup_aducm3029.o(RESET)
</UL>
<P><STRONG><a name="[25]"></a>DMA_SPI1_RX_Int_Handler</STRONG> (Thumb, 0 bytes, Stack size 0 bytes, startup_aducm3029.o(.text))
<BR>[Address Reference Count : 1]<UL><LI> startup_aducm3029.o(RESET)
</UL>
<P><STRONG><a name="[24]"></a>DMA_SPI1_TX_Int_Handler</STRONG> (Thumb, 0 bytes, Stack size 0 bytes, startup_aducm3029.o(.text))
<BR>[Address Reference Count : 1]<UL><LI> startup_aducm3029.o(RESET)
</UL>
<P><STRONG><a name="[1f]"></a>DMA_SPI2_RX_Int_Handler</STRONG> (Thumb, 0 bytes, Stack size 0 bytes, startup_aducm3029.o(.text))
<BR>[Address Reference Count : 1]<UL><LI> startup_aducm3029.o(RESET)
</UL>
<P><STRONG><a name="[1e]"></a>DMA_SPI2_TX_Int_Handler</STRONG> (Thumb, 0 bytes, Stack size 0 bytes, startup_aducm3029.o(.text))
<BR>[Address Reference Count : 1]<UL><LI> startup_aducm3029.o(RESET)
</UL>
<P><STRONG><a name="[20]"></a>DMA_SPORT0A_Int_Handler</STRONG> (Thumb, 0 bytes, Stack size 0 bytes, startup_aducm3029.o(.text))
<BR>[Address Reference Count : 1]<UL><LI> startup_aducm3029.o(RESET)
</UL>
<P><STRONG><a name="[21]"></a>DMA_SPORT0B_Int_Handler</STRONG> (Thumb, 0 bytes, Stack size 0 bytes, startup_aducm3029.o(.text))
<BR>[Address Reference Count : 1]<UL><LI> startup_aducm3029.o(RESET)
</UL>
<P><STRONG><a name="[27]"></a>DMA_UART_RX_Int_Handler</STRONG> (Thumb, 0 bytes, Stack size 0 bytes, startup_aducm3029.o(.text))
<BR>[Address Reference Count : 1]<UL><LI> startup_aducm3029.o(RESET)
</UL>
<P><STRONG><a name="[26]"></a>DMA_UART_TX_Int_Handler</STRONG> (Thumb, 0 bytes, Stack size 0 bytes, startup_aducm3029.o(.text))
<BR>[Address Reference Count : 1]<UL><LI> startup_aducm3029.o(RESET)
</UL>
<P><STRONG><a name="[c]"></a>Ext_Int1_Handler</STRONG> (Thumb, 0 bytes, Stack size 0 bytes, startup_aducm3029.o(.text))
<BR>[Address Reference Count : 1]<UL><LI> startup_aducm3029.o(RESET)
</UL>
<P><STRONG><a name="[d]"></a>Ext_Int2_Handler</STRONG> (Thumb, 0 bytes, Stack size 0 bytes, startup_aducm3029.o(.text))
<BR>[Address Reference Count : 1]<UL><LI> startup_aducm3029.o(RESET)
</UL>
<P><STRONG><a name="[e]"></a>Ext_Int3_Handler</STRONG> (Thumb, 0 bytes, Stack size 0 bytes, startup_aducm3029.o(.text))
<BR>[Address Reference Count : 1]<UL><LI> startup_aducm3029.o(RESET)
</UL>
<P><STRONG><a name="[17]"></a>Flash0_Int_Handler</STRONG> (Thumb, 0 bytes, Stack size 0 bytes, startup_aducm3029.o(.text))
<BR>[Address Reference Count : 1]<UL><LI> startup_aducm3029.o(RESET)
</UL>
<P><STRONG><a name="[13]"></a>GPIO_A_Int_Handler</STRONG> (Thumb, 0 bytes, Stack size 0 bytes, startup_aducm3029.o(.text))
<BR>[Address Reference Count : 1]<UL><LI> startup_aducm3029.o(RESET)
</UL>
<P><STRONG><a name="[14]"></a>GPIO_B_Int_Handler</STRONG> (Thumb, 0 bytes, Stack size 0 bytes, startup_aducm3029.o(.text))
<BR>[Address Reference Count : 1]<UL><LI> startup_aducm3029.o(RESET)
</UL>
<P><STRONG><a name="[15]"></a>GP_Tmr0_Int_Handler</STRONG> (Thumb, 0 bytes, Stack size 0 bytes, startup_aducm3029.o(.text))
<BR>[Address Reference Count : 1]<UL><LI> startup_aducm3029.o(RESET)
</UL>
<P><STRONG><a name="[16]"></a>GP_Tmr1_Int_Handler</STRONG> (Thumb, 0 bytes, Stack size 0 bytes, startup_aducm3029.o(.text))
<BR>[Address Reference Count : 1]<UL><LI> startup_aducm3029.o(RESET)
</UL>
<P><STRONG><a name="[32]"></a>GP_Tmr2_Int_Handler</STRONG> (Thumb, 0 bytes, Stack size 0 bytes, startup_aducm3029.o(.text))
<BR>[Address Reference Count : 1]<UL><LI> startup_aducm3029.o(RESET)
</UL>
<P><STRONG><a name="[1c]"></a>I2C0_Master_Int_Handler</STRONG> (Thumb, 0 bytes, Stack size 0 bytes, startup_aducm3029.o(.text))
<BR>[Address Reference Count : 1]<UL><LI> startup_aducm3029.o(RESET)
</UL>
<P><STRONG><a name="[1b]"></a>I2C0_Slave_Int_Handler</STRONG> (Thumb, 0 bytes, Stack size 0 bytes, startup_aducm3029.o(.text))
<BR>[Address Reference Count : 1]<UL><LI> startup_aducm3029.o(RESET)
</UL>
<P><STRONG><a name="[36]"></a>RNG_Int_Handler</STRONG> (Thumb, 0 bytes, Stack size 0 bytes, startup_aducm3029.o(.text))
<BR>[Address Reference Count : 1]<UL><LI> startup_aducm3029.o(RESET)
</UL>
<P><STRONG><a name="[12]"></a>RTC0_Int_Handler</STRONG> (Thumb, 0 bytes, Stack size 0 bytes, startup_aducm3029.o(.text))
<BR>[Address Reference Count : 1]<UL><LI> startup_aducm3029.o(RESET)
</UL>
<P><STRONG><a name="[a]"></a>RTC1_Int_Handler</STRONG> (Thumb, 0 bytes, Stack size 0 bytes, startup_aducm3029.o(.text))
<BR>[Address Reference Count : 1]<UL><LI> startup_aducm3029.o(RESET)
</UL>
<P><STRONG><a name="[19]"></a>SPI0_Int_Handler</STRONG> (Thumb, 0 bytes, Stack size 0 bytes, startup_aducm3029.o(.text))
<BR>[Address Reference Count : 1]<UL><LI> startup_aducm3029.o(RESET)
</UL>
<P><STRONG><a name="[34]"></a>SPI1_Int_Handler</STRONG> (Thumb, 0 bytes, Stack size 0 bytes, startup_aducm3029.o(.text))
<BR>[Address Reference Count : 1]<UL><LI> startup_aducm3029.o(RESET)
</UL>
<P><STRONG><a name="[1a]"></a>SPI2_Int_Handler</STRONG> (Thumb, 0 bytes, Stack size 0 bytes, startup_aducm3029.o(.text))
<BR>[Address Reference Count : 1]<UL><LI> startup_aducm3029.o(RESET)
</UL>
<P><STRONG><a name="[2e]"></a>SPORT0A_Int_Handler</STRONG> (Thumb, 0 bytes, Stack size 0 bytes, startup_aducm3029.o(.text))
<BR>[Address Reference Count : 1]<UL><LI> startup_aducm3029.o(RESET)
</UL>
<P><STRONG><a name="[2f]"></a>SPORT0B_Int_Handler</STRONG> (Thumb, 0 bytes, Stack size 0 bytes, startup_aducm3029.o(.text))
<BR>[Address Reference Count : 1]<UL><LI> startup_aducm3029.o(RESET)
</UL>
<P><STRONG><a name="[f]"></a>WDog_Tmr_Int_Handler</STRONG> (Thumb, 0 bytes, Stack size 0 bytes, startup_aducm3029.o(.text))
<BR>[Address Reference Count : 1]<UL><LI> startup_aducm3029.o(RESET)
</UL>
<P><STRONG><a name="[48]"></a>__aeabi_uldivmod</STRONG> (Thumb, 98 bytes, Stack size 40 bytes, uldiv.o(.text))
<BR><BR>[Stack]<UL><LI>Max Depth = 40<LI>Call Chain = __aeabi_uldivmod
</UL>
<BR>[Calls]<UL><LI><a href="#[49]">&gt;&gt;</a>&nbsp;&nbsp;&nbsp;__aeabi_llsr
<LI><a href="#[4a]">&gt;&gt;</a>&nbsp;&nbsp;&nbsp;__aeabi_llsl
</UL>
<BR>[Called By]<UL><LI><a href="#[df]">&gt;&gt;</a>&nbsp;&nbsp;&nbsp;UrtCfg
<LI><a href="#[e7]">&gt;&gt;</a>&nbsp;&nbsp;&nbsp;_printf_core
<LI><a href="#[ed]">&gt;&gt;</a>&nbsp;&nbsp;&nbsp;_fp_digits
</UL>

<P><STRONG><a name="[4a]"></a>__aeabi_llsl</STRONG> (Thumb, 30 bytes, Stack size 0 bytes, llshl.o(.text))
<BR><BR>[Called By]<UL><LI><a href="#[54]">&gt;&gt;</a>&nbsp;&nbsp;&nbsp;__aeabi_dadd
<LI><a href="#[b7]">&gt;&gt;</a>&nbsp;&nbsp;&nbsp;AD5940_WGFreqWordCal
<LI><a href="#[48]">&gt;&gt;</a>&nbsp;&nbsp;&nbsp;__aeabi_uldivmod
<LI><a href="#[56]">&gt;&gt;</a>&nbsp;&nbsp;&nbsp;_double_epilogue
<LI><a href="#[62]">&gt;&gt;</a>&nbsp;&nbsp;&nbsp;__aeabi_d2ulz
</UL>

<P><STRONG><a name="[ff]"></a>_ll_shift_l</STRONG> (Thumb, 0 bytes, Stack size 0 bytes, llshl.o(.text), UNUSED)

<P><STRONG><a name="[55]"></a>__aeabi_lasr</STRONG> (Thumb, 36 bytes, Stack size 0 bytes, llsshr.o(.text))
<BR><BR>[Called By]<UL><LI><a href="#[54]">&gt;&gt;</a>&nbsp;&nbsp;&nbsp;__aeabi_dadd
</UL>

<P><STRONG><a name="[100]"></a>_ll_sshift_r</STRONG> (Thumb, 0 bytes, Stack size 0 bytes, llsshr.o(.text), UNUSED)

<P><STRONG><a name="[101]"></a>__aeabi_memcpy</STRONG> (Thumb, 36 bytes, Stack size 0 bytes, memcpya.o(.text), UNUSED)

<P><STRONG><a name="[82]"></a>__aeabi_memcpy4</STRONG> (Thumb, 0 bytes, Stack size 0 bytes, memcpya.o(.text))
<BR><BR>[Called By]<UL><LI><a href="#[af]">&gt;&gt;</a>&nbsp;&nbsp;&nbsp;AD5940_LPRtiaCal
<LI><a href="#[66]">&gt;&gt;</a>&nbsp;&nbsp;&nbsp;AD5940_Initialize
<LI><a href="#[81]">&gt;&gt;</a>&nbsp;&nbsp;&nbsp;AD5940_ClksCalculate
</UL>

<P><STRONG><a name="[102]"></a>__aeabi_memcpy8</STRONG> (Thumb, 0 bytes, Stack size 0 bytes, memcpya.o(.text), UNUSED)

<P><STRONG><a name="[4c]"></a>__aeabi_memset</STRONG> (Thumb, 14 bytes, Stack size 0 bytes, memseta.o(.text))
<BR><BR>[Called By]<UL><LI><a href="#[4d]">&gt;&gt;</a>&nbsp;&nbsp;&nbsp;_memset$wrapper
<LI><a href="#[4b]">&gt;&gt;</a>&nbsp;&nbsp;&nbsp;__aeabi_memclr
</UL>

<P><STRONG><a name="[103]"></a>__aeabi_memset4</STRONG> (Thumb, 0 bytes, Stack size 0 bytes, memseta.o(.text), UNUSED)

<P><STRONG><a name="[104]"></a>__aeabi_memset8</STRONG> (Thumb, 0 bytes, Stack size 0 bytes, memseta.o(.text), UNUSED)

<P><STRONG><a name="[4b]"></a>__aeabi_memclr</STRONG> (Thumb, 4 bytes, Stack size 0 bytes, memseta.o(.text))
<BR><BR>[Calls]<UL><LI><a href="#[4c]">&gt;&gt;</a>&nbsp;&nbsp;&nbsp;__aeabi_memset
</UL>
<BR>[Called By]<UL><LI><a href="#[b4]">&gt;&gt;</a>&nbsp;&nbsp;&nbsp;AD5940_StructInit
</UL>

<P><STRONG><a name="[bd]"></a>__aeabi_memclr4</STRONG> (Thumb, 0 bytes, Stack size 0 bytes, memseta.o(.text))
<BR><BR>[Called By]<UL><LI><a href="#[ba]">&gt;&gt;</a>&nbsp;&nbsp;&nbsp;AD5940_Main
</UL>

<P><STRONG><a name="[105]"></a>__aeabi_memclr8</STRONG> (Thumb, 0 bytes, Stack size 0 bytes, memseta.o(.text), UNUSED)

<P><STRONG><a name="[4d]"></a>_memset$wrapper</STRONG> (Thumb, 18 bytes, Stack size 8 bytes, memseta.o(.text), UNUSED)
<BR><BR>[Calls]<UL><LI><a href="#[4c]">&gt;&gt;</a>&nbsp;&nbsp;&nbsp;__aeabi_memset
</UL>

<P><STRONG><a name="[bb]"></a>strstr</STRONG> (Thumb, 36 bytes, Stack size 12 bytes, strstr.o(.text))
<BR><BR>[Stack]<UL><LI>Max Depth = 12<LI>Call Chain = strstr
</UL>
<BR>[Called By]<UL><LI><a href="#[ba]">&gt;&gt;</a>&nbsp;&nbsp;&nbsp;AD5940_Main
</UL>

<P><STRONG><a name="[e5]"></a>strcspn</STRONG> (Thumb, 34 bytes, Stack size 12 bytes, strcspn.o(.text))
<BR><BR>[Stack]<UL><LI>Max Depth = 12<LI>Call Chain = strcspn
</UL>
<BR>[Called By]<UL><LI><a href="#[18]">&gt;&gt;</a>&nbsp;&nbsp;&nbsp;UART_Int_Handler
</UL>

<P><STRONG><a name="[4e]"></a>__aeabi_fadd</STRONG> (Thumb, 164 bytes, Stack size 16 bytes, fadd.o(.text))
<BR><BR>[Stack]<UL><LI>Max Depth = 20<LI>Call Chain = __aeabi_fadd &rArr; _float_epilogue
</UL>
<BR>[Calls]<UL><LI><a href="#[50]">&gt;&gt;</a>&nbsp;&nbsp;&nbsp;_float_round
<LI><a href="#[4f]">&gt;&gt;</a>&nbsp;&nbsp;&nbsp;_float_epilogue
</UL>
<BR>[Called By]<UL><LI><a href="#[52]">&gt;&gt;</a>&nbsp;&nbsp;&nbsp;__aeabi_frsub
<LI><a href="#[dc]">&gt;&gt;</a>&nbsp;&nbsp;&nbsp;RampDacRegUpdate
<LI><a href="#[e2]">&gt;&gt;</a>&nbsp;&nbsp;&nbsp;moving_window
<LI><a href="#[e1]">&gt;&gt;</a>&nbsp;&nbsp;&nbsp;golay
<LI><a href="#[e3]">&gt;&gt;</a>&nbsp;&nbsp;&nbsp;fit_cubic_fun
<LI><a href="#[e0]">&gt;&gt;</a>&nbsp;&nbsp;&nbsp;RampShowResult
<LI><a href="#[51]">&gt;&gt;</a>&nbsp;&nbsp;&nbsp;__aeabi_fsub
<LI><a href="#[b7]">&gt;&gt;</a>&nbsp;&nbsp;&nbsp;AD5940_WGFreqWordCal
<LI><a href="#[af]">&gt;&gt;</a>&nbsp;&nbsp;&nbsp;AD5940_LPRtiaCal
<LI><a href="#[6d]">&gt;&gt;</a>&nbsp;&nbsp;&nbsp;AD5940_LFOSCMeasure
<LI><a href="#[87]">&gt;&gt;</a>&nbsp;&nbsp;&nbsp;AD5940_ComplexMag
<LI><a href="#[86]">&gt;&gt;</a>&nbsp;&nbsp;&nbsp;AD5940_ComplexDivInt
<LI><a href="#[81]">&gt;&gt;</a>&nbsp;&nbsp;&nbsp;AD5940_ClksCalculate
</UL>

<P><STRONG><a name="[51]"></a>__aeabi_fsub</STRONG> (Thumb, 6 bytes, Stack size 0 bytes, fadd.o(.text))
<BR><BR>[Stack]<UL><LI>Max Depth = 20<LI>Call Chain = __aeabi_fsub &rArr; __aeabi_fadd &rArr; _float_epilogue
</UL>
<BR>[Calls]<UL><LI><a href="#[4e]">&gt;&gt;</a>&nbsp;&nbsp;&nbsp;__aeabi_fadd
</UL>
<BR>[Called By]<UL><LI><a href="#[dc]">&gt;&gt;</a>&nbsp;&nbsp;&nbsp;RampDacRegUpdate
<LI><a href="#[d7]">&gt;&gt;</a>&nbsp;&nbsp;&nbsp;AppSWVSeqInitGen
<LI><a href="#[d2]">&gt;&gt;</a>&nbsp;&nbsp;&nbsp;AppSWVSeqDACCtrlGen
<LI><a href="#[e3]">&gt;&gt;</a>&nbsp;&nbsp;&nbsp;fit_cubic_fun
<LI><a href="#[cf]">&gt;&gt;</a>&nbsp;&nbsp;&nbsp;AppSWVCtrl
<LI><a href="#[e0]">&gt;&gt;</a>&nbsp;&nbsp;&nbsp;RampShowResult
<LI><a href="#[86]">&gt;&gt;</a>&nbsp;&nbsp;&nbsp;AD5940_ComplexDivInt
</UL>

<P><STRONG><a name="[52]"></a>__aeabi_frsub</STRONG> (Thumb, 6 bytes, Stack size 0 bytes, fadd.o(.text))
<BR><BR>[Stack]<UL><LI>Max Depth = 20<LI>Call Chain = __aeabi_frsub &rArr; __aeabi_fadd &rArr; _float_epilogue
</UL>
<BR>[Calls]<UL><LI><a href="#[4e]">&gt;&gt;</a>&nbsp;&nbsp;&nbsp;__aeabi_fadd
</UL>
<BR>[Called By]<UL><LI><a href="#[e3]">&gt;&gt;</a>&nbsp;&nbsp;&nbsp;fit_cubic_fun
</UL>

<P><STRONG><a name="[75]"></a>__aeabi_fmul</STRONG> (Thumb, 100 bytes, Stack size 8 bytes, fmul.o(.text))
<BR><BR>[Stack]<UL><LI>Max Depth = 8<LI>Call Chain = __aeabi_fmul
</UL>
<BR>[Called By]<UL><LI><a href="#[dc]">&gt;&gt;</a>&nbsp;&nbsp;&nbsp;RampDacRegUpdate
<LI><a href="#[d2]">&gt;&gt;</a>&nbsp;&nbsp;&nbsp;AppSWVSeqDACCtrlGen
<LI><a href="#[d5]">&gt;&gt;</a>&nbsp;&nbsp;&nbsp;AppSWVRtiaCal
<LI><a href="#[d0]">&gt;&gt;</a>&nbsp;&nbsp;&nbsp;AppSWVDataProcess
<LI><a href="#[e1]">&gt;&gt;</a>&nbsp;&nbsp;&nbsp;golay
<LI><a href="#[e3]">&gt;&gt;</a>&nbsp;&nbsp;&nbsp;fit_cubic_fun
<LI><a href="#[cf]">&gt;&gt;</a>&nbsp;&nbsp;&nbsp;AppSWVCtrl
<LI><a href="#[b7]">&gt;&gt;</a>&nbsp;&nbsp;&nbsp;AD5940_WGFreqWordCal
<LI><a href="#[af]">&gt;&gt;</a>&nbsp;&nbsp;&nbsp;AD5940_LPRtiaCal
<LI><a href="#[6d]">&gt;&gt;</a>&nbsp;&nbsp;&nbsp;AD5940_LFOSCMeasure
<LI><a href="#[87]">&gt;&gt;</a>&nbsp;&nbsp;&nbsp;AD5940_ComplexMag
<LI><a href="#[86]">&gt;&gt;</a>&nbsp;&nbsp;&nbsp;AD5940_ComplexDivInt
<LI><a href="#[81]">&gt;&gt;</a>&nbsp;&nbsp;&nbsp;AD5940_ClksCalculate
<LI><a href="#[74]">&gt;&gt;</a>&nbsp;&nbsp;&nbsp;AD5940_ADCCode2Volt
</UL>

<P><STRONG><a name="[53]"></a>__aeabi_fdiv</STRONG> (Thumb, 124 bytes, Stack size 8 bytes, fdiv.o(.text))
<BR><BR>[Stack]<UL><LI>Max Depth = 8<LI>Call Chain = __aeabi_fdiv
</UL>
<BR>[Calls]<UL><LI><a href="#[50]">&gt;&gt;</a>&nbsp;&nbsp;&nbsp;_float_round
</UL>
<BR>[Called By]<UL><LI><a href="#[dc]">&gt;&gt;</a>&nbsp;&nbsp;&nbsp;RampDacRegUpdate
<LI><a href="#[d7]">&gt;&gt;</a>&nbsp;&nbsp;&nbsp;AppSWVSeqInitGen
<LI><a href="#[d2]">&gt;&gt;</a>&nbsp;&nbsp;&nbsp;AppSWVSeqDACCtrlGen
<LI><a href="#[d8]">&gt;&gt;</a>&nbsp;&nbsp;&nbsp;AppSWVSeqADCCtrlGen
<LI><a href="#[d5]">&gt;&gt;</a>&nbsp;&nbsp;&nbsp;AppSWVRtiaCal
<LI><a href="#[d0]">&gt;&gt;</a>&nbsp;&nbsp;&nbsp;AppSWVDataProcess
<LI><a href="#[e2]">&gt;&gt;</a>&nbsp;&nbsp;&nbsp;moving_window
<LI><a href="#[e3]">&gt;&gt;</a>&nbsp;&nbsp;&nbsp;fit_cubic_fun
<LI><a href="#[d1]">&gt;&gt;</a>&nbsp;&nbsp;&nbsp;AppSWVISR
<LI><a href="#[cf]">&gt;&gt;</a>&nbsp;&nbsp;&nbsp;AppSWVCtrl
<LI><a href="#[70]">&gt;&gt;</a>&nbsp;&nbsp;&nbsp;AD5940RampStructInit
<LI><a href="#[b7]">&gt;&gt;</a>&nbsp;&nbsp;&nbsp;AD5940_WGFreqWordCal
<LI><a href="#[af]">&gt;&gt;</a>&nbsp;&nbsp;&nbsp;AD5940_LPRtiaCal
<LI><a href="#[6d]">&gt;&gt;</a>&nbsp;&nbsp;&nbsp;AD5940_LFOSCMeasure
<LI><a href="#[86]">&gt;&gt;</a>&nbsp;&nbsp;&nbsp;AD5940_ComplexDivInt
<LI><a href="#[74]">&gt;&gt;</a>&nbsp;&nbsp;&nbsp;AD5940_ADCCode2Volt
</UL>

<P><STRONG><a name="[54]"></a>__aeabi_dadd</STRONG> (Thumb, 322 bytes, Stack size 48 bytes, dadd.o(.text))
<BR><BR>[Stack]<UL><LI>Max Depth = 88<LI>Call Chain = __aeabi_dadd &rArr; _double_epilogue &rArr; _double_round
</UL>
<BR>[Calls]<UL><LI><a href="#[57]">&gt;&gt;</a>&nbsp;&nbsp;&nbsp;_double_round
<LI><a href="#[56]">&gt;&gt;</a>&nbsp;&nbsp;&nbsp;_double_epilogue
<LI><a href="#[55]">&gt;&gt;</a>&nbsp;&nbsp;&nbsp;__aeabi_lasr
<LI><a href="#[4a]">&gt;&gt;</a>&nbsp;&nbsp;&nbsp;__aeabi_llsl
</UL>
<BR>[Called By]<UL><LI><a href="#[59]">&gt;&gt;</a>&nbsp;&nbsp;&nbsp;__aeabi_drsub
<LI><a href="#[58]">&gt;&gt;</a>&nbsp;&nbsp;&nbsp;__aeabi_dsub
<LI><a href="#[e8]">&gt;&gt;</a>&nbsp;&nbsp;&nbsp;__kernel_poly
<LI><a href="#[eb]">&gt;&gt;</a>&nbsp;&nbsp;&nbsp;__mathlib_dbl_infnan2
<LI><a href="#[f2]">&gt;&gt;</a>&nbsp;&nbsp;&nbsp;atan
<LI><a href="#[ed]">&gt;&gt;</a>&nbsp;&nbsp;&nbsp;_fp_digits
</UL>

<P><STRONG><a name="[58]"></a>__aeabi_dsub</STRONG> (Thumb, 6 bytes, Stack size 0 bytes, dadd.o(.text))
<BR><BR>[Stack]<UL><LI>Max Depth = 88<LI>Call Chain = __aeabi_dsub &rArr; __aeabi_dadd &rArr; _double_epilogue &rArr; _double_round
</UL>
<BR>[Calls]<UL><LI><a href="#[54]">&gt;&gt;</a>&nbsp;&nbsp;&nbsp;__aeabi_dadd
</UL>
<BR>[Called By]<UL><LI><a href="#[8a]">&gt;&gt;</a>&nbsp;&nbsp;&nbsp;atan2
<LI><a href="#[f2]">&gt;&gt;</a>&nbsp;&nbsp;&nbsp;atan
</UL>

<P><STRONG><a name="[59]"></a>__aeabi_drsub</STRONG> (Thumb, 6 bytes, Stack size 0 bytes, dadd.o(.text))
<BR><BR>[Stack]<UL><LI>Max Depth = 88<LI>Call Chain = __aeabi_drsub &rArr; __aeabi_dadd &rArr; _double_epilogue &rArr; _double_round
</UL>
<BR>[Calls]<UL><LI><a href="#[54]">&gt;&gt;</a>&nbsp;&nbsp;&nbsp;__aeabi_dadd
</UL>
<BR>[Called By]<UL><LI><a href="#[8a]">&gt;&gt;</a>&nbsp;&nbsp;&nbsp;atan2
<LI><a href="#[f2]">&gt;&gt;</a>&nbsp;&nbsp;&nbsp;atan
</UL>

<P><STRONG><a name="[5a]"></a>__aeabi_dmul</STRONG> (Thumb, 228 bytes, Stack size 48 bytes, dmul.o(.text))
<BR><BR>[Stack]<UL><LI>Max Depth = 88<LI>Call Chain = __aeabi_dmul &rArr; _double_epilogue &rArr; _double_round
</UL>
<BR>[Calls]<UL><LI><a href="#[56]">&gt;&gt;</a>&nbsp;&nbsp;&nbsp;_double_epilogue
</UL>
<BR>[Called By]<UL><LI><a href="#[af]">&gt;&gt;</a>&nbsp;&nbsp;&nbsp;AD5940_LPRtiaCal
<LI><a href="#[e8]">&gt;&gt;</a>&nbsp;&nbsp;&nbsp;__kernel_poly
<LI><a href="#[f2]">&gt;&gt;</a>&nbsp;&nbsp;&nbsp;atan
<LI><a href="#[ed]">&gt;&gt;</a>&nbsp;&nbsp;&nbsp;_fp_digits
</UL>

<P><STRONG><a name="[5b]"></a>__aeabi_ddiv</STRONG> (Thumb, 222 bytes, Stack size 32 bytes, ddiv.o(.text))
<BR><BR>[Stack]<UL><LI>Max Depth = 40<LI>Call Chain = __aeabi_ddiv &rArr; _double_round
</UL>
<BR>[Calls]<UL><LI><a href="#[57]">&gt;&gt;</a>&nbsp;&nbsp;&nbsp;_double_round
</UL>
<BR>[Called By]<UL><LI><a href="#[af]">&gt;&gt;</a>&nbsp;&nbsp;&nbsp;AD5940_LPRtiaCal
<LI><a href="#[8a]">&gt;&gt;</a>&nbsp;&nbsp;&nbsp;atan2
<LI><a href="#[f2]">&gt;&gt;</a>&nbsp;&nbsp;&nbsp;atan
<LI><a href="#[ed]">&gt;&gt;</a>&nbsp;&nbsp;&nbsp;_fp_digits
</UL>

<P><STRONG><a name="[5c]"></a>__aeabi_i2f</STRONG> (Thumb, 18 bytes, Stack size 0 bytes, fflti.o(.text))
<BR><BR>[Stack]<UL><LI>Max Depth = 4<LI>Call Chain = __aeabi_i2f &rArr; _float_epilogue
</UL>
<BR>[Calls]<UL><LI><a href="#[4f]">&gt;&gt;</a>&nbsp;&nbsp;&nbsp;_float_epilogue
</UL>
<BR>[Called By]<UL><LI><a href="#[e2]">&gt;&gt;</a>&nbsp;&nbsp;&nbsp;moving_window
<LI><a href="#[e1]">&gt;&gt;</a>&nbsp;&nbsp;&nbsp;golay
<LI><a href="#[e3]">&gt;&gt;</a>&nbsp;&nbsp;&nbsp;fit_cubic_fun
<LI><a href="#[86]">&gt;&gt;</a>&nbsp;&nbsp;&nbsp;AD5940_ComplexDivInt
<LI><a href="#[74]">&gt;&gt;</a>&nbsp;&nbsp;&nbsp;AD5940_ADCCode2Volt
</UL>

<P><STRONG><a name="[5d]"></a>__aeabi_ui2f</STRONG> (Thumb, 10 bytes, Stack size 0 bytes, ffltui.o(.text))
<BR><BR>[Stack]<UL><LI>Max Depth = 4<LI>Call Chain = __aeabi_ui2f &rArr; _float_epilogue
</UL>
<BR>[Calls]<UL><LI><a href="#[4f]">&gt;&gt;</a>&nbsp;&nbsp;&nbsp;_float_epilogue
</UL>
<BR>[Called By]<UL><LI><a href="#[dc]">&gt;&gt;</a>&nbsp;&nbsp;&nbsp;RampDacRegUpdate
<LI><a href="#[e0]">&gt;&gt;</a>&nbsp;&nbsp;&nbsp;RampShowResult
<LI><a href="#[af]">&gt;&gt;</a>&nbsp;&nbsp;&nbsp;AD5940_LPRtiaCal
<LI><a href="#[6d]">&gt;&gt;</a>&nbsp;&nbsp;&nbsp;AD5940_LFOSCMeasure
<LI><a href="#[81]">&gt;&gt;</a>&nbsp;&nbsp;&nbsp;AD5940_ClksCalculate
</UL>

<P><STRONG><a name="[5e]"></a>__aeabi_l2f</STRONG> (Thumb, 44 bytes, Stack size 16 bytes, ffltl.o(.text))
<BR><BR>[Stack]<UL><LI>Max Depth = 20<LI>Call Chain = __aeabi_l2f &rArr; _float_epilogue
</UL>
<BR>[Calls]<UL><LI><a href="#[4f]">&gt;&gt;</a>&nbsp;&nbsp;&nbsp;_float_epilogue
</UL>
<BR>[Called By]<UL><LI><a href="#[b7]">&gt;&gt;</a>&nbsp;&nbsp;&nbsp;AD5940_WGFreqWordCal
</UL>

<P><STRONG><a name="[5f]"></a>__aeabi_ui2d</STRONG> (Thumb, 26 bytes, Stack size 16 bytes, dfltui.o(.text))
<BR><BR>[Stack]<UL><LI>Max Depth = 56<LI>Call Chain = __aeabi_ui2d &rArr; _double_epilogue &rArr; _double_round
</UL>
<BR>[Calls]<UL><LI><a href="#[56]">&gt;&gt;</a>&nbsp;&nbsp;&nbsp;_double_epilogue
</UL>
<BR>[Called By]<UL><LI><a href="#[af]">&gt;&gt;</a>&nbsp;&nbsp;&nbsp;AD5940_LPRtiaCal
</UL>

<P><STRONG><a name="[dd]"></a>__aeabi_f2iz</STRONG> (Thumb, 50 bytes, Stack size 0 bytes, ffixi.o(.text))
<BR><BR>[Called By]<UL><LI><a href="#[d7]">&gt;&gt;</a>&nbsp;&nbsp;&nbsp;AppSWVSeqInitGen
<LI><a href="#[e2]">&gt;&gt;</a>&nbsp;&nbsp;&nbsp;moving_window
<LI><a href="#[e1]">&gt;&gt;</a>&nbsp;&nbsp;&nbsp;golay
</UL>

<P><STRONG><a name="[83]"></a>__aeabi_f2uiz</STRONG> (Thumb, 40 bytes, Stack size 0 bytes, ffixui.o(.text))
<BR><BR>[Called By]<UL><LI><a href="#[dc]">&gt;&gt;</a>&nbsp;&nbsp;&nbsp;RampDacRegUpdate
<LI><a href="#[d7]">&gt;&gt;</a>&nbsp;&nbsp;&nbsp;AppSWVSeqInitGen
<LI><a href="#[d2]">&gt;&gt;</a>&nbsp;&nbsp;&nbsp;AppSWVSeqDACCtrlGen
<LI><a href="#[cf]">&gt;&gt;</a>&nbsp;&nbsp;&nbsp;AppSWVCtrl
<LI><a href="#[b7]">&gt;&gt;</a>&nbsp;&nbsp;&nbsp;AD5940_WGFreqWordCal
<LI><a href="#[af]">&gt;&gt;</a>&nbsp;&nbsp;&nbsp;AD5940_LPRtiaCal
<LI><a href="#[6d]">&gt;&gt;</a>&nbsp;&nbsp;&nbsp;AD5940_LFOSCMeasure
<LI><a href="#[81]">&gt;&gt;</a>&nbsp;&nbsp;&nbsp;AD5940_ClksCalculate
</UL>

<P><STRONG><a name="[6e]"></a>__aeabi_f2d</STRONG> (Thumb, 38 bytes, Stack size 0 bytes, f2d.o(.text))
<BR><BR>[Called By]<UL><LI><a href="#[d5]">&gt;&gt;</a>&nbsp;&nbsp;&nbsp;AppSWVRtiaCal
<LI><a href="#[e0]">&gt;&gt;</a>&nbsp;&nbsp;&nbsp;RampShowResult
<LI><a href="#[64]">&gt;&gt;</a>&nbsp;&nbsp;&nbsp;AD5940PlatformCfg
<LI><a href="#[af]">&gt;&gt;</a>&nbsp;&nbsp;&nbsp;AD5940_LPRtiaCal
<LI><a href="#[89]">&gt;&gt;</a>&nbsp;&nbsp;&nbsp;AD5940_ComplexPhase
<LI><a href="#[87]">&gt;&gt;</a>&nbsp;&nbsp;&nbsp;AD5940_ComplexMag
</UL>

<P><STRONG><a name="[f4]"></a>__aeabi_cdcmpeq</STRONG> (Thumb, 0 bytes, Stack size 0 bytes, cdcmple.o(.text))
<BR><BR>[Called By]<UL><LI><a href="#[8a]">&gt;&gt;</a>&nbsp;&nbsp;&nbsp;atan2
</UL>

<P><STRONG><a name="[106]"></a>__aeabi_cdcmple</STRONG> (Thumb, 48 bytes, Stack size 0 bytes, cdcmple.o(.text), UNUSED)

<P><STRONG><a name="[b1]"></a>__aeabi_cdrcmple</STRONG> (Thumb, 48 bytes, Stack size 0 bytes, cdrcmple.o(.text))
<BR><BR>[Called By]<UL><LI><a href="#[af]">&gt;&gt;</a>&nbsp;&nbsp;&nbsp;AD5940_LPRtiaCal
<LI><a href="#[ed]">&gt;&gt;</a>&nbsp;&nbsp;&nbsp;_fp_digits
</UL>

<P><STRONG><a name="[60]"></a>__aeabi_d2f</STRONG> (Thumb, 56 bytes, Stack size 8 bytes, d2f.o(.text))
<BR><BR>[Stack]<UL><LI>Max Depth = 8<LI>Call Chain = __aeabi_d2f
</UL>
<BR>[Calls]<UL><LI><a href="#[50]">&gt;&gt;</a>&nbsp;&nbsp;&nbsp;_float_round
</UL>
<BR>[Called By]<UL><LI><a href="#[af]">&gt;&gt;</a>&nbsp;&nbsp;&nbsp;AD5940_LPRtiaCal
<LI><a href="#[89]">&gt;&gt;</a>&nbsp;&nbsp;&nbsp;AD5940_ComplexPhase
<LI><a href="#[87]">&gt;&gt;</a>&nbsp;&nbsp;&nbsp;AD5940_ComplexMag
</UL>

<P><STRONG><a name="[b0]"></a>__aeabi_cfcmpeq</STRONG> (Thumb, 0 bytes, Stack size 0 bytes, cfcmple.o(.text))
<BR><BR>[Called By]<UL><LI><a href="#[b7]">&gt;&gt;</a>&nbsp;&nbsp;&nbsp;AD5940_WGFreqWordCal
<LI><a href="#[af]">&gt;&gt;</a>&nbsp;&nbsp;&nbsp;AD5940_LPRtiaCal
</UL>

<P><STRONG><a name="[a2]"></a>__aeabi_cfcmple</STRONG> (Thumb, 20 bytes, Stack size 0 bytes, cfcmple.o(.text))
<BR><BR>[Called By]<UL><LI><a href="#[e2]">&gt;&gt;</a>&nbsp;&nbsp;&nbsp;moving_window
<LI><a href="#[e1]">&gt;&gt;</a>&nbsp;&nbsp;&nbsp;golay
<LI><a href="#[e0]">&gt;&gt;</a>&nbsp;&nbsp;&nbsp;RampShowResult
<LI><a href="#[6d]">&gt;&gt;</a>&nbsp;&nbsp;&nbsp;AD5940_LFOSCMeasure
</UL>

<P><STRONG><a name="[b2]"></a>__aeabi_cfrcmple</STRONG> (Thumb, 20 bytes, Stack size 0 bytes, cfrcmple.o(.text))
<BR><BR>[Called By]<UL><LI><a href="#[dc]">&gt;&gt;</a>&nbsp;&nbsp;&nbsp;RampDacRegUpdate
<LI><a href="#[d2]">&gt;&gt;</a>&nbsp;&nbsp;&nbsp;AppSWVSeqDACCtrlGen
<LI><a href="#[e3]">&gt;&gt;</a>&nbsp;&nbsp;&nbsp;fit_cubic_fun
<LI><a href="#[af]">&gt;&gt;</a>&nbsp;&nbsp;&nbsp;AD5940_LPRtiaCal
</UL>

<P><STRONG><a name="[107]"></a>__aeabi_uidiv</STRONG> (Thumb, 0 bytes, Stack size 12 bytes, uidiv.o(.text), UNUSED)

<P><STRONG><a name="[f0]"></a>__aeabi_uidivmod</STRONG> (Thumb, 44 bytes, Stack size 12 bytes, uidiv.o(.text), UNUSED)
<BR><BR>[Called By]<UL><LI><a href="#[e7]">&gt;&gt;</a>&nbsp;&nbsp;&nbsp;_printf_core
</UL>

<P><STRONG><a name="[49]"></a>__aeabi_llsr</STRONG> (Thumb, 32 bytes, Stack size 0 bytes, llushr.o(.text))
<BR><BR>[Called By]<UL><LI><a href="#[48]">&gt;&gt;</a>&nbsp;&nbsp;&nbsp;__aeabi_uldivmod
<LI><a href="#[61]">&gt;&gt;</a>&nbsp;&nbsp;&nbsp;_dsqrt
<LI><a href="#[56]">&gt;&gt;</a>&nbsp;&nbsp;&nbsp;_double_epilogue
<LI><a href="#[62]">&gt;&gt;</a>&nbsp;&nbsp;&nbsp;__aeabi_d2ulz
</UL>

<P><STRONG><a name="[108]"></a>_ll_ushift_r</STRONG> (Thumb, 0 bytes, Stack size 0 bytes, llushr.o(.text), UNUSED)

<P><STRONG><a name="[109]"></a>__I$use$fp</STRONG> (Thumb, 0 bytes, Stack size 0 bytes, iusefp.o(.text), UNUSED)

<P><STRONG><a name="[50]"></a>_float_round</STRONG> (Thumb, 18 bytes, Stack size 0 bytes, fepilogue.o(.text))
<BR><BR>[Called By]<UL><LI><a href="#[53]">&gt;&gt;</a>&nbsp;&nbsp;&nbsp;__aeabi_fdiv
<LI><a href="#[4e]">&gt;&gt;</a>&nbsp;&nbsp;&nbsp;__aeabi_fadd
<LI><a href="#[60]">&gt;&gt;</a>&nbsp;&nbsp;&nbsp;__aeabi_d2f
</UL>

<P><STRONG><a name="[4f]"></a>_float_epilogue</STRONG> (Thumb, 92 bytes, Stack size 4 bytes, fepilogue.o(.text))
<BR><BR>[Stack]<UL><LI>Max Depth = 4<LI>Call Chain = _float_epilogue
</UL>
<BR>[Called By]<UL><LI><a href="#[5d]">&gt;&gt;</a>&nbsp;&nbsp;&nbsp;__aeabi_ui2f
<LI><a href="#[5e]">&gt;&gt;</a>&nbsp;&nbsp;&nbsp;__aeabi_l2f
<LI><a href="#[5c]">&gt;&gt;</a>&nbsp;&nbsp;&nbsp;__aeabi_i2f
<LI><a href="#[4e]">&gt;&gt;</a>&nbsp;&nbsp;&nbsp;__aeabi_fadd
</UL>

<P><STRONG><a name="[57]"></a>_double_round</STRONG> (Thumb, 30 bytes, Stack size 8 bytes, depilogue.o(.text))
<BR><BR>[Stack]<UL><LI>Max Depth = 8<LI>Call Chain = _double_round
</UL>
<BR>[Called By]<UL><LI><a href="#[5b]">&gt;&gt;</a>&nbsp;&nbsp;&nbsp;__aeabi_ddiv
<LI><a href="#[54]">&gt;&gt;</a>&nbsp;&nbsp;&nbsp;__aeabi_dadd
<LI><a href="#[61]">&gt;&gt;</a>&nbsp;&nbsp;&nbsp;_dsqrt
<LI><a href="#[56]">&gt;&gt;</a>&nbsp;&nbsp;&nbsp;_double_epilogue
</UL>

<P><STRONG><a name="[56]"></a>_double_epilogue</STRONG> (Thumb, 156 bytes, Stack size 32 bytes, depilogue.o(.text))
<BR><BR>[Stack]<UL><LI>Max Depth = 40<LI>Call Chain = _double_epilogue &rArr; _double_round
</UL>
<BR>[Calls]<UL><LI><a href="#[49]">&gt;&gt;</a>&nbsp;&nbsp;&nbsp;__aeabi_llsr
<LI><a href="#[57]">&gt;&gt;</a>&nbsp;&nbsp;&nbsp;_double_round
<LI><a href="#[4a]">&gt;&gt;</a>&nbsp;&nbsp;&nbsp;__aeabi_llsl
</UL>
<BR>[Called By]<UL><LI><a href="#[5f]">&gt;&gt;</a>&nbsp;&nbsp;&nbsp;__aeabi_ui2d
<LI><a href="#[5a]">&gt;&gt;</a>&nbsp;&nbsp;&nbsp;__aeabi_dmul
<LI><a href="#[54]">&gt;&gt;</a>&nbsp;&nbsp;&nbsp;__aeabi_dadd
</UL>

<P><STRONG><a name="[ea]"></a>__ARM_scalbn</STRONG> (Thumb, 46 bytes, Stack size 16 bytes, dscalb.o(.text))
<BR><BR>[Stack]<UL><LI>Max Depth = 16<LI>Call Chain = __ARM_scalbn
</UL>
<BR>[Called By]<UL><LI><a href="#[ec]">&gt;&gt;</a>&nbsp;&nbsp;&nbsp;__mathlib_dbl_underflow
<LI><a href="#[e9]">&gt;&gt;</a>&nbsp;&nbsp;&nbsp;__mathlib_dbl_infnan
<LI><a href="#[f2]">&gt;&gt;</a>&nbsp;&nbsp;&nbsp;atan
</UL>

<P><STRONG><a name="[10a]"></a>scalbn</STRONG> (Thumb, 0 bytes, Stack size 16 bytes, dscalb.o(.text), UNUSED)

<P><STRONG><a name="[61]"></a>_dsqrt</STRONG> (Thumb, 162 bytes, Stack size 32 bytes, dsqrt.o(.text))
<BR><BR>[Stack]<UL><LI>Max Depth = 40<LI>Call Chain = _dsqrt &rArr; _double_round
</UL>
<BR>[Calls]<UL><LI><a href="#[49]">&gt;&gt;</a>&nbsp;&nbsp;&nbsp;__aeabi_llsr
<LI><a href="#[57]">&gt;&gt;</a>&nbsp;&nbsp;&nbsp;_double_round
</UL>
<BR>[Called By]<UL><LI><a href="#[88]">&gt;&gt;</a>&nbsp;&nbsp;&nbsp;sqrt
</UL>

<P><STRONG><a name="[62]"></a>__aeabi_d2ulz</STRONG> (Thumb, 48 bytes, Stack size 0 bytes, dfixul.o(.text), UNUSED)
<BR><BR>[Calls]<UL><LI><a href="#[49]">&gt;&gt;</a>&nbsp;&nbsp;&nbsp;__aeabi_llsr
<LI><a href="#[4a]">&gt;&gt;</a>&nbsp;&nbsp;&nbsp;__aeabi_llsl
</UL>
<BR>[Called By]<UL><LI><a href="#[ed]">&gt;&gt;</a>&nbsp;&nbsp;&nbsp;_fp_digits
</UL>

<P><STRONG><a name="[47]"></a>__scatterload</STRONG> (Thumb, 28 bytes, Stack size 0 bytes, init.o(.text))
<BR><BR>[Calls]<UL><LI><a href="#[63]">&gt;&gt;</a>&nbsp;&nbsp;&nbsp;__main_after_scatterload
</UL>
<BR>[Called By]<UL><LI><a href="#[46]">&gt;&gt;</a>&nbsp;&nbsp;&nbsp;_main_scatterload
</UL>

<P><STRONG><a name="[10b]"></a>__scatterload_rt2</STRONG> (Thumb, 0 bytes, Stack size 0 bytes, init.o(.text), UNUSED)

<P><STRONG><a name="[10c]"></a>__decompress</STRONG> (Thumb, 0 bytes, Stack size unknown bytes, __dczerorl2.o(.text), UNUSED)

<P><STRONG><a name="[10d]"></a>__decompress1</STRONG> (Thumb, 86 bytes, Stack size unknown bytes, __dczerorl2.o(.text), UNUSED)

<P><STRONG><a name="[70]"></a>AD5940RampStructInit</STRONG> (Thumb, 150 bytes, Stack size 8 bytes, ad5940main.o(i.AD5940RampStructInit))
<BR><BR>[Stack]<UL><LI>Max Depth = 16<LI>Call Chain = AD5940RampStructInit &rArr; __aeabi_fdiv
</UL>
<BR>[Calls]<UL><LI><a href="#[71]">&gt;&gt;</a>&nbsp;&nbsp;&nbsp;AppSWVGetCfg
<LI><a href="#[53]">&gt;&gt;</a>&nbsp;&nbsp;&nbsp;__aeabi_fdiv
</UL>
<BR>[Called By]<UL><LI><a href="#[bc]">&gt;&gt;</a>&nbsp;&nbsp;&nbsp;admin
</UL>

<P><STRONG><a name="[72]"></a>AD5940_ADCBaseCfgS</STRONG> (Thumb, 32 bytes, Stack size 16 bytes, ad5940.o(i.AD5940_ADCBaseCfgS))
<BR><BR>[Stack]<UL><LI>Max Depth = 84<LI>Call Chain = AD5940_ADCBaseCfgS &rArr; AD5940_WriteReg &rArr; AD5940_SPIWriteReg &rArr; AD5940_ReadWrite8B &rArr; AD5940_ReadWriteNBytes
</UL>
<BR>[Calls]<UL><LI><a href="#[73]">&gt;&gt;</a>&nbsp;&nbsp;&nbsp;AD5940_WriteReg
</UL>
<BR>[Called By]<UL><LI><a href="#[af]">&gt;&gt;</a>&nbsp;&nbsp;&nbsp;AD5940_LPRtiaCal
<LI><a href="#[8c]">&gt;&gt;</a>&nbsp;&nbsp;&nbsp;AD5940_DSPCfgS
</UL>

<P><STRONG><a name="[74]"></a>AD5940_ADCCode2Volt</STRONG> (Thumb, 138 bytes, Stack size 40 bytes, ad5940.o(i.AD5940_ADCCode2Volt))
<BR><BR>[Stack]<UL><LI>Max Depth = 48<LI>Call Chain = AD5940_ADCCode2Volt &rArr; __aeabi_fmul
</UL>
<BR>[Calls]<UL><LI><a href="#[5c]">&gt;&gt;</a>&nbsp;&nbsp;&nbsp;__aeabi_i2f
<LI><a href="#[75]">&gt;&gt;</a>&nbsp;&nbsp;&nbsp;__aeabi_fmul
<LI><a href="#[53]">&gt;&gt;</a>&nbsp;&nbsp;&nbsp;__aeabi_fdiv
</UL>
<BR>[Called By]<UL><LI><a href="#[d0]">&gt;&gt;</a>&nbsp;&nbsp;&nbsp;AppSWVDataProcess
</UL>

<P><STRONG><a name="[76]"></a>AD5940_ADCDigCompCfgS</STRONG> (Thumb, 46 bytes, Stack size 8 bytes, ad5940.o(i.AD5940_ADCDigCompCfgS))
<BR><BR>[Stack]<UL><LI>Max Depth = 76<LI>Call Chain = AD5940_ADCDigCompCfgS &rArr; AD5940_WriteReg &rArr; AD5940_SPIWriteReg &rArr; AD5940_ReadWrite8B &rArr; AD5940_ReadWriteNBytes
</UL>
<BR>[Calls]<UL><LI><a href="#[73]">&gt;&gt;</a>&nbsp;&nbsp;&nbsp;AD5940_WriteReg
</UL>
<BR>[Called By]<UL><LI><a href="#[8c]">&gt;&gt;</a>&nbsp;&nbsp;&nbsp;AD5940_DSPCfgS
</UL>

<P><STRONG><a name="[77]"></a>AD5940_ADCFilterCfgS</STRONG> (Thumb, 84 bytes, Stack size 16 bytes, ad5940.o(i.AD5940_ADCFilterCfgS))
<BR><BR>[Stack]<UL><LI>Max Depth = 124<LI>Call Chain = AD5940_ADCFilterCfgS &rArr; AD5940_AFECtrlS &rArr; AD5940_ReadReg &rArr; AD5940_SEQReadReg &rArr; AD5940_SEQGenGetRegDefault &rArr; AD5940_SPIReadReg &rArr; AD5940_ReadWrite8B &rArr; AD5940_ReadWriteNBytes
</UL>
<BR>[Calls]<UL><LI><a href="#[73]">&gt;&gt;</a>&nbsp;&nbsp;&nbsp;AD5940_WriteReg
<LI><a href="#[78]">&gt;&gt;</a>&nbsp;&nbsp;&nbsp;AD5940_ReadReg
<LI><a href="#[79]">&gt;&gt;</a>&nbsp;&nbsp;&nbsp;AD5940_AFECtrlS
</UL>
<BR>[Called By]<UL><LI><a href="#[8c]">&gt;&gt;</a>&nbsp;&nbsp;&nbsp;AD5940_DSPCfgS
</UL>

<P><STRONG><a name="[79]"></a>AD5940_AFECtrlS</STRONG> (Thumb, 94 bytes, Stack size 16 bytes, ad5940.o(i.AD5940_AFECtrlS))
<BR><BR>[Stack]<UL><LI>Max Depth = 108<LI>Call Chain = AD5940_AFECtrlS &rArr; AD5940_ReadReg &rArr; AD5940_SEQReadReg &rArr; AD5940_SEQGenGetRegDefault &rArr; AD5940_SPIReadReg &rArr; AD5940_ReadWrite8B &rArr; AD5940_ReadWriteNBytes
</UL>
<BR>[Calls]<UL><LI><a href="#[73]">&gt;&gt;</a>&nbsp;&nbsp;&nbsp;AD5940_WriteReg
<LI><a href="#[78]">&gt;&gt;</a>&nbsp;&nbsp;&nbsp;AD5940_ReadReg
</UL>
<BR>[Called By]<UL><LI><a href="#[d7]">&gt;&gt;</a>&nbsp;&nbsp;&nbsp;AppSWVSeqInitGen
<LI><a href="#[d8]">&gt;&gt;</a>&nbsp;&nbsp;&nbsp;AppSWVSeqADCCtrlGen
<LI><a href="#[af]">&gt;&gt;</a>&nbsp;&nbsp;&nbsp;AD5940_LPRtiaCal
<LI><a href="#[77]">&gt;&gt;</a>&nbsp;&nbsp;&nbsp;AD5940_ADCFilterCfgS
<LI><a href="#[b6]">&gt;&gt;</a>&nbsp;&nbsp;&nbsp;__AD5940_TakeMeasurement
</UL>

<P><STRONG><a name="[7a]"></a>AD5940_AFEPwrBW</STRONG> (Thumb, 24 bytes, Stack size 16 bytes, ad5940.o(i.AD5940_AFEPwrBW))
<BR><BR>[Stack]<UL><LI>Max Depth = 84<LI>Call Chain = AD5940_AFEPwrBW &rArr; AD5940_WriteReg &rArr; AD5940_SPIWriteReg &rArr; AD5940_ReadWrite8B &rArr; AD5940_ReadWriteNBytes
</UL>
<BR>[Calls]<UL><LI><a href="#[73]">&gt;&gt;</a>&nbsp;&nbsp;&nbsp;AD5940_WriteReg
</UL>
<BR>[Called By]<UL><LI><a href="#[d4]">&gt;&gt;</a>&nbsp;&nbsp;&nbsp;AppSWVInit
</UL>

<P><STRONG><a name="[6c]"></a>AD5940_AGPIOCfg</STRONG> (Thumb, 38 bytes, Stack size 8 bytes, ad5940.o(i.AD5940_AGPIOCfg))
<BR><BR>[Stack]<UL><LI>Max Depth = 84<LI>Call Chain = AD5940_AGPIOCfg &rArr; AD5940_AGPIOPen &rArr; AD5940_WriteReg &rArr; AD5940_SPIWriteReg &rArr; AD5940_ReadWrite8B &rArr; AD5940_ReadWriteNBytes
</UL>
<BR>[Calls]<UL><LI><a href="#[73]">&gt;&gt;</a>&nbsp;&nbsp;&nbsp;AD5940_WriteReg
<LI><a href="#[7e]">&gt;&gt;</a>&nbsp;&nbsp;&nbsp;AD5940_AGPIOPen
<LI><a href="#[7c]">&gt;&gt;</a>&nbsp;&nbsp;&nbsp;AD5940_AGPIOOen
<LI><a href="#[7d]">&gt;&gt;</a>&nbsp;&nbsp;&nbsp;AD5940_AGPIOIen
<LI><a href="#[7b]">&gt;&gt;</a>&nbsp;&nbsp;&nbsp;AD5940_AGPIOFuncCfg
</UL>
<BR>[Called By]<UL><LI><a href="#[64]">&gt;&gt;</a>&nbsp;&nbsp;&nbsp;AD5940PlatformCfg
</UL>

<P><STRONG><a name="[7b]"></a>AD5940_AGPIOFuncCfg</STRONG> (Thumb, 14 bytes, Stack size 8 bytes, ad5940.o(i.AD5940_AGPIOFuncCfg))
<BR><BR>[Stack]<UL><LI>Max Depth = 76<LI>Call Chain = AD5940_AGPIOFuncCfg &rArr; AD5940_WriteReg &rArr; AD5940_SPIWriteReg &rArr; AD5940_ReadWrite8B &rArr; AD5940_ReadWriteNBytes
</UL>
<BR>[Calls]<UL><LI><a href="#[73]">&gt;&gt;</a>&nbsp;&nbsp;&nbsp;AD5940_WriteReg
</UL>
<BR>[Called By]<UL><LI><a href="#[6c]">&gt;&gt;</a>&nbsp;&nbsp;&nbsp;AD5940_AGPIOCfg
</UL>

<P><STRONG><a name="[7d]"></a>AD5940_AGPIOIen</STRONG> (Thumb, 14 bytes, Stack size 8 bytes, ad5940.o(i.AD5940_AGPIOIen))
<BR><BR>[Stack]<UL><LI>Max Depth = 76<LI>Call Chain = AD5940_AGPIOIen &rArr; AD5940_WriteReg &rArr; AD5940_SPIWriteReg &rArr; AD5940_ReadWrite8B &rArr; AD5940_ReadWriteNBytes
</UL>
<BR>[Calls]<UL><LI><a href="#[73]">&gt;&gt;</a>&nbsp;&nbsp;&nbsp;AD5940_WriteReg
</UL>
<BR>[Called By]<UL><LI><a href="#[6c]">&gt;&gt;</a>&nbsp;&nbsp;&nbsp;AD5940_AGPIOCfg
</UL>

<P><STRONG><a name="[7c]"></a>AD5940_AGPIOOen</STRONG> (Thumb, 14 bytes, Stack size 8 bytes, ad5940.o(i.AD5940_AGPIOOen))
<BR><BR>[Stack]<UL><LI>Max Depth = 76<LI>Call Chain = AD5940_AGPIOOen &rArr; AD5940_WriteReg &rArr; AD5940_SPIWriteReg &rArr; AD5940_ReadWrite8B &rArr; AD5940_ReadWriteNBytes
</UL>
<BR>[Calls]<UL><LI><a href="#[73]">&gt;&gt;</a>&nbsp;&nbsp;&nbsp;AD5940_WriteReg
</UL>
<BR>[Called By]<UL><LI><a href="#[6c]">&gt;&gt;</a>&nbsp;&nbsp;&nbsp;AD5940_AGPIOCfg
</UL>

<P><STRONG><a name="[7e]"></a>AD5940_AGPIOPen</STRONG> (Thumb, 14 bytes, Stack size 8 bytes, ad5940.o(i.AD5940_AGPIOPen))
<BR><BR>[Stack]<UL><LI>Max Depth = 76<LI>Call Chain = AD5940_AGPIOPen &rArr; AD5940_WriteReg &rArr; AD5940_SPIWriteReg &rArr; AD5940_ReadWrite8B &rArr; AD5940_ReadWriteNBytes
</UL>
<BR>[Calls]<UL><LI><a href="#[73]">&gt;&gt;</a>&nbsp;&nbsp;&nbsp;AD5940_WriteReg
</UL>
<BR>[Called By]<UL><LI><a href="#[6c]">&gt;&gt;</a>&nbsp;&nbsp;&nbsp;AD5940_AGPIOCfg
</UL>

<P><STRONG><a name="[67]"></a>AD5940_CLKCfg</STRONG> (Thumb, 288 bytes, Stack size 16 bytes, ad5940.o(i.AD5940_CLKCfg))
<BR><BR>[Stack]<UL><LI>Max Depth = 132<LI>Call Chain = AD5940_CLKCfg &rArr; AD5940_HFOSC32MHzCtrl &rArr; AD5940_ReadReg &rArr; AD5940_SEQReadReg &rArr; AD5940_SEQGenGetRegDefault &rArr; AD5940_SPIReadReg &rArr; AD5940_ReadWrite8B &rArr; AD5940_ReadWriteNBytes
</UL>
<BR>[Calls]<UL><LI><a href="#[80]">&gt;&gt;</a>&nbsp;&nbsp;&nbsp;AD5940_Delay10us
<LI><a href="#[73]">&gt;&gt;</a>&nbsp;&nbsp;&nbsp;AD5940_WriteReg
<LI><a href="#[78]">&gt;&gt;</a>&nbsp;&nbsp;&nbsp;AD5940_ReadReg
<LI><a href="#[7f]">&gt;&gt;</a>&nbsp;&nbsp;&nbsp;AD5940_HFOSC32MHzCtrl
</UL>
<BR>[Called By]<UL><LI><a href="#[64]">&gt;&gt;</a>&nbsp;&nbsp;&nbsp;AD5940PlatformCfg
</UL>

<P><STRONG><a name="[81]"></a>AD5940_ClksCalculate</STRONG> (Thumb, 442 bytes, Stack size 128 bytes, ad5940.o(i.AD5940_ClksCalculate))
<BR><BR>[Stack]<UL><LI>Max Depth = 172 + In Cycle
<LI>Call Chain = AD5940_ClksCalculate &rArr;  AD5940_ClksCalculate (Cycle)
</UL>
<BR>[Calls]<UL><LI><a href="#[5d]">&gt;&gt;</a>&nbsp;&nbsp;&nbsp;__aeabi_ui2f
<LI><a href="#[75]">&gt;&gt;</a>&nbsp;&nbsp;&nbsp;__aeabi_fmul
<LI><a href="#[4e]">&gt;&gt;</a>&nbsp;&nbsp;&nbsp;__aeabi_fadd
<LI><a href="#[83]">&gt;&gt;</a>&nbsp;&nbsp;&nbsp;__aeabi_f2uiz
<LI><a href="#[85]">&gt;&gt;</a>&nbsp;&nbsp;&nbsp;AD5940_Notch60HzAvailable
<LI><a href="#[84]">&gt;&gt;</a>&nbsp;&nbsp;&nbsp;AD5940_Notch50HzAvailable
<LI><a href="#[81]">&gt;&gt;</a>&nbsp;&nbsp;&nbsp;AD5940_ClksCalculate
<LI><a href="#[82]">&gt;&gt;</a>&nbsp;&nbsp;&nbsp;__aeabi_memcpy4
</UL>
<BR>[Called By]<UL><LI><a href="#[d8]">&gt;&gt;</a>&nbsp;&nbsp;&nbsp;AppSWVSeqADCCtrlGen
<LI><a href="#[81]">&gt;&gt;</a>&nbsp;&nbsp;&nbsp;AD5940_ClksCalculate
</UL>

<P><STRONG><a name="[d9]"></a>AD5940_ClrMCUIntFlag</STRONG> (Thumb, 16 bytes, Stack size 0 bytes, adicup3029port.o(i.AD5940_ClrMCUIntFlag))
<BR><BR>[Called By]<UL><LI><a href="#[d4]">&gt;&gt;</a>&nbsp;&nbsp;&nbsp;AppSWVInit
<LI><a href="#[bc]">&gt;&gt;</a>&nbsp;&nbsp;&nbsp;admin
</UL>

<P><STRONG><a name="[86]"></a>AD5940_ComplexDivInt</STRONG> (Thumb, 210 bytes, Stack size 48 bytes, ad5940.o(i.AD5940_ComplexDivInt))
<BR><BR>[Stack]<UL><LI>Max Depth = 68<LI>Call Chain = AD5940_ComplexDivInt &rArr; __aeabi_fsub &rArr; __aeabi_fadd &rArr; _float_epilogue
</UL>
<BR>[Calls]<UL><LI><a href="#[5c]">&gt;&gt;</a>&nbsp;&nbsp;&nbsp;__aeabi_i2f
<LI><a href="#[51]">&gt;&gt;</a>&nbsp;&nbsp;&nbsp;__aeabi_fsub
<LI><a href="#[75]">&gt;&gt;</a>&nbsp;&nbsp;&nbsp;__aeabi_fmul
<LI><a href="#[53]">&gt;&gt;</a>&nbsp;&nbsp;&nbsp;__aeabi_fdiv
<LI><a href="#[4e]">&gt;&gt;</a>&nbsp;&nbsp;&nbsp;__aeabi_fadd
</UL>
<BR>[Called By]<UL><LI><a href="#[af]">&gt;&gt;</a>&nbsp;&nbsp;&nbsp;AD5940_LPRtiaCal
</UL>

<P><STRONG><a name="[87]"></a>AD5940_ComplexMag</STRONG> (Thumb, 54 bytes, Stack size 40 bytes, ad5940.o(i.AD5940_ComplexMag))
<BR><BR>[Stack]<UL><LI>Max Depth = 104<LI>Call Chain = AD5940_ComplexMag &rArr; sqrt &rArr; _dsqrt &rArr; _double_round
</UL>
<BR>[Calls]<UL><LI><a href="#[75]">&gt;&gt;</a>&nbsp;&nbsp;&nbsp;__aeabi_fmul
<LI><a href="#[4e]">&gt;&gt;</a>&nbsp;&nbsp;&nbsp;__aeabi_fadd
<LI><a href="#[6e]">&gt;&gt;</a>&nbsp;&nbsp;&nbsp;__aeabi_f2d
<LI><a href="#[60]">&gt;&gt;</a>&nbsp;&nbsp;&nbsp;__aeabi_d2f
<LI><a href="#[88]">&gt;&gt;</a>&nbsp;&nbsp;&nbsp;sqrt
</UL>
<BR>[Called By]<UL><LI><a href="#[af]">&gt;&gt;</a>&nbsp;&nbsp;&nbsp;AD5940_LPRtiaCal
</UL>

<P><STRONG><a name="[89]"></a>AD5940_ComplexPhase</STRONG> (Thumb, 46 bytes, Stack size 32 bytes, ad5940.o(i.AD5940_ComplexPhase))
<BR><BR>[Stack]<UL><LI>Max Depth = 216<LI>Call Chain = AD5940_ComplexPhase &rArr; atan2 &rArr; atan &rArr; __kernel_poly &rArr; __aeabi_dmul &rArr; _double_epilogue &rArr; _double_round
</UL>
<BR>[Calls]<UL><LI><a href="#[6e]">&gt;&gt;</a>&nbsp;&nbsp;&nbsp;__aeabi_f2d
<LI><a href="#[60]">&gt;&gt;</a>&nbsp;&nbsp;&nbsp;__aeabi_d2f
<LI><a href="#[8a]">&gt;&gt;</a>&nbsp;&nbsp;&nbsp;atan2
</UL>
<BR>[Called By]<UL><LI><a href="#[af]">&gt;&gt;</a>&nbsp;&nbsp;&nbsp;AD5940_LPRtiaCal
</UL>

<P><STRONG><a name="[92]"></a>AD5940_CsClr</STRONG> (Thumb, 10 bytes, Stack size 0 bytes, adicup3029port.o(i.AD5940_CsClr))
<BR><BR>[Called By]<UL><LI><a href="#[91]">&gt;&gt;</a>&nbsp;&nbsp;&nbsp;AD5940_FIFORd
<LI><a href="#[cb]">&gt;&gt;</a>&nbsp;&nbsp;&nbsp;AD5940_SPIWriteReg
<LI><a href="#[c1]">&gt;&gt;</a>&nbsp;&nbsp;&nbsp;AD5940_SPIReadReg
</UL>

<P><STRONG><a name="[95]"></a>AD5940_CsSet</STRONG> (Thumb, 10 bytes, Stack size 0 bytes, adicup3029port.o(i.AD5940_CsSet))
<BR><BR>[Called By]<UL><LI><a href="#[b9]">&gt;&gt;</a>&nbsp;&nbsp;&nbsp;AD5940_MCUResourceInit
<LI><a href="#[66]">&gt;&gt;</a>&nbsp;&nbsp;&nbsp;AD5940_Initialize
<LI><a href="#[91]">&gt;&gt;</a>&nbsp;&nbsp;&nbsp;AD5940_FIFORd
<LI><a href="#[cb]">&gt;&gt;</a>&nbsp;&nbsp;&nbsp;AD5940_SPIWriteReg
<LI><a href="#[c1]">&gt;&gt;</a>&nbsp;&nbsp;&nbsp;AD5940_SPIReadReg
</UL>

<P><STRONG><a name="[8b]"></a>AD5940_DFTCfgS</STRONG> (Thumb, 86 bytes, Stack size 16 bytes, ad5940.o(i.AD5940_DFTCfgS))
<BR><BR>[Stack]<UL><LI>Max Depth = 108<LI>Call Chain = AD5940_DFTCfgS &rArr; AD5940_ReadReg &rArr; AD5940_SEQReadReg &rArr; AD5940_SEQGenGetRegDefault &rArr; AD5940_SPIReadReg &rArr; AD5940_ReadWrite8B &rArr; AD5940_ReadWriteNBytes
</UL>
<BR>[Calls]<UL><LI><a href="#[73]">&gt;&gt;</a>&nbsp;&nbsp;&nbsp;AD5940_WriteReg
<LI><a href="#[78]">&gt;&gt;</a>&nbsp;&nbsp;&nbsp;AD5940_ReadReg
</UL>
<BR>[Called By]<UL><LI><a href="#[8c]">&gt;&gt;</a>&nbsp;&nbsp;&nbsp;AD5940_DSPCfgS
</UL>

<P><STRONG><a name="[8c]"></a>AD5940_DSPCfgS</STRONG> (Thumb, 44 bytes, Stack size 8 bytes, ad5940.o(i.AD5940_DSPCfgS))
<BR><BR>[Stack]<UL><LI>Max Depth = 132<LI>Call Chain = AD5940_DSPCfgS &rArr; AD5940_ADCFilterCfgS &rArr; AD5940_AFECtrlS &rArr; AD5940_ReadReg &rArr; AD5940_SEQReadReg &rArr; AD5940_SEQGenGetRegDefault &rArr; AD5940_SPIReadReg &rArr; AD5940_ReadWrite8B &rArr; AD5940_ReadWriteNBytes
</UL>
<BR>[Calls]<UL><LI><a href="#[8d]">&gt;&gt;</a>&nbsp;&nbsp;&nbsp;AD5940_StatisticCfgS
<LI><a href="#[8b]">&gt;&gt;</a>&nbsp;&nbsp;&nbsp;AD5940_DFTCfgS
<LI><a href="#[77]">&gt;&gt;</a>&nbsp;&nbsp;&nbsp;AD5940_ADCFilterCfgS
<LI><a href="#[76]">&gt;&gt;</a>&nbsp;&nbsp;&nbsp;AD5940_ADCDigCompCfgS
<LI><a href="#[72]">&gt;&gt;</a>&nbsp;&nbsp;&nbsp;AD5940_ADCBaseCfgS
</UL>
<BR>[Called By]<UL><LI><a href="#[d7]">&gt;&gt;</a>&nbsp;&nbsp;&nbsp;AppSWVSeqInitGen
<LI><a href="#[af]">&gt;&gt;</a>&nbsp;&nbsp;&nbsp;AD5940_LPRtiaCal
</UL>

<P><STRONG><a name="[80]"></a>AD5940_Delay10us</STRONG> (Thumb, 88 bytes, Stack size 8 bytes, adicup3029port.o(i.AD5940_Delay10us))
<BR><BR>[Stack]<UL><LI>Max Depth = 8 + In Cycle
<LI>Call Chain = AD5940_Delay10us &rArr;  AD5940_Delay10us (Cycle)
</UL>
<BR>[Calls]<UL><LI><a href="#[80]">&gt;&gt;</a>&nbsp;&nbsp;&nbsp;AD5940_Delay10us
</UL>
<BR>[Called By]<UL><LI><a href="#[bc]">&gt;&gt;</a>&nbsp;&nbsp;&nbsp;admin
<LI><a href="#[80]">&gt;&gt;</a>&nbsp;&nbsp;&nbsp;AD5940_Delay10us
<LI><a href="#[af]">&gt;&gt;</a>&nbsp;&nbsp;&nbsp;AD5940_LPRtiaCal
<LI><a href="#[65]">&gt;&gt;</a>&nbsp;&nbsp;&nbsp;AD5940_HWReset
<LI><a href="#[67]">&gt;&gt;</a>&nbsp;&nbsp;&nbsp;AD5940_CLKCfg
<LI><a href="#[b6]">&gt;&gt;</a>&nbsp;&nbsp;&nbsp;__AD5940_TakeMeasurement
</UL>

<P><STRONG><a name="[8e]"></a>AD5940_EnterSleepS</STRONG> (Thumb, 24 bytes, Stack size 8 bytes, ad5940.o(i.AD5940_EnterSleepS))
<BR><BR>[Stack]<UL><LI>Max Depth = 76<LI>Call Chain = AD5940_EnterSleepS &rArr; AD5940_WriteReg &rArr; AD5940_SPIWriteReg &rArr; AD5940_ReadWrite8B &rArr; AD5940_ReadWriteNBytes
</UL>
<BR>[Calls]<UL><LI><a href="#[73]">&gt;&gt;</a>&nbsp;&nbsp;&nbsp;AD5940_WriteReg
</UL>
<BR>[Called By]<UL><LI><a href="#[d8]">&gt;&gt;</a>&nbsp;&nbsp;&nbsp;AppSWVSeqADCCtrlGen
<LI><a href="#[cc]">&gt;&gt;</a>&nbsp;&nbsp;&nbsp;AD5940_ShutDownS
</UL>

<P><STRONG><a name="[68]"></a>AD5940_FIFOCfg</STRONG> (Thumb, 92 bytes, Stack size 16 bytes, ad5940.o(i.AD5940_FIFOCfg))
<BR><BR>[Stack]<UL><LI>Max Depth = 108<LI>Call Chain = AD5940_FIFOCfg &rArr; AD5940_ReadReg &rArr; AD5940_SEQReadReg &rArr; AD5940_SEQGenGetRegDefault &rArr; AD5940_SPIReadReg &rArr; AD5940_ReadWrite8B &rArr; AD5940_ReadWriteNBytes
</UL>
<BR>[Calls]<UL><LI><a href="#[73]">&gt;&gt;</a>&nbsp;&nbsp;&nbsp;AD5940_WriteReg
<LI><a href="#[78]">&gt;&gt;</a>&nbsp;&nbsp;&nbsp;AD5940_ReadReg
</UL>
<BR>[Called By]<UL><LI><a href="#[d4]">&gt;&gt;</a>&nbsp;&nbsp;&nbsp;AppSWVInit
<LI><a href="#[64]">&gt;&gt;</a>&nbsp;&nbsp;&nbsp;AD5940PlatformCfg
</UL>

<P><STRONG><a name="[8f]"></a>AD5940_FIFOCtrlS</STRONG> (Thumb, 32 bytes, Stack size 16 bytes, ad5940.o(i.AD5940_FIFOCtrlS))
<BR><BR>[Stack]<UL><LI>Max Depth = 84<LI>Call Chain = AD5940_FIFOCtrlS &rArr; AD5940_WriteReg &rArr; AD5940_SPIWriteReg &rArr; AD5940_ReadWrite8B &rArr; AD5940_ReadWriteNBytes
</UL>
<BR>[Calls]<UL><LI><a href="#[73]">&gt;&gt;</a>&nbsp;&nbsp;&nbsp;AD5940_WriteReg
</UL>
<BR>[Called By]<UL><LI><a href="#[d4]">&gt;&gt;</a>&nbsp;&nbsp;&nbsp;AppSWVInit
</UL>

<P><STRONG><a name="[90]"></a>AD5940_FIFOGetCnt</STRONG> (Thumb, 14 bytes, Stack size 8 bytes, ad5940.o(i.AD5940_FIFOGetCnt))
<BR><BR>[Stack]<UL><LI>Max Depth = 100<LI>Call Chain = AD5940_FIFOGetCnt &rArr; AD5940_ReadReg &rArr; AD5940_SEQReadReg &rArr; AD5940_SEQGenGetRegDefault &rArr; AD5940_SPIReadReg &rArr; AD5940_ReadWrite8B &rArr; AD5940_ReadWriteNBytes
</UL>
<BR>[Calls]<UL><LI><a href="#[78]">&gt;&gt;</a>&nbsp;&nbsp;&nbsp;AD5940_ReadReg
</UL>
<BR>[Called By]<UL><LI><a href="#[d1]">&gt;&gt;</a>&nbsp;&nbsp;&nbsp;AppSWVISR
</UL>

<P><STRONG><a name="[91]"></a>AD5940_FIFORd</STRONG> (Thumb, 160 bytes, Stack size 24 bytes, ad5940.o(i.AD5940_FIFORd))
<BR><BR>[Stack]<UL><LI>Max Depth = 60<LI>Call Chain = AD5940_FIFORd &rArr; AD5940_ReadWrite8B &rArr; AD5940_ReadWriteNBytes
</UL>
<BR>[Calls]<UL><LI><a href="#[95]">&gt;&gt;</a>&nbsp;&nbsp;&nbsp;AD5940_CsSet
<LI><a href="#[92]">&gt;&gt;</a>&nbsp;&nbsp;&nbsp;AD5940_CsClr
<LI><a href="#[93]">&gt;&gt;</a>&nbsp;&nbsp;&nbsp;AD5940_ReadWrite8B
<LI><a href="#[96]">&gt;&gt;</a>&nbsp;&nbsp;&nbsp;AD5940_ReadWrite32B
<LI><a href="#[94]">&gt;&gt;</a>&nbsp;&nbsp;&nbsp;AD5940_ReadWrite16B
</UL>
<BR>[Called By]<UL><LI><a href="#[d1]">&gt;&gt;</a>&nbsp;&nbsp;&nbsp;AppSWVISR
</UL>

<P><STRONG><a name="[f1]"></a>AD5940_GetMCUIntFlag</STRONG> (Thumb, 6 bytes, Stack size 0 bytes, adicup3029port.o(i.AD5940_GetMCUIntFlag))
<BR><BR>[Called By]<UL><LI><a href="#[bc]">&gt;&gt;</a>&nbsp;&nbsp;&nbsp;admin
</UL>

<P><STRONG><a name="[7f]"></a>AD5940_HFOSC32MHzCtrl</STRONG> (Thumb, 138 bytes, Stack size 24 bytes, ad5940.o(i.AD5940_HFOSC32MHzCtrl))
<BR><BR>[Stack]<UL><LI>Max Depth = 116<LI>Call Chain = AD5940_HFOSC32MHzCtrl &rArr; AD5940_ReadReg &rArr; AD5940_SEQReadReg &rArr; AD5940_SEQGenGetRegDefault &rArr; AD5940_SPIReadReg &rArr; AD5940_ReadWrite8B &rArr; AD5940_ReadWriteNBytes
</UL>
<BR>[Calls]<UL><LI><a href="#[73]">&gt;&gt;</a>&nbsp;&nbsp;&nbsp;AD5940_WriteReg
<LI><a href="#[78]">&gt;&gt;</a>&nbsp;&nbsp;&nbsp;AD5940_ReadReg
</UL>
<BR>[Called By]<UL><LI><a href="#[67]">&gt;&gt;</a>&nbsp;&nbsp;&nbsp;AD5940_CLKCfg
</UL>

<P><STRONG><a name="[97]"></a>AD5940_HSDacCfgS</STRONG> (Thumb, 44 bytes, Stack size 16 bytes, ad5940.o(i.AD5940_HSDacCfgS))
<BR><BR>[Stack]<UL><LI>Max Depth = 84<LI>Call Chain = AD5940_HSDacCfgS &rArr; AD5940_WriteReg &rArr; AD5940_SPIWriteReg &rArr; AD5940_ReadWrite8B &rArr; AD5940_ReadWriteNBytes
</UL>
<BR>[Calls]<UL><LI><a href="#[73]">&gt;&gt;</a>&nbsp;&nbsp;&nbsp;AD5940_WriteReg
</UL>
<BR>[Called By]<UL><LI><a href="#[98]">&gt;&gt;</a>&nbsp;&nbsp;&nbsp;AD5940_HSLoopCfgS
</UL>

<P><STRONG><a name="[98]"></a>AD5940_HSLoopCfgS</STRONG> (Thumb, 36 bytes, Stack size 8 bytes, ad5940.o(i.AD5940_HSLoopCfgS))
<BR><BR>[Stack]<UL><LI>Max Depth = 132<LI>Call Chain = AD5940_HSLoopCfgS &rArr; AD5940_HSTIACfgS &rArr; __AD5940_SetDExRTIA &rArr; AD5940_WriteReg &rArr; AD5940_SPIWriteReg &rArr; AD5940_ReadWrite8B &rArr; AD5940_ReadWriteNBytes
</UL>
<BR>[Calls]<UL><LI><a href="#[9b]">&gt;&gt;</a>&nbsp;&nbsp;&nbsp;AD5940_WGCfgS
<LI><a href="#[9a]">&gt;&gt;</a>&nbsp;&nbsp;&nbsp;AD5940_SWMatrixCfgS
<LI><a href="#[99]">&gt;&gt;</a>&nbsp;&nbsp;&nbsp;AD5940_HSTIACfgS
<LI><a href="#[97]">&gt;&gt;</a>&nbsp;&nbsp;&nbsp;AD5940_HSDacCfgS
</UL>
<BR>[Called By]<UL><LI><a href="#[af]">&gt;&gt;</a>&nbsp;&nbsp;&nbsp;AD5940_LPRtiaCal
</UL>

<P><STRONG><a name="[99]"></a>AD5940_HSTIACfgS</STRONG> (Thumb, 106 bytes, Stack size 16 bytes, ad5940.o(i.AD5940_HSTIACfgS))
<BR><BR>[Stack]<UL><LI>Max Depth = 124<LI>Call Chain = AD5940_HSTIACfgS &rArr; __AD5940_SetDExRTIA &rArr; AD5940_WriteReg &rArr; AD5940_SPIWriteReg &rArr; AD5940_ReadWrite8B &rArr; AD5940_ReadWriteNBytes
</UL>
<BR>[Calls]<UL><LI><a href="#[73]">&gt;&gt;</a>&nbsp;&nbsp;&nbsp;AD5940_WriteReg
<LI><a href="#[9c]">&gt;&gt;</a>&nbsp;&nbsp;&nbsp;__AD5940_SetDExRTIA
</UL>
<BR>[Called By]<UL><LI><a href="#[98]">&gt;&gt;</a>&nbsp;&nbsp;&nbsp;AD5940_HSLoopCfgS
</UL>

<P><STRONG><a name="[65]"></a>AD5940_HWReset</STRONG> (Thumb, 26 bytes, Stack size 8 bytes, ad5940.o(i.AD5940_HWReset))
<BR><BR>[Stack]<UL><LI>Max Depth = 16<LI>Call Chain = AD5940_HWReset &rArr; AD5940_Delay10us &rArr;  AD5940_Delay10us (Cycle)
</UL>
<BR>[Calls]<UL><LI><a href="#[9e]">&gt;&gt;</a>&nbsp;&nbsp;&nbsp;AD5940_RstSet
<LI><a href="#[9d]">&gt;&gt;</a>&nbsp;&nbsp;&nbsp;AD5940_RstClr
<LI><a href="#[80]">&gt;&gt;</a>&nbsp;&nbsp;&nbsp;AD5940_Delay10us
</UL>
<BR>[Called By]<UL><LI><a href="#[64]">&gt;&gt;</a>&nbsp;&nbsp;&nbsp;AD5940PlatformCfg
</UL>

<P><STRONG><a name="[6a]"></a>AD5940_INTCCfg</STRONG> (Thumb, 56 bytes, Stack size 24 bytes, ad5940.o(i.AD5940_INTCCfg))
<BR><BR>[Stack]<UL><LI>Max Depth = 116<LI>Call Chain = AD5940_INTCCfg &rArr; AD5940_ReadReg &rArr; AD5940_SEQReadReg &rArr; AD5940_SEQGenGetRegDefault &rArr; AD5940_SPIReadReg &rArr; AD5940_ReadWrite8B &rArr; AD5940_ReadWriteNBytes
</UL>
<BR>[Calls]<UL><LI><a href="#[73]">&gt;&gt;</a>&nbsp;&nbsp;&nbsp;AD5940_WriteReg
<LI><a href="#[78]">&gt;&gt;</a>&nbsp;&nbsp;&nbsp;AD5940_ReadReg
</UL>
<BR>[Called By]<UL><LI><a href="#[64]">&gt;&gt;</a>&nbsp;&nbsp;&nbsp;AD5940PlatformCfg
<LI><a href="#[af]">&gt;&gt;</a>&nbsp;&nbsp;&nbsp;AD5940_LPRtiaCal
<LI><a href="#[6d]">&gt;&gt;</a>&nbsp;&nbsp;&nbsp;AD5940_LFOSCMeasure
</UL>

<P><STRONG><a name="[6b]"></a>AD5940_INTCClrFlag</STRONG> (Thumb, 16 bytes, Stack size 8 bytes, ad5940.o(i.AD5940_INTCClrFlag))
<BR><BR>[Stack]<UL><LI>Max Depth = 76<LI>Call Chain = AD5940_INTCClrFlag &rArr; AD5940_WriteReg &rArr; AD5940_SPIWriteReg &rArr; AD5940_ReadWrite8B &rArr; AD5940_ReadWriteNBytes
</UL>
<BR>[Calls]<UL><LI><a href="#[73]">&gt;&gt;</a>&nbsp;&nbsp;&nbsp;AD5940_WriteReg
</UL>
<BR>[Called By]<UL><LI><a href="#[d4]">&gt;&gt;</a>&nbsp;&nbsp;&nbsp;AppSWVInit
<LI><a href="#[d1]">&gt;&gt;</a>&nbsp;&nbsp;&nbsp;AppSWVISR
<LI><a href="#[64]">&gt;&gt;</a>&nbsp;&nbsp;&nbsp;AD5940PlatformCfg
<LI><a href="#[af]">&gt;&gt;</a>&nbsp;&nbsp;&nbsp;AD5940_LPRtiaCal
<LI><a href="#[6d]">&gt;&gt;</a>&nbsp;&nbsp;&nbsp;AD5940_LFOSCMeasure
<LI><a href="#[b6]">&gt;&gt;</a>&nbsp;&nbsp;&nbsp;__AD5940_TakeMeasurement
</UL>

<P><STRONG><a name="[9f]"></a>AD5940_INTCGetCfg</STRONG> (Thumb, 32 bytes, Stack size 16 bytes, ad5940.o(i.AD5940_INTCGetCfg))
<BR><BR>[Stack]<UL><LI>Max Depth = 108<LI>Call Chain = AD5940_INTCGetCfg &rArr; AD5940_ReadReg &rArr; AD5940_SEQReadReg &rArr; AD5940_SEQGenGetRegDefault &rArr; AD5940_SPIReadReg &rArr; AD5940_ReadWrite8B &rArr; AD5940_ReadWriteNBytes
</UL>
<BR>[Calls]<UL><LI><a href="#[78]">&gt;&gt;</a>&nbsp;&nbsp;&nbsp;AD5940_ReadReg
</UL>
<BR>[Called By]<UL><LI><a href="#[af]">&gt;&gt;</a>&nbsp;&nbsp;&nbsp;AD5940_LPRtiaCal
<LI><a href="#[6d]">&gt;&gt;</a>&nbsp;&nbsp;&nbsp;AD5940_LFOSCMeasure
</UL>

<P><STRONG><a name="[a0]"></a>AD5940_INTCGetFlag</STRONG> (Thumb, 30 bytes, Stack size 16 bytes, ad5940.o(i.AD5940_INTCGetFlag))
<BR><BR>[Stack]<UL><LI>Max Depth = 108<LI>Call Chain = AD5940_INTCGetFlag &rArr; AD5940_ReadReg &rArr; AD5940_SEQReadReg &rArr; AD5940_SEQGenGetRegDefault &rArr; AD5940_SPIReadReg &rArr; AD5940_ReadWrite8B &rArr; AD5940_ReadWriteNBytes
</UL>
<BR>[Calls]<UL><LI><a href="#[78]">&gt;&gt;</a>&nbsp;&nbsp;&nbsp;AD5940_ReadReg
</UL>
<BR>[Called By]<UL><LI><a href="#[d1]">&gt;&gt;</a>&nbsp;&nbsp;&nbsp;AppSWVISR
</UL>

<P><STRONG><a name="[a1]"></a>AD5940_INTCTestFlag</STRONG> (Thumb, 46 bytes, Stack size 24 bytes, ad5940.o(i.AD5940_INTCTestFlag))
<BR><BR>[Stack]<UL><LI>Max Depth = 116<LI>Call Chain = AD5940_INTCTestFlag &rArr; AD5940_ReadReg &rArr; AD5940_SEQReadReg &rArr; AD5940_SEQGenGetRegDefault &rArr; AD5940_SPIReadReg &rArr; AD5940_ReadWrite8B &rArr; AD5940_ReadWriteNBytes
</UL>
<BR>[Calls]<UL><LI><a href="#[78]">&gt;&gt;</a>&nbsp;&nbsp;&nbsp;AD5940_ReadReg
</UL>
<BR>[Called By]<UL><LI><a href="#[d4]">&gt;&gt;</a>&nbsp;&nbsp;&nbsp;AppSWVInit
<LI><a href="#[af]">&gt;&gt;</a>&nbsp;&nbsp;&nbsp;AD5940_LPRtiaCal
<LI><a href="#[6d]">&gt;&gt;</a>&nbsp;&nbsp;&nbsp;AD5940_LFOSCMeasure
<LI><a href="#[b6]">&gt;&gt;</a>&nbsp;&nbsp;&nbsp;__AD5940_TakeMeasurement
</UL>

<P><STRONG><a name="[66]"></a>AD5940_Initialize</STRONG> (Thumb, 166 bytes, Stack size 120 bytes, ad5940.o(i.AD5940_Initialize))
<BR><BR>[Stack]<UL><LI>Max Depth = 212<LI>Call Chain = AD5940_Initialize &rArr; AD5940_ReadReg &rArr; AD5940_SEQReadReg &rArr; AD5940_SEQGenGetRegDefault &rArr; AD5940_SPIReadReg &rArr; AD5940_ReadWrite8B &rArr; AD5940_ReadWriteNBytes
</UL>
<BR>[Calls]<UL><LI><a href="#[95]">&gt;&gt;</a>&nbsp;&nbsp;&nbsp;AD5940_CsSet
<LI><a href="#[73]">&gt;&gt;</a>&nbsp;&nbsp;&nbsp;AD5940_WriteReg
<LI><a href="#[78]">&gt;&gt;</a>&nbsp;&nbsp;&nbsp;AD5940_ReadReg
<LI><a href="#[6f]">&gt;&gt;</a>&nbsp;&nbsp;&nbsp;__2printf
<LI><a href="#[82]">&gt;&gt;</a>&nbsp;&nbsp;&nbsp;__aeabi_memcpy4
</UL>
<BR>[Called By]<UL><LI><a href="#[64]">&gt;&gt;</a>&nbsp;&nbsp;&nbsp;AD5940PlatformCfg
</UL>

<P><STRONG><a name="[6d]"></a>AD5940_LFOSCMeasure</STRONG> (Thumb, 446 bytes, Stack size 160 bytes, ad5940.o(i.AD5940_LFOSCMeasure))
<BR><BR>[Stack]<UL><LI>Max Depth = 276<LI>Call Chain = AD5940_LFOSCMeasure &rArr; AD5940_INTCTestFlag &rArr; AD5940_ReadReg &rArr; AD5940_SEQReadReg &rArr; AD5940_SEQGenGetRegDefault &rArr; AD5940_SPIReadReg &rArr; AD5940_ReadWrite8B &rArr; AD5940_ReadWriteNBytes
</UL>
<BR>[Calls]<UL><LI><a href="#[5d]">&gt;&gt;</a>&nbsp;&nbsp;&nbsp;__aeabi_ui2f
<LI><a href="#[75]">&gt;&gt;</a>&nbsp;&nbsp;&nbsp;__aeabi_fmul
<LI><a href="#[53]">&gt;&gt;</a>&nbsp;&nbsp;&nbsp;__aeabi_fdiv
<LI><a href="#[4e]">&gt;&gt;</a>&nbsp;&nbsp;&nbsp;__aeabi_fadd
<LI><a href="#[83]">&gt;&gt;</a>&nbsp;&nbsp;&nbsp;__aeabi_f2uiz
<LI><a href="#[a2]">&gt;&gt;</a>&nbsp;&nbsp;&nbsp;__aeabi_cfcmple
<LI><a href="#[a8]">&gt;&gt;</a>&nbsp;&nbsp;&nbsp;AD5940_WUPTTime
<LI><a href="#[a6]">&gt;&gt;</a>&nbsp;&nbsp;&nbsp;AD5940_WUPTCtrl
<LI><a href="#[a5]">&gt;&gt;</a>&nbsp;&nbsp;&nbsp;AD5940_WUPTCfg
<LI><a href="#[a7]">&gt;&gt;</a>&nbsp;&nbsp;&nbsp;AD5940_SEQTimeOutRd
<LI><a href="#[a4]">&gt;&gt;</a>&nbsp;&nbsp;&nbsp;AD5940_SEQInfoCfg
<LI><a href="#[a3]">&gt;&gt;</a>&nbsp;&nbsp;&nbsp;AD5940_SEQGetCfg
<LI><a href="#[a9]">&gt;&gt;</a>&nbsp;&nbsp;&nbsp;AD5940_SEQCtrlS
<LI><a href="#[69]">&gt;&gt;</a>&nbsp;&nbsp;&nbsp;AD5940_SEQCfg
<LI><a href="#[a1]">&gt;&gt;</a>&nbsp;&nbsp;&nbsp;AD5940_INTCTestFlag
<LI><a href="#[9f]">&gt;&gt;</a>&nbsp;&nbsp;&nbsp;AD5940_INTCGetCfg
<LI><a href="#[6b]">&gt;&gt;</a>&nbsp;&nbsp;&nbsp;AD5940_INTCClrFlag
<LI><a href="#[6a]">&gt;&gt;</a>&nbsp;&nbsp;&nbsp;AD5940_INTCCfg
</UL>
<BR>[Called By]<UL><LI><a href="#[64]">&gt;&gt;</a>&nbsp;&nbsp;&nbsp;AD5940PlatformCfg
</UL>

<P><STRONG><a name="[aa]"></a>AD5940_LPAMPCfgS</STRONG> (Thumb, 106 bytes, Stack size 16 bytes, ad5940.o(i.AD5940_LPAMPCfgS))
<BR><BR>[Stack]<UL><LI>Max Depth = 84<LI>Call Chain = AD5940_LPAMPCfgS &rArr; AD5940_WriteReg &rArr; AD5940_SPIWriteReg &rArr; AD5940_ReadWrite8B &rArr; AD5940_ReadWriteNBytes
</UL>
<BR>[Calls]<UL><LI><a href="#[73]">&gt;&gt;</a>&nbsp;&nbsp;&nbsp;AD5940_WriteReg
</UL>
<BR>[Called By]<UL><LI><a href="#[ae]">&gt;&gt;</a>&nbsp;&nbsp;&nbsp;AD5940_LPLoopCfgS
</UL>

<P><STRONG><a name="[ab]"></a>AD5940_LPDAC0WriteS</STRONG> (Thumb, 28 bytes, Stack size 16 bytes, ad5940.o(i.AD5940_LPDAC0WriteS))
<BR><BR>[Stack]<UL><LI>Max Depth = 84<LI>Call Chain = AD5940_LPDAC0WriteS &rArr; AD5940_WriteReg &rArr; AD5940_SPIWriteReg &rArr; AD5940_ReadWrite8B &rArr; AD5940_ReadWriteNBytes
</UL>
<BR>[Calls]<UL><LI><a href="#[73]">&gt;&gt;</a>&nbsp;&nbsp;&nbsp;AD5940_WriteReg
</UL>
<BR>[Called By]<UL><LI><a href="#[ad]">&gt;&gt;</a>&nbsp;&nbsp;&nbsp;AD5940_LPDACCfgS
</UL>

<P><STRONG><a name="[ac]"></a>AD5940_LPDAC1WriteS</STRONG> (Thumb, 28 bytes, Stack size 16 bytes, ad5940.o(i.AD5940_LPDAC1WriteS))
<BR><BR>[Stack]<UL><LI>Max Depth = 84<LI>Call Chain = AD5940_LPDAC1WriteS &rArr; AD5940_WriteReg &rArr; AD5940_SPIWriteReg &rArr; AD5940_ReadWrite8B &rArr; AD5940_ReadWriteNBytes
</UL>
<BR>[Calls]<UL><LI><a href="#[73]">&gt;&gt;</a>&nbsp;&nbsp;&nbsp;AD5940_WriteReg
</UL>
<BR>[Called By]<UL><LI><a href="#[ad]">&gt;&gt;</a>&nbsp;&nbsp;&nbsp;AD5940_LPDACCfgS
</UL>

<P><STRONG><a name="[ad]"></a>AD5940_LPDACCfgS</STRONG> (Thumb, 116 bytes, Stack size 16 bytes, ad5940.o(i.AD5940_LPDACCfgS))
<BR><BR>[Stack]<UL><LI>Max Depth = 100<LI>Call Chain = AD5940_LPDACCfgS &rArr; AD5940_LPDAC1WriteS &rArr; AD5940_WriteReg &rArr; AD5940_SPIWriteReg &rArr; AD5940_ReadWrite8B &rArr; AD5940_ReadWriteNBytes
</UL>
<BR>[Calls]<UL><LI><a href="#[73]">&gt;&gt;</a>&nbsp;&nbsp;&nbsp;AD5940_WriteReg
<LI><a href="#[ac]">&gt;&gt;</a>&nbsp;&nbsp;&nbsp;AD5940_LPDAC1WriteS
<LI><a href="#[ab]">&gt;&gt;</a>&nbsp;&nbsp;&nbsp;AD5940_LPDAC0WriteS
</UL>
<BR>[Called By]<UL><LI><a href="#[ae]">&gt;&gt;</a>&nbsp;&nbsp;&nbsp;AD5940_LPLoopCfgS
</UL>

<P><STRONG><a name="[ae]"></a>AD5940_LPLoopCfgS</STRONG> (Thumb, 20 bytes, Stack size 8 bytes, ad5940.o(i.AD5940_LPLoopCfgS))
<BR><BR>[Stack]<UL><LI>Max Depth = 108<LI>Call Chain = AD5940_LPLoopCfgS &rArr; AD5940_LPDACCfgS &rArr; AD5940_LPDAC1WriteS &rArr; AD5940_WriteReg &rArr; AD5940_SPIWriteReg &rArr; AD5940_ReadWrite8B &rArr; AD5940_ReadWriteNBytes
</UL>
<BR>[Calls]<UL><LI><a href="#[ad]">&gt;&gt;</a>&nbsp;&nbsp;&nbsp;AD5940_LPDACCfgS
<LI><a href="#[aa]">&gt;&gt;</a>&nbsp;&nbsp;&nbsp;AD5940_LPAMPCfgS
</UL>
<BR>[Called By]<UL><LI><a href="#[d7]">&gt;&gt;</a>&nbsp;&nbsp;&nbsp;AppSWVSeqInitGen
<LI><a href="#[cc]">&gt;&gt;</a>&nbsp;&nbsp;&nbsp;AD5940_ShutDownS
<LI><a href="#[af]">&gt;&gt;</a>&nbsp;&nbsp;&nbsp;AD5940_LPRtiaCal
</UL>

<P><STRONG><a name="[af]"></a>AD5940_LPRtiaCal</STRONG> (Thumb, 1672 bytes, Stack size 488 bytes, ad5940.o(i.AD5940_LPRtiaCal))
<BR><BR>[Stack]<UL><LI>Max Depth = 704<LI>Call Chain = AD5940_LPRtiaCal &rArr; AD5940_ComplexPhase &rArr; atan2 &rArr; atan &rArr; __kernel_poly &rArr; __aeabi_dmul &rArr; _double_epilogue &rArr; _double_round
</UL>
<BR>[Calls]<UL><LI><a href="#[5d]">&gt;&gt;</a>&nbsp;&nbsp;&nbsp;__aeabi_ui2f
<LI><a href="#[5f]">&gt;&gt;</a>&nbsp;&nbsp;&nbsp;__aeabi_ui2d
<LI><a href="#[75]">&gt;&gt;</a>&nbsp;&nbsp;&nbsp;__aeabi_fmul
<LI><a href="#[53]">&gt;&gt;</a>&nbsp;&nbsp;&nbsp;__aeabi_fdiv
<LI><a href="#[4e]">&gt;&gt;</a>&nbsp;&nbsp;&nbsp;__aeabi_fadd
<LI><a href="#[83]">&gt;&gt;</a>&nbsp;&nbsp;&nbsp;__aeabi_f2uiz
<LI><a href="#[6e]">&gt;&gt;</a>&nbsp;&nbsp;&nbsp;__aeabi_f2d
<LI><a href="#[5a]">&gt;&gt;</a>&nbsp;&nbsp;&nbsp;__aeabi_dmul
<LI><a href="#[5b]">&gt;&gt;</a>&nbsp;&nbsp;&nbsp;__aeabi_ddiv
<LI><a href="#[60]">&gt;&gt;</a>&nbsp;&nbsp;&nbsp;__aeabi_d2f
<LI><a href="#[b2]">&gt;&gt;</a>&nbsp;&nbsp;&nbsp;__aeabi_cfrcmple
<LI><a href="#[b0]">&gt;&gt;</a>&nbsp;&nbsp;&nbsp;__aeabi_cfcmpeq
<LI><a href="#[b1]">&gt;&gt;</a>&nbsp;&nbsp;&nbsp;__aeabi_cdrcmple
<LI><a href="#[80]">&gt;&gt;</a>&nbsp;&nbsp;&nbsp;AD5940_Delay10us
<LI><a href="#[73]">&gt;&gt;</a>&nbsp;&nbsp;&nbsp;AD5940_WriteReg
<LI><a href="#[b7]">&gt;&gt;</a>&nbsp;&nbsp;&nbsp;AD5940_WGFreqWordCal
<LI><a href="#[b5]">&gt;&gt;</a>&nbsp;&nbsp;&nbsp;AD5940_WGDACCodeS
<LI><a href="#[b4]">&gt;&gt;</a>&nbsp;&nbsp;&nbsp;AD5940_StructInit
<LI><a href="#[9a]">&gt;&gt;</a>&nbsp;&nbsp;&nbsp;AD5940_SWMatrixCfgS
<LI><a href="#[78]">&gt;&gt;</a>&nbsp;&nbsp;&nbsp;AD5940_ReadReg
<LI><a href="#[b8]">&gt;&gt;</a>&nbsp;&nbsp;&nbsp;AD5940_ReadAfeResult
<LI><a href="#[ae]">&gt;&gt;</a>&nbsp;&nbsp;&nbsp;AD5940_LPLoopCfgS
<LI><a href="#[a1]">&gt;&gt;</a>&nbsp;&nbsp;&nbsp;AD5940_INTCTestFlag
<LI><a href="#[9f]">&gt;&gt;</a>&nbsp;&nbsp;&nbsp;AD5940_INTCGetCfg
<LI><a href="#[6b]">&gt;&gt;</a>&nbsp;&nbsp;&nbsp;AD5940_INTCClrFlag
<LI><a href="#[6a]">&gt;&gt;</a>&nbsp;&nbsp;&nbsp;AD5940_INTCCfg
<LI><a href="#[98]">&gt;&gt;</a>&nbsp;&nbsp;&nbsp;AD5940_HSLoopCfgS
<LI><a href="#[8c]">&gt;&gt;</a>&nbsp;&nbsp;&nbsp;AD5940_DSPCfgS
<LI><a href="#[89]">&gt;&gt;</a>&nbsp;&nbsp;&nbsp;AD5940_ComplexPhase
<LI><a href="#[87]">&gt;&gt;</a>&nbsp;&nbsp;&nbsp;AD5940_ComplexMag
<LI><a href="#[86]">&gt;&gt;</a>&nbsp;&nbsp;&nbsp;AD5940_ComplexDivInt
<LI><a href="#[79]">&gt;&gt;</a>&nbsp;&nbsp;&nbsp;AD5940_AFECtrlS
<LI><a href="#[72]">&gt;&gt;</a>&nbsp;&nbsp;&nbsp;AD5940_ADCBaseCfgS
<LI><a href="#[b6]">&gt;&gt;</a>&nbsp;&nbsp;&nbsp;__AD5940_TakeMeasurement
<LI><a href="#[b3]">&gt;&gt;</a>&nbsp;&nbsp;&nbsp;__AD5940_ReferenceON
<LI><a href="#[82]">&gt;&gt;</a>&nbsp;&nbsp;&nbsp;__aeabi_memcpy4
</UL>
<BR>[Called By]<UL><LI><a href="#[d5]">&gt;&gt;</a>&nbsp;&nbsp;&nbsp;AppSWVRtiaCal
</UL>

[...]
<LI><a href="#[de]">&gt;&gt;</a>&nbsp;&nbsp;&nbsp;MCUPlatformInit
<LI><a href="#[b9]">&gt;&gt;</a>&nbsp;&nbsp;&nbsp;AD5940_MCUResourceInit
</UL>
<BR>[Address Reference Count : 1]<UL><LI> entry9a.o(.ARM.Collect$$$$0000000B)
</UL>
<P><STRONG><a name="[f6]"></a>malloc</STRONG> (Thumb, 92 bytes, Stack size 20 bytes, malloc.o(i.malloc))
<BR><BR>[Stack]<UL><LI>Max Depth = 20<LI>Call Chain = malloc
</UL>
<BR>[Called By]<UL><LI><a href="#[e3]">&gt;&gt;</a>&nbsp;&nbsp;&nbsp;fit_cubic_fun
</UL>

<P><STRONG><a name="[e2]"></a>moving_window</STRONG> (Thumb, 240 bytes, Stack size 40 bytes, fit_curve.o(i.moving_window))
<BR><BR>[Stack]<UL><LI>Max Depth = 60<LI>Call Chain = moving_window &rArr; __aeabi_fadd &rArr; _float_epilogue
</UL>
<BR>[Calls]<UL><LI><a href="#[5c]">&gt;&gt;</a>&nbsp;&nbsp;&nbsp;__aeabi_i2f
<LI><a href="#[53]">&gt;&gt;</a>&nbsp;&nbsp;&nbsp;__aeabi_fdiv
<LI><a href="#[4e]">&gt;&gt;</a>&nbsp;&nbsp;&nbsp;__aeabi_fadd
<LI><a href="#[dd]">&gt;&gt;</a>&nbsp;&nbsp;&nbsp;__aeabi_f2iz
<LI><a href="#[a2]">&gt;&gt;</a>&nbsp;&nbsp;&nbsp;__aeabi_cfcmple
</UL>
<BR>[Called By]<UL><LI><a href="#[e0]">&gt;&gt;</a>&nbsp;&nbsp;&nbsp;RampShowResult
</UL>

<P><STRONG><a name="[88]"></a>sqrt</STRONG> (Thumb, 76 bytes, Stack size 24 bytes, sqrt.o(i.sqrt))
<BR><BR>[Stack]<UL><LI>Max Depth = 64<LI>Call Chain = sqrt &rArr; _dsqrt &rArr; _double_round
</UL>
<BR>[Calls]<UL><LI><a href="#[61]">&gt;&gt;</a>&nbsp;&nbsp;&nbsp;_dsqrt
<LI><a href="#[f5]">&gt;&gt;</a>&nbsp;&nbsp;&nbsp;__set_errno
</UL>
<BR>[Called By]<UL><LI><a href="#[87]">&gt;&gt;</a>&nbsp;&nbsp;&nbsp;AD5940_ComplexMag
</UL>
<P>
<H3>
Local Symbols
</H3>
<P><STRONG><a name="[94]"></a>AD5940_ReadWrite16B</STRONG> (Thumb, 40 bytes, Stack size 16 bytes, ad5940.o(i.AD5940_ReadWrite16B))
<BR><BR>[Stack]<UL><LI>Max Depth = 36<LI>Call Chain = AD5940_ReadWrite16B &rArr; AD5940_ReadWriteNBytes
</UL>
<BR>[Calls]<UL><LI><a href="#[c2]">&gt;&gt;</a>&nbsp;&nbsp;&nbsp;AD5940_ReadWriteNBytes
</UL>
<BR>[Called By]<UL><LI><a href="#[91]">&gt;&gt;</a>&nbsp;&nbsp;&nbsp;AD5940_FIFORd
<LI><a href="#[cb]">&gt;&gt;</a>&nbsp;&nbsp;&nbsp;AD5940_SPIWriteReg
<LI><a href="#[c1]">&gt;&gt;</a>&nbsp;&nbsp;&nbsp;AD5940_SPIReadReg
</UL>

<P><STRONG><a name="[96]"></a>AD5940_ReadWrite32B</STRONG> (Thumb, 68 bytes, Stack size 16 bytes, ad5940.o(i.AD5940_ReadWrite32B))
<BR><BR>[Stack]<UL><LI>Max Depth = 36<LI>Call Chain = AD5940_ReadWrite32B &rArr; AD5940_ReadWriteNBytes
</UL>
<BR>[Calls]<UL><LI><a href="#[c2]">&gt;&gt;</a>&nbsp;&nbsp;&nbsp;AD5940_ReadWriteNBytes
</UL>
<BR>[Called By]<UL><LI><a href="#[91]">&gt;&gt;</a>&nbsp;&nbsp;&nbsp;AD5940_FIFORd
<LI><a href="#[cb]">&gt;&gt;</a>&nbsp;&nbsp;&nbsp;AD5940_SPIWriteReg
<LI><a href="#[c1]">&gt;&gt;</a>&nbsp;&nbsp;&nbsp;AD5940_SPIReadReg
</UL>

<P><STRONG><a name="[93]"></a>AD5940_ReadWrite8B</STRONG> (Thumb, 22 bytes, Stack size 16 bytes, ad5940.o(i.AD5940_ReadWrite8B))
<BR><BR>[Stack]<UL><LI>Max Depth = 36<LI>Call Chain = AD5940_ReadWrite8B &rArr; AD5940_ReadWriteNBytes
</UL>
<BR>[Calls]<UL><LI><a href="#[c2]">&gt;&gt;</a>&nbsp;&nbsp;&nbsp;AD5940_ReadWriteNBytes
</UL>
<BR>[Called By]<UL><LI><a href="#[91]">&gt;&gt;</a>&nbsp;&nbsp;&nbsp;AD5940_FIFORd
<LI><a href="#[cb]">&gt;&gt;</a>&nbsp;&nbsp;&nbsp;AD5940_SPIWriteReg
<LI><a href="#[c1]">&gt;&gt;</a>&nbsp;&nbsp;&nbsp;AD5940_SPIReadReg
</UL>

<P><STRONG><a name="[c4]"></a>AD5940_SEQGenGetRegDefault</STRONG> (Thumb, 18 bytes, Stack size 16 bytes, ad5940.o(i.AD5940_SEQGenGetRegDefault))
<BR><BR>[Stack]<UL><LI>Max Depth = 68<LI>Call Chain = AD5940_SEQGenGetRegDefault &rArr; AD5940_SPIReadReg &rArr; AD5940_ReadWrite8B &rArr; AD5940_ReadWriteNBytes
</UL>
<BR>[Calls]<UL><LI><a href="#[c1]">&gt;&gt;</a>&nbsp;&nbsp;&nbsp;AD5940_SPIReadReg
</UL>
<BR>[Called By]<UL><LI><a href="#[c0]">&gt;&gt;</a>&nbsp;&nbsp;&nbsp;AD5940_SEQReadReg
</UL>

<P><STRONG><a name="[c7]"></a>AD5940_SEQGenSearchReg</STRONG> (Thumb, 46 bytes, Stack size 0 bytes, ad5940.o(i.AD5940_SEQGenSearchReg))
<BR><BR>[Called By]<UL><LI><a href="#[c9]">&gt;&gt;</a>&nbsp;&nbsp;&nbsp;AD5940_SEQWriteReg
<LI><a href="#[c0]">&gt;&gt;</a>&nbsp;&nbsp;&nbsp;AD5940_SEQReadReg
</UL>

<P><STRONG><a name="[c0]"></a>AD5940_SEQReadReg</STRONG> (Thumb, 50 bytes, Stack size 16 bytes, ad5940.o(i.AD5940_SEQReadReg))
<BR><BR>[Stack]<UL><LI>Max Depth = 84<LI>Call Chain = AD5940_SEQReadReg &rArr; AD5940_SEQGenGetRegDefault &rArr; AD5940_SPIReadReg &rArr; AD5940_ReadWrite8B &rArr; AD5940_ReadWriteNBytes
</UL>
<BR>[Calls]<UL><LI><a href="#[c8]">&gt;&gt;</a>&nbsp;&nbsp;&nbsp;AD5940_SEQRegInfoInsert
<LI><a href="#[c7]">&gt;&gt;</a>&nbsp;&nbsp;&nbsp;AD5940_SEQGenSearchReg
<LI><a href="#[c4]">&gt;&gt;</a>&nbsp;&nbsp;&nbsp;AD5940_SEQGenGetRegDefault
</UL>
<BR>[Called By]<UL><LI><a href="#[78]">&gt;&gt;</a>&nbsp;&nbsp;&nbsp;AD5940_ReadReg
</UL>

<P><STRONG><a name="[c8]"></a>AD5940_SEQRegInfoInsert</STRONG> (Thumb, 86 bytes, Stack size 8 bytes, ad5940.o(i.AD5940_SEQRegInfoInsert))
<BR><BR>[Stack]<UL><LI>Max Depth = 8<LI>Call Chain = AD5940_SEQRegInfoInsert
</UL>
<BR>[Called By]<UL><LI><a href="#[c9]">&gt;&gt;</a>&nbsp;&nbsp;&nbsp;AD5940_SEQWriteReg
<LI><a href="#[c0]">&gt;&gt;</a>&nbsp;&nbsp;&nbsp;AD5940_SEQReadReg
</UL>

<P><STRONG><a name="[c9]"></a>AD5940_SEQWriteReg</STRONG> (Thumb, 118 bytes, Stack size 16 bytes, ad5940.o(i.AD5940_SEQWriteReg))
<BR><BR>[Stack]<UL><LI>Max Depth = 24<LI>Call Chain = AD5940_SEQWriteReg &rArr; AD5940_SEQRegInfoInsert
</UL>
<BR>[Calls]<UL><LI><a href="#[ca]">&gt;&gt;</a>&nbsp;&nbsp;&nbsp;AD5940_SEQGenInsert
<LI><a href="#[c8]">&gt;&gt;</a>&nbsp;&nbsp;&nbsp;AD5940_SEQRegInfoInsert
<LI><a href="#[c7]">&gt;&gt;</a>&nbsp;&nbsp;&nbsp;AD5940_SEQGenSearchReg
</UL>
<BR>[Called By]<UL><LI><a href="#[73]">&gt;&gt;</a>&nbsp;&nbsp;&nbsp;AD5940_WriteReg
</UL>

<P><STRONG><a name="[c1]"></a>AD5940_SPIReadReg</STRONG> (Thumb, 82 bytes, Stack size 16 bytes, ad5940.o(i.AD5940_SPIReadReg))
<BR><BR>[Stack]<UL><LI>Max Depth = 52<LI>Call Chain = AD5940_SPIReadReg &rArr; AD5940_ReadWrite8B &rArr; AD5940_ReadWriteNBytes
</UL>
<BR>[Calls]<UL><LI><a href="#[95]">&gt;&gt;</a>&nbsp;&nbsp;&nbsp;AD5940_CsSet
<LI><a href="#[92]">&gt;&gt;</a>&nbsp;&nbsp;&nbsp;AD5940_CsClr
<LI><a href="#[93]">&gt;&gt;</a>&nbsp;&nbsp;&nbsp;AD5940_ReadWrite8B
<LI><a href="#[96]">&gt;&gt;</a>&nbsp;&nbsp;&nbsp;AD5940_ReadWrite32B
<LI><a href="#[94]">&gt;&gt;</a>&nbsp;&nbsp;&nbsp;AD5940_ReadWrite16B
</UL>
<BR>[Called By]<UL><LI><a href="#[78]">&gt;&gt;</a>&nbsp;&nbsp;&nbsp;AD5940_ReadReg
<LI><a href="#[c4]">&gt;&gt;</a>&nbsp;&nbsp;&nbsp;AD5940_SEQGenGetRegDefault
</UL>

<P><STRONG><a name="[cb]"></a>AD5940_SPIWriteReg</STRONG> (Thumb, 70 bytes, Stack size 16 bytes, ad5940.o(i.AD5940_SPIWriteReg))
<BR><BR>[Stack]<UL><LI>Max Depth = 52<LI>Call Chain = AD5940_SPIWriteReg &rArr; AD5940_ReadWrite8B &rArr; AD5940_ReadWriteNBytes
</UL>
<BR>[Calls]<UL><LI><a href="#[95]">&gt;&gt;</a>&nbsp;&nbsp;&nbsp;AD5940_CsSet
<LI><a href="#[92]">&gt;&gt;</a>&nbsp;&nbsp;&nbsp;AD5940_CsClr
<LI><a href="#[93]">&gt;&gt;</a>&nbsp;&nbsp;&nbsp;AD5940_ReadWrite8B
<LI><a href="#[96]">&gt;&gt;</a>&nbsp;&nbsp;&nbsp;AD5940_ReadWrite32B
<LI><a href="#[94]">&gt;&gt;</a>&nbsp;&nbsp;&nbsp;AD5940_ReadWrite16B
</UL>
<BR>[Called By]<UL><LI><a href="#[73]">&gt;&gt;</a>&nbsp;&nbsp;&nbsp;AD5940_WriteReg
</UL>

<P><STRONG><a name="[b3]"></a>__AD5940_ReferenceON</STRONG> (Thumb, 66 bytes, Stack size 24 bytes, ad5940.o(i.__AD5940_ReferenceON))
<BR><BR>[Stack]<UL><LI>Max Depth = 132<LI>Call Chain = __AD5940_ReferenceON &rArr; AD5940_REFCfgS &rArr; AD5940_ReadReg &rArr; AD5940_SEQReadReg &rArr; AD5940_SEQGenGetRegDefault &rArr; AD5940_SPIReadReg &rArr; AD5940_ReadWrite8B &rArr; AD5940_ReadWriteNBytes
</UL>
<BR>[Calls]<UL><LI><a href="#[bf]">&gt;&gt;</a>&nbsp;&nbsp;&nbsp;AD5940_REFCfgS
</UL>
<BR>[Called By]<UL><LI><a href="#[af]">&gt;&gt;</a>&nbsp;&nbsp;&nbsp;AD5940_LPRtiaCal
</UL>

<P><STRONG><a name="[9c]"></a>__AD5940_SetDExRTIA</STRONG> (Thumb, 90 bytes, Stack size 40 bytes, ad5940.o(i.__AD5940_SetDExRTIA))
<BR><BR>[Stack]<UL><LI>Max Depth = 108<LI>Call Chain = __AD5940_SetDExRTIA &rArr; AD5940_WriteReg &rArr; AD5940_SPIWriteReg &rArr; AD5940_ReadWrite8B &rArr; AD5940_ReadWriteNBytes
</UL>
<BR>[Calls]<UL><LI><a href="#[73]">&gt;&gt;</a>&nbsp;&nbsp;&nbsp;AD5940_WriteReg
</UL>
<BR>[Called By]<UL><LI><a href="#[99]">&gt;&gt;</a>&nbsp;&nbsp;&nbsp;AD5940_HSTIACfgS
</UL>

<P><STRONG><a name="[b6]"></a>__AD5940_TakeMeasurement</STRONG> (Thumb, 80 bytes, Stack size 16 bytes, ad5940.o(i.__AD5940_TakeMeasurement))
<BR><BR>[Stack]<UL><LI>Max Depth = 132<LI>Call Chain = __AD5940_TakeMeasurement &rArr; AD5940_INTCTestFlag &rArr; AD5940_ReadReg &rArr; AD5940_SEQReadReg &rArr; AD5940_SEQGenGetRegDefault &rArr; AD5940_SPIReadReg &rArr; AD5940_ReadWrite8B &rArr; AD5940_ReadWriteNBytes
</UL>
<BR>[Calls]<UL><LI><a href="#[80]">&gt;&gt;</a>&nbsp;&nbsp;&nbsp;AD5940_Delay10us
<LI><a href="#[b8]">&gt;&gt;</a>&nbsp;&nbsp;&nbsp;AD5940_ReadAfeResult
<LI><a href="#[a1]">&gt;&gt;</a>&nbsp;&nbsp;&nbsp;AD5940_INTCTestFlag
<LI><a href="#[6b]">&gt;&gt;</a>&nbsp;&nbsp;&nbsp;AD5940_INTCClrFlag
<LI><a href="#[79]">&gt;&gt;</a>&nbsp;&nbsp;&nbsp;AD5940_AFECtrlS
</UL>
<BR>[Called By]<UL><LI><a href="#[af]">&gt;&gt;</a>&nbsp;&nbsp;&nbsp;AD5940_LPRtiaCal
</UL>

<P><STRONG><a name="[be]"></a>_is_value_in_table</STRONG> (Thumb, 32 bytes, Stack size 12 bytes, ad5940.o(i._is_value_in_table))
<BR><BR>[Stack]<UL><LI>Max Depth = 12<LI>Call Chain = _is_value_in_table
</UL>
<BR>[Called By]<UL><LI><a href="#[85]">&gt;&gt;</a>&nbsp;&nbsp;&nbsp;AD5940_Notch60HzAvailable
<LI><a href="#[84]">&gt;&gt;</a>&nbsp;&nbsp;&nbsp;AD5940_Notch50HzAvailable
</UL>

<P><STRONG><a name="[64]"></a>AD5940PlatformCfg</STRONG> (Thumb, 222 bytes, Stack size 96 bytes, ad5940main.o(i.AD5940PlatformCfg))
<BR><BR>[Stack]<UL><LI>Max Depth = 372<LI>Call Chain = AD5940PlatformCfg &rArr; AD5940_LFOSCMeasure &rArr; AD5940_INTCTestFlag &rArr; AD5940_ReadReg &rArr; AD5940_SEQReadReg &rArr; AD5940_SEQGenGetRegDefault &rArr; AD5940_SPIReadReg &rArr; AD5940_ReadWrite8B &rArr; AD5940_ReadWriteNBytes
</UL>
<BR>[Calls]<UL><LI><a href="#[6e]">&gt;&gt;</a>&nbsp;&nbsp;&nbsp;__aeabi_f2d
<LI><a href="#[69]">&gt;&gt;</a>&nbsp;&nbsp;&nbsp;AD5940_SEQCfg
<LI><a href="#[6d]">&gt;&gt;</a>&nbsp;&nbsp;&nbsp;AD5940_LFOSCMeasure
<LI><a href="#[66]">&gt;&gt;</a>&nbsp;&nbsp;&nbsp;AD5940_Initialize
<LI><a href="#[6b]">&gt;&gt;</a>&nbsp;&nbsp;&nbsp;AD5940_INTCClrFlag
<LI><a href="#[6a]">&gt;&gt;</a>&nbsp;&nbsp;&nbsp;AD5940_INTCCfg
<LI><a href="#[65]">&gt;&gt;</a>&nbsp;&nbsp;&nbsp;AD5940_HWReset
<LI><a href="#[68]">&gt;&gt;</a>&nbsp;&nbsp;&nbsp;AD5940_FIFOCfg
<LI><a href="#[67]">&gt;&gt;</a>&nbsp;&nbsp;&nbsp;AD5940_CLKCfg
<LI><a href="#[6c]">&gt;&gt;</a>&nbsp;&nbsp;&nbsp;AD5940_AGPIOCfg
<LI><a href="#[6f]">&gt;&gt;</a>&nbsp;&nbsp;&nbsp;__2printf
</UL>
<BR>[Called By]<UL><LI><a href="#[bc]">&gt;&gt;</a>&nbsp;&nbsp;&nbsp;admin
</UL>

<P><STRONG><a name="[e0]"></a>RampShowResult</STRONG> (Thumb, 704 bytes, Stack size 112 bytes, ad5940main.o(i.RampShowResult))
<BR><BR>[Stack]<UL><LI>Max Depth = 348<LI>Call Chain = RampShowResult &rArr; fit_cubic_fun &rArr; __aeabi_frsub &rArr; __aeabi_fadd &rArr; _float_epilogue
</UL>
<BR>[Calls]<UL><LI><a href="#[e2]">&gt;&gt;</a>&nbsp;&nbsp;&nbsp;moving_window
<LI><a href="#[e1]">&gt;&gt;</a>&nbsp;&nbsp;&nbsp;golay
<LI><a href="#[e3]">&gt;&gt;</a>&nbsp;&nbsp;&nbsp;fit_cubic_fun
<LI><a href="#[5d]">&gt;&gt;</a>&nbsp;&nbsp;&nbsp;__aeabi_ui2f
<LI><a href="#[51]">&gt;&gt;</a>&nbsp;&nbsp;&nbsp;__aeabi_fsub
<LI><a href="#[4e]">&gt;&gt;</a>&nbsp;&nbsp;&nbsp;__aeabi_fadd
<LI><a href="#[6e]">&gt;&gt;</a>&nbsp;&nbsp;&nbsp;__aeabi_f2d
<LI><a href="#[a2]">&gt;&gt;</a>&nbsp;&nbsp;&nbsp;__aeabi_cfcmple
<LI><a href="#[6f]">&gt;&gt;</a>&nbsp;&nbsp;&nbsp;__2printf
</UL>
<BR>[Called By]<UL><LI><a href="#[bc]">&gt;&gt;</a>&nbsp;&nbsp;&nbsp;admin
</UL>

<P><STRONG><a name="[d0]"></a>AppSWVDataProcess</STRONG> (Thumb, 76 bytes, Stack size 32 bytes, sqrwavevoltammetry.o(i.AppSWVDataProcess))
<BR><BR>[Stack]<UL><LI>Max Depth = 80<LI>Call Chain = AppSWVDataProcess &rArr; AD5940_ADCCode2Volt &rArr; __aeabi_fmul
</UL>
<BR>[Calls]<UL><LI><a href="#[75]">&gt;&gt;</a>&nbsp;&nbsp;&nbsp;__aeabi_fmul
<LI><a href="#[53]">&gt;&gt;</a>&nbsp;&nbsp;&nbsp;__aeabi_fdiv
<LI><a href="#[74]">&gt;&gt;</a>&nbsp;&nbsp;&nbsp;AD5940_ADCCode2Volt
</UL>
<BR>[Called By]<UL><LI><a href="#[d1]">&gt;&gt;</a>&nbsp;&nbsp;&nbsp;AppSWVISR
</UL>

<P><STRONG><a name="[d3]"></a>AppSWVRegModify</STRONG> (Thumb, 30 bytes, Stack size 16 bytes, sqrwavevoltammetry.o(i.AppSWVRegModify))
<BR><BR>[Stack]<UL><LI>Max Depth = 124<LI>Call Chain = AppSWVRegModify &rArr; AD5940_WUPTCtrl &rArr; AD5940_ReadReg &rArr; AD5940_SEQReadReg &rArr; AD5940_SEQGenGetRegDefault &rArr; AD5940_SPIReadReg &rArr; AD5940_ReadWrite8B &rArr; AD5940_ReadWriteNBytes
</UL>
<BR>[Calls]<UL><LI><a href="#[a6]">&gt;&gt;</a>&nbsp;&nbsp;&nbsp;AD5940_WUPTCtrl
</UL>
<BR>[Called By]<UL><LI><a href="#[d1]">&gt;&gt;</a>&nbsp;&nbsp;&nbsp;AppSWVISR
</UL>

<P><STRONG><a name="[d5]"></a>AppSWVRtiaCal</STRONG> (Thumb, 170 bytes, Stack size 96 bytes, sqrwavevoltammetry.o(i.AppSWVRtiaCal))
<BR><BR>[Stack]<UL><LI>Max Depth = 800<LI>Call Chain = AppSWVRtiaCal &rArr; AD5940_LPRtiaCal &rArr; AD5940_ComplexPhase &rArr; atan2 &rArr; atan &rArr; __kernel_poly &rArr; __aeabi_dmul &rArr; _double_epilogue &rArr; _double_round
</UL>
<BR>[Calls]<UL><LI><a href="#[75]">&gt;&gt;</a>&nbsp;&nbsp;&nbsp;__aeabi_fmul
<LI><a href="#[53]">&gt;&gt;</a>&nbsp;&nbsp;&nbsp;__aeabi_fdiv
<LI><a href="#[6e]">&gt;&gt;</a>&nbsp;&nbsp;&nbsp;__aeabi_f2d
<LI><a href="#[b4]">&gt;&gt;</a>&nbsp;&nbsp;&nbsp;AD5940_StructInit
<LI><a href="#[af]">&gt;&gt;</a>&nbsp;&nbsp;&nbsp;AD5940_LPRtiaCal
<LI><a href="#[6f]">&gt;&gt;</a>&nbsp;&nbsp;&nbsp;__2printf
</UL>
<BR>[Called By]<UL><LI><a href="#[d4]">&gt;&gt;</a>&nbsp;&nbsp;&nbsp;AppSWVInit
</UL>

<P><STRONG><a name="[d8]"></a>AppSWVSeqADCCtrlGen</STRONG> (Thumb, 216 bytes, Stack size 56 bytes, sqrwavevoltammetry.o(i.AppSWVSeqADCCtrlGen))
<BR><BR>[Stack]<UL><LI>Max Depth = 228<LI>Call Chain = AppSWVSeqADCCtrlGen &rArr; AD5940_ClksCalculate &rArr;  AD5940_ClksCalculate (Cycle)
</UL>
<BR>[Calls]<UL><LI><a href="#[53]">&gt;&gt;</a>&nbsp;&nbsp;&nbsp;__aeabi_fdiv
<LI><a href="#[b4]">&gt;&gt;</a>&nbsp;&nbsp;&nbsp;AD5940_StructInit
<LI><a href="#[a4]">&gt;&gt;</a>&nbsp;&nbsp;&nbsp;AD5940_SEQInfoCfg
<LI><a href="#[c5]">&gt;&gt;</a>&nbsp;&nbsp;&nbsp;AD5940_SEQGpioCtrlS
<LI><a href="#[ca]">&gt;&gt;</a>&nbsp;&nbsp;&nbsp;AD5940_SEQGenInsert
<LI><a href="#[db]">&gt;&gt;</a>&nbsp;&nbsp;&nbsp;AD5940_SEQGenFetchSeq
<LI><a href="#[da]">&gt;&gt;</a>&nbsp;&nbsp;&nbsp;AD5940_SEQGenCtrl
<LI><a href="#[8e]">&gt;&gt;</a>&nbsp;&nbsp;&nbsp;AD5940_EnterSleepS
<LI><a href="#[81]">&gt;&gt;</a>&nbsp;&nbsp;&nbsp;AD5940_ClksCalculate
<LI><a href="#[79]">&gt;&gt;</a>&nbsp;&nbsp;&nbsp;AD5940_AFECtrlS
</UL>
<BR>[Called By]<UL><LI><a href="#[d4]">&gt;&gt;</a>&nbsp;&nbsp;&nbsp;AppSWVInit
</UL>

<P><STRONG><a name="[d2]"></a>AppSWVSeqDACCtrlGen</STRONG> (Thumb, 798 bytes, Stack size 64 bytes, sqrwavevoltammetry.o(i.AppSWVSeqDACCtrlGen))
<BR><BR>[Stack]<UL><LI>Max Depth = 156 + In Cycle
<LI>Call Chain = AppSWVSeqDACCtrlGen &rArr;  AppSWVSeqDACCtrlGen (Cycle)
</UL>
<BR>[Calls]<UL><LI><a href="#[dc]">&gt;&gt;</a>&nbsp;&nbsp;&nbsp;RampDacRegUpdate
<LI><a href="#[d2]">&gt;&gt;</a>&nbsp;&nbsp;&nbsp;AppSWVSeqDACCtrlGen
<LI><a href="#[51]">&gt;&gt;</a>&nbsp;&nbsp;&nbsp;__aeabi_fsub
<LI><a href="#[75]">&gt;&gt;</a>&nbsp;&nbsp;&nbsp;__aeabi_fmul
<LI><a href="#[53]">&gt;&gt;</a>&nbsp;&nbsp;&nbsp;__aeabi_fdiv
<LI><a href="#[83]">&gt;&gt;</a>&nbsp;&nbsp;&nbsp;__aeabi_f2uiz
<LI><a href="#[b2]">&gt;&gt;</a>&nbsp;&nbsp;&nbsp;__aeabi_cfrcmple
<LI><a href="#[a4]">&gt;&gt;</a>&nbsp;&nbsp;&nbsp;AD5940_SEQInfoCfg
<LI><a href="#[c3]">&gt;&gt;</a>&nbsp;&nbsp;&nbsp;AD5940_SEQCmdWrite
<LI><a href="#[6f]">&gt;&gt;</a>&nbsp;&nbsp;&nbsp;__2printf
</UL>
<BR>[Called By]<UL><LI><a href="#[d2]">&gt;&gt;</a>&nbsp;&nbsp;&nbsp;AppSWVSeqDACCtrlGen
<LI><a href="#[d4]">&gt;&gt;</a>&nbsp;&nbsp;&nbsp;AppSWVInit
<LI><a href="#[d1]">&gt;&gt;</a>&nbsp;&nbsp;&nbsp;AppSWVISR
</UL>

<P><STRONG><a name="[d7]"></a>AppSWVSeqInitGen</STRONG> (Thumb, 380 bytes, Stack size 168 bytes, sqrwavevoltammetry.o(i.AppSWVSeqInitGen))
<BR><BR>[Stack]<UL><LI>Max Depth = 300<LI>Call Chain = AppSWVSeqInitGen &rArr; AD5940_DSPCfgS &rArr; AD5940_ADCFilterCfgS &rArr; AD5940_AFECtrlS &rArr; AD5940_ReadReg &rArr; AD5940_SEQReadReg &rArr; AD5940_SEQGenGetRegDefault &rArr; AD5940_SPIReadReg &rArr; AD5940_ReadWrite8B &rArr; AD5940_ReadWriteNBytes
</UL>
<BR>[Calls]<UL><LI><a href="#[51]">&gt;&gt;</a>&nbsp;&nbsp;&nbsp;__aeabi_fsub
<LI><a href="#[53]">&gt;&gt;</a>&nbsp;&nbsp;&nbsp;__aeabi_fdiv
<LI><a href="#[83]">&gt;&gt;</a>&nbsp;&nbsp;&nbsp;__aeabi_f2uiz
<LI><a href="#[dd]">&gt;&gt;</a>&nbsp;&nbsp;&nbsp;__aeabi_f2iz
<LI><a href="#[b4]">&gt;&gt;</a>&nbsp;&nbsp;&nbsp;AD5940_StructInit
<LI><a href="#[a4]">&gt;&gt;</a>&nbsp;&nbsp;&nbsp;AD5940_SEQInfoCfg
<LI><a href="#[ca]">&gt;&gt;</a>&nbsp;&nbsp;&nbsp;AD5940_SEQGenInsert
<LI><a href="#[db]">&gt;&gt;</a>&nbsp;&nbsp;&nbsp;AD5940_SEQGenFetchSeq
<LI><a href="#[da]">&gt;&gt;</a>&nbsp;&nbsp;&nbsp;AD5940_SEQGenCtrl
<LI><a href="#[bf]">&gt;&gt;</a>&nbsp;&nbsp;&nbsp;AD5940_REFCfgS
<LI><a href="#[ae]">&gt;&gt;</a>&nbsp;&nbsp;&nbsp;AD5940_LPLoopCfgS
<LI><a href="#[8c]">&gt;&gt;</a>&nbsp;&nbsp;&nbsp;AD5940_DSPCfgS
<LI><a href="#[79]">&gt;&gt;</a>&nbsp;&nbsp;&nbsp;AD5940_AFECtrlS
</UL>
<BR>[Called By]<UL><LI><a href="#[d4]">&gt;&gt;</a>&nbsp;&nbsp;&nbsp;AppSWVInit
</UL>

<P><STRONG><a name="[dc]"></a>RampDacRegUpdate</STRONG> (Thumb, 1028 bytes, Stack size 24 bytes, sqrwavevoltammetry.o(i.RampDacRegUpdate))
<BR><BR>[Stack]<UL><LI>Max Depth = 44<LI>Call Chain = RampDacRegUpdate &rArr; __aeabi_fsub &rArr; __aeabi_fadd &rArr; _float_epilogue
</UL>
<BR>[Calls]<UL><LI><a href="#[5d]">&gt;&gt;</a>&nbsp;&nbsp;&nbsp;__aeabi_ui2f
<LI><a href="#[51]">&gt;&gt;</a>&nbsp;&nbsp;&nbsp;__aeabi_fsub
<LI><a href="#[75]">&gt;&gt;</a>&nbsp;&nbsp;&nbsp;__aeabi_fmul
<LI><a href="#[53]">&gt;&gt;</a>&nbsp;&nbsp;&nbsp;__aeabi_fdiv
<LI><a href="#[4e]">&gt;&gt;</a>&nbsp;&nbsp;&nbsp;__aeabi_fadd
<LI><a href="#[83]">&gt;&gt;</a>&nbsp;&nbsp;&nbsp;__aeabi_f2uiz
<LI><a href="#[b2]">&gt;&gt;</a>&nbsp;&nbsp;&nbsp;__aeabi_cfrcmple
</UL>
<BR>[Called By]<UL><LI><a href="#[d2]">&gt;&gt;</a>&nbsp;&nbsp;&nbsp;AppSWVSeqDACCtrlGen
</UL>

<P><STRONG><a name="[ed]"></a>_fp_digits</STRONG> (Thumb, 366 bytes, Stack size 64 bytes, printfa.o(i._fp_digits), UNUSED)
<BR><BR>[Calls]<UL><LI><a href="#[5a]">&gt;&gt;</a>&nbsp;&nbsp;&nbsp;__aeabi_dmul
<LI><a href="#[5b]">&gt;&gt;</a>&nbsp;&nbsp;&nbsp;__aeabi_ddiv
<LI><a href="#[54]">&gt;&gt;</a>&nbsp;&nbsp;&nbsp;__aeabi_dadd
<LI><a href="#[b1]">&gt;&gt;</a>&nbsp;&nbsp;&nbsp;__aeabi_cdrcmple
<LI><a href="#[48]">&gt;&gt;</a>&nbsp;&nbsp;&nbsp;__aeabi_uldivmod
<LI><a href="#[62]">&gt;&gt;</a>&nbsp;&nbsp;&nbsp;__aeabi_d2ulz
</UL>
<BR>[Called By]<UL><LI><a href="#[e7]">&gt;&gt;</a>&nbsp;&nbsp;&nbsp;_printf_core
</UL>

<P><STRONG><a name="[e7]"></a>_printf_core</STRONG> (Thumb, 1704 bytes, Stack size 136 bytes, printfa.o(i._printf_core), UNUSED)
<BR><BR>[Calls]<UL><LI><a href="#[48]">&gt;&gt;</a>&nbsp;&nbsp;&nbsp;__aeabi_uldivmod
<LI><a href="#[f0]">&gt;&gt;</a>&nbsp;&nbsp;&nbsp;__aeabi_uidivmod
<LI><a href="#[ee]">&gt;&gt;</a>&nbsp;&nbsp;&nbsp;_printf_pre_padding
<LI><a href="#[ef]">&gt;&gt;</a>&nbsp;&nbsp;&nbsp;_printf_post_padding
<LI><a href="#[ed]">&gt;&gt;</a>&nbsp;&nbsp;&nbsp;_fp_digits
</UL>
<BR>[Called By]<UL><LI><a href="#[e6]">&gt;&gt;</a>&nbsp;&nbsp;&nbsp;__0printf
</UL>

<P><STRONG><a name="[ef]"></a>_printf_post_padding</STRONG> (Thumb, 36 bytes, Stack size 24 bytes, printfa.o(i._printf_post_padding), UNUSED)
<BR><BR>[Called By]<UL><LI><a href="#[e7]">&gt;&gt;</a>&nbsp;&nbsp;&nbsp;_printf_core
</UL>

<P><STRONG><a name="[ee]"></a>_printf_pre_padding</STRONG> (Thumb, 46 bytes, Stack size 24 bytes, printfa.o(i._printf_pre_padding), UNUSED)
<BR><BR>[Called By]<UL><LI><a href="#[e7]">&gt;&gt;</a>&nbsp;&nbsp;&nbsp;_printf_core
</UL>
<P>
<H3>
Undefined Global Symbols
</H3><HR></body></html>
