Component: ARM Compiler 5.06 update 7 (build 960) Tool: armlink [4d3601]

==============================================================================

Section Cross References

    ad5940.o(i.AD5940_ADCBaseCfgS) refers to ad5940.o(i.AD5940_WriteReg) for AD5940_WriteReg
    ad5940.o(i.AD5940_ADCCode2Volt) refers to fflti.o(.text) for __aeabi_i2f
    ad5940.o(i.AD5940_ADCCode2Volt) refers to fdiv.o(.text) for __aeabi_fdiv
    ad5940.o(i.AD5940_ADCCode2Volt) refers to fmul.o(.text) for __aeabi_fmul
    ad5940.o(i.AD5940_ADCConvtCtrlS) refers to ad5940.o(i.AD5940_ReadReg) for AD5940_ReadReg
    ad5940.o(i.AD5940_ADCConvtCtrlS) refers to ad5940.o(i.AD5940_WriteReg) for AD5940_WriteReg
    ad5940.o(i.AD5940_ADCDigCompCfgS) refers to ad5940.o(i.AD5940_WriteReg) for AD5940_WriteReg
    ad5940.o(i.AD5940_ADCFilterCfgS) refers to ad5940.o(i.AD5940_ReadReg) for AD5940_ReadReg
    ad5940.o(i.AD5940_ADCFilterCfgS) refers to ad5940.o(i.AD5940_WriteReg) for AD5940_WriteReg
    ad5940.o(i.AD5940_ADCFilterCfgS) refers to ad5940.o(i.AD5940_AFECtrlS) for AD5940_AFECtrlS
    ad5940.o(i.AD5940_ADCMuxCfgS) refers to ad5940.o(i.AD5940_ReadReg) for AD5940_ReadReg
    ad5940.o(i.AD5940_ADCMuxCfgS) refers to ad5940.o(i.AD5940_WriteReg) for AD5940_WriteReg
    ad5940.o(i.AD5940_ADCPGACal) refers to f2d.o(.text) for __aeabi_f2d
    ad5940.o(i.AD5940_ADCPGACal) refers to cdrcmple.o(.text) for __aeabi_cdrcmple
    ad5940.o(i.AD5940_ADCPGACal) refers to ad5940.o(i.__AD5940_ReferenceON) for __AD5940_ReferenceON
    ad5940.o(i.AD5940_ADCPGACal) refers to ad5940.o(i.AD5940_ADCFilterCfgS) for AD5940_ADCFilterCfgS
    ad5940.o(i.AD5940_ADCPGACal) refers to ad5940.o(i.AD5940_AFECtrlS) for AD5940_AFECtrlS
    ad5940.o(i.AD5940_ADCPGACal) refers to adicup3029port.o(i.AD5940_Delay10us) for AD5940_Delay10us
    ad5940.o(i.AD5940_ADCPGACal) refers to ad5940.o(i.AD5940_INTCGetCfg) for AD5940_INTCGetCfg
    ad5940.o(i.AD5940_ADCPGACal) refers to ad5940.o(i.AD5940_INTCCfg) for AD5940_INTCCfg
    ad5940.o(i.AD5940_ADCPGACal) refers to ad5940.o(i.AD5940_WriteReg) for AD5940_WriteReg
    ad5940.o(i.AD5940_ADCPGACal) refers to ad5940.o(i.AD5940_ADCBaseCfgS) for AD5940_ADCBaseCfgS
    ad5940.o(i.AD5940_ADCPGACal) refers to ad5940.o(i.__AD5940_TakeMeasurement) for __AD5940_TakeMeasurement
    ad5940.o(i.AD5940_ADCPGACal) refers to ad5940.o(i.AD5940_ReadReg) for AD5940_ReadReg
    ad5940.o(i.AD5940_ADCPGACal) refers to fadd.o(.text) for __aeabi_fsub
    ad5940.o(i.AD5940_ADCPGACal) refers to fmul.o(.text) for __aeabi_fmul
    ad5940.o(i.AD5940_ADCPGACal) refers to fdiv.o(.text) for __aeabi_fdiv
    ad5940.o(i.AD5940_ADCPGACal) refers to ffixi.o(.text) for __aeabi_f2iz
    ad5940.o(i.AD5940_ADCPGACal) refers to ad5940.o(i.AD5940_HSLoopCfgS) for AD5940_HSLoopCfgS
    ad5940.o(i.AD5940_ADCPGACal) refers to ffltui.o(.text) for __aeabi_ui2f
    ad5940.o(i.AD5940_ADCPGACal) refers to ad5940.o(i.AD5940_ADCConvtCtrlS) for AD5940_ADCConvtCtrlS
    ad5940.o(i.AD5940_ADCPGACal) refers to ad5940.o(.constdata) for cal_registers
    ad5940.o(i.AD5940_ADCPowerCtrlS) refers to ad5940.o(i.AD5940_ReadReg) for AD5940_ReadReg
    ad5940.o(i.AD5940_ADCPowerCtrlS) refers to ad5940.o(i.AD5940_WriteReg) for AD5940_WriteReg
    ad5940.o(i.AD5940_ADCRepeatCfgS) refers to ad5940.o(i.AD5940_WriteReg) for AD5940_WriteReg
    ad5940.o(i.AD5940_AFECtrlS) refers to ad5940.o(i.AD5940_ReadReg) for AD5940_ReadReg
    ad5940.o(i.AD5940_AFECtrlS) refers to ad5940.o(i.AD5940_WriteReg) for AD5940_WriteReg
    ad5940.o(i.AD5940_AFEPwrBW) refers to ad5940.o(i.AD5940_WriteReg) for AD5940_WriteReg
    ad5940.o(i.AD5940_AGPIOCfg) refers to ad5940.o(i.AD5940_AGPIOFuncCfg) for AD5940_AGPIOFuncCfg
    ad5940.o(i.AD5940_AGPIOCfg) refers to ad5940.o(i.AD5940_AGPIOOen) for AD5940_AGPIOOen
    ad5940.o(i.AD5940_AGPIOCfg) refers to ad5940.o(i.AD5940_AGPIOIen) for AD5940_AGPIOIen
    ad5940.o(i.AD5940_AGPIOCfg) refers to ad5940.o(i.AD5940_AGPIOPen) for AD5940_AGPIOPen
    ad5940.o(i.AD5940_AGPIOCfg) refers to ad5940.o(i.AD5940_WriteReg) for AD5940_WriteReg
    ad5940.o(i.AD5940_AGPIOClr) refers to ad5940.o(i.AD5940_WriteReg) for AD5940_WriteReg
    ad5940.o(i.AD5940_AGPIOFuncCfg) refers to ad5940.o(i.AD5940_WriteReg) for AD5940_WriteReg
    ad5940.o(i.AD5940_AGPIOIen) refers to ad5940.o(i.AD5940_WriteReg) for AD5940_WriteReg
    ad5940.o(i.AD5940_AGPIOIn) refers to ad5940.o(i.AD5940_ReadReg) for AD5940_ReadReg
    ad5940.o(i.AD5940_AGPIOOen) refers to ad5940.o(i.AD5940_WriteReg) for AD5940_WriteReg
    ad5940.o(i.AD5940_AGPIOPen) refers to ad5940.o(i.AD5940_WriteReg) for AD5940_WriteReg
    ad5940.o(i.AD5940_AGPIOSet) refers to ad5940.o(i.AD5940_WriteReg) for AD5940_WriteReg
    ad5940.o(i.AD5940_AGPIOToggle) refers to ad5940.o(i.AD5940_WriteReg) for AD5940_WriteReg
    ad5940.o(i.AD5940_CLKCfg) refers to ad5940.o(i.AD5940_ReadReg) for AD5940_ReadReg
    ad5940.o(i.AD5940_CLKCfg) refers to ad5940.o(i.AD5940_WriteReg) for AD5940_WriteReg
[...]
    C:\\Users\\Admin\\AppData\\Local\\Arm\\Packs\\AnalogDevices\\ADuCM302x_DFP\\3.2.1\\Source\\drivers\\dma\\adi_dma.c 0x00000000   Number         0  adi_dma.o ABSOLUTE
    C:\\Users\\Admin\\AppData\\Local\\Arm\\Packs\\AnalogDevices\\ADuCM302x_DFP\\3.2.1\\Source\\drivers\\pwr\\adi_pwr.c 0x00000000   Number         0  adi_pwr.o ABSOLUTE
    FIT_CURVE.c                              0x00000000   Number         0  fit_curve.o ABSOLUTE
    RTE\Device\ADuCM3029\system_ADuCM3029.c  0x00000000   Number         0  system_aducm3029.o ABSOLUTE
    RTE\\Device\\ADuCM3029\\startup_ADuCM3029.s 0x00000000   Number         0  startup_aducm3029.o ABSOLUTE
    RTE\\Device\\ADuCM3029\\system_ADuCM3029.c 0x00000000   Number         0  system_aducm3029.o ABSOLUTE
    cdcmple.s                                0x00000000   Number         0  cdcmple.o ABSOLUTE
    cdrcmple.s                               0x00000000   Number         0  cdrcmple.o ABSOLUTE
    cfcmple.s                                0x00000000   Number         0  cfcmple.o ABSOLUTE
    cfrcmple.s                               0x00000000   Number         0  cfrcmple.o ABSOLUTE
    dc.s                                     0x00000000   Number         0  dc.o ABSOLUTE
    handlers.s                               0x00000000   Number         0  handlers.o ABSOLUTE
    init.s                                   0x00000000   Number         0  init.o ABSOLUTE
    main.c                                   0x00000000   Number         0  main.o ABSOLUTE
    main.c                                   0x00000000   Number         0  main.o ABSOLUTE
    .ARM.Collect$$$$00000000                 0x00000144   Section        0  entry.o(.ARM.Collect$$$$00000000)
    .ARM.Collect$$$$00000001                 0x00000144   Section        4  entry2.o(.ARM.Collect$$$$00000001)
    .ARM.Collect$$$$00000004                 0x00000148   Section        4  entry5.o(.ARM.Collect$$$$00000004)
    .ARM.Collect$$$$00000008                 0x0000014c   Section        0  entry7b.o(.ARM.Collect$$$$00000008)
    .ARM.Collect$$$$0000000A                 0x0000014c   Section        0  entry8b.o(.ARM.Collect$$$$0000000A)
    .ARM.Collect$$$$0000000B                 0x0000014c   Section        8  entry9a.o(.ARM.Collect$$$$0000000B)
    .ARM.Collect$$$$0000000E                 0x00000154   Section        4  entry12b.o(.ARM.Collect$$$$0000000E)
    .ARM.Collect$$$$0000000F                 0x00000158   Section        0  entry10a.o(.ARM.Collect$$$$0000000F)
    .ARM.Collect$$$$00000011                 0x00000158   Section        0  entry11a.o(.ARM.Collect$$$$00000011)
    .ARM.Collect$$$$00002712                 0x00000158   Section        4  entry2.o(.ARM.Collect$$$$00002712)
    __lit__00000000                          0x00000158   Data           4  entry2.o(.ARM.Collect$$$$00002712)
    .text                                    0x0000015c   Section       36  startup_aducm3029.o(.text)
    .ARM.__AT_0x00000180                     0x00000180   Section       32  system_aducm3029.o(.ARM.__AT_0x00000180)
    .text                                    0x000001a0   Section        0  uldiv.o(.text)
    .text                                    0x00000202   Section        0  llshl.o(.text)
    .text                                    0x00000220   Section        0  llsshr.o(.text)
    .text                                    0x00000244   Section        0  memcpya.o(.text)
    .text                                    0x00000268   Section        0  memseta.o(.text)
    .text                                    0x0000028c   Section        0  strstr.o(.text)
    .text                                    0x000002b0   Section        0  strcspn.o(.text)
    .text                                    0x000002d2   Section        0  fadd.o(.text)
    .text                                    0x00000382   Section        0  fmul.o(.text)
    .text                                    0x000003e6   Section        0  fdiv.o(.text)
    .text                                    0x00000462   Section        0  dadd.o(.text)
    .text                                    0x000005b0   Section        0  dmul.o(.text)
    .text                                    0x00000694   Section        0  ddiv.o(.text)
    .text                                    0x00000772   Section        0  fflti.o(.text)
    .text                                    0x00000784   Section        0  ffltui.o(.text)
    .text                                    0x0000078e   Section        0  ffltl.o(.text)
    .text                                    0x000007ba   Section        0  dfltui.o(.text)
    .text                                    0x000007d4   Section        0  ffixi.o(.text)
    .text                                    0x00000806   Section        0  ffixui.o(.text)
    .text                                    0x0000082e   Section        0  f2d.o(.text)
    .text                                    0x00000854   Section       48  cdcmple.o(.text)
    .text                                    0x00000884   Section       48  cdrcmple.o(.text)
    .text                                    0x000008b4   Section        0  d2f.o(.text)
    .text                                    0x000008ec   Section       20  cfcmple.o(.text)
    .text                                    0x00000900   Section       20  cfrcmple.o(.text)
    .text                                    0x00000914   Section        0  uidiv.o(.text)
    .text                                    0x00000940   Section        0  llushr.o(.text)
    .text                                    0x00000960   Section        0  fepilogue.o(.text)
    .text                                    0x00000960   Section        0  iusefp.o(.text)
    .text                                    0x000009ce   Section        0  depilogue.o(.text)
    .text                                    0x00000a88   Section        0  dscalb.o(.text)
    .text                                    0x00000ab6   Section        0  dsqrt.o(.text)
    .text                                    0x00000b58   Section        0  dfixul.o(.text)
    .text                                    0x00000b88   Section       36  init.o(.text)
    .text                                    0x00000bac   Section        0  __dczerorl2.o(.text)
    i.AD5940PlatformCfg                      0x00000c04   Section        0  ad5940main.o(i.AD5940PlatformCfg)
    AD5940PlatformCfg                        0x00000c05   Thumb Code   222  ad5940main.o(i.AD5940PlatformCfg)
    i.AD5940RampStructInit                   0x00000d04   Section        0  ad5940main.o(i.AD5940RampStructInit)
    i.AD5940_ADCBaseCfgS                     0x00000dc4   Section        0  ad5940.o(i.AD5940_ADCBaseCfgS)
    i.AD5940_ADCCode2Volt                    0x00000de4   Section        0  ad5940.o(i.AD5940_ADCCode2Volt)
    i.AD5940_ADCDigCompCfgS                  0x00000e78   Section        0  ad5940.o(i.AD5940_ADCDigCompCfgS)
    i.AD5940_ADCFilterCfgS                   0x00000ea6   Section        0  ad5940.o(i.AD5940_ADCFilterCfgS)
    i.AD5940_AFECtrlS                        0x00000efa   Section        0  ad5940.o(i.AD5940_AFECtrlS)
    i.AD5940_AFEPwrBW                        0x00000f58   Section        0  ad5940.o(i.AD5940_AFEPwrBW)
    i.AD5940_AGPIOCfg                        0x00000f70   Section        0  ad5940.o(i.AD5940_AGPIOCfg)
    i.AD5940_AGPIOFuncCfg                    0x00000f96   Section        0  ad5940.o(i.AD5940_AGPIOFuncCfg)
    i.AD5940_AGPIOIen                        0x00000fa4   Section        0  ad5940.o(i.AD5940_AGPIOIen)
    i.AD5940_AGPIOOen                        0x00000fb2   Section        0  ad5940.o(i.AD5940_AGPIOOen)
    i.AD5940_AGPIOPen                        0x00000fc0   Section        0  ad5940.o(i.AD5940_AGPIOPen)
    i.AD5940_CLKCfg                          0x00000fce   Section        0  ad5940.o(i.AD5940_CLKCfg)
    i.AD5940_ClksCalculate                   0x000010f0   Section        0  ad5940.o(i.AD5940_ClksCalculate)
    i.AD5940_ClrMCUIntFlag                   0x000012b0   Section        0  adicup3029port.o(i.AD5940_ClrMCUIntFlag)
    i.AD5940_ComplexDivInt                   0x000012c8   Section        0  ad5940.o(i.AD5940_ComplexDivInt)
    i.AD5940_ComplexMag                      0x0000139a   Section        0  ad5940.o(i.AD5940_ComplexMag)
    i.AD5940_ComplexPhase                    0x000013d0   Section        0  ad5940.o(i.AD5940_ComplexPhase)
    i.AD5940_CsClr                           0x00001400   Section        0  adicup3029port.o(i.AD5940_CsClr)
    i.AD5940_CsSet                           0x00001410   Section        0  adicup3029port.o(i.AD5940_CsSet)
    i.AD5940_DFTCfgS                         0x00001420   Section        0  ad5940.o(i.AD5940_DFTCfgS)
    i.AD5940_DSPCfgS                         0x00001476   Section        0  ad5940.o(i.AD5940_DSPCfgS)
    i.AD5940_Delay10us                       0x000014a4   Section        0  adicup3029port.o(i.AD5940_Delay10us)
    i.AD5940_EnterSleepS                     0x00001500   Section        0  ad5940.o(i.AD5940_EnterSleepS)
    i.AD5940_FIFOCfg                         0x00001518   Section        0  ad5940.o(i.AD5940_FIFOCfg)
    i.AD5940_FIFOCtrlS                       0x00001574   Section        0  ad5940.o(i.AD5940_FIFOCtrlS)
    i.AD5940_FIFOGetCnt                      0x00001594   Section        0  ad5940.o(i.AD5940_FIFOGetCnt)
    i.AD5940_FIFORd                          0x000015a2   Section        0  ad5940.o(i.AD5940_FIFORd)
    i.AD5940_GetMCUIntFlag                   0x00001644   Section        0  adicup3029port.o(i.AD5940_GetMCUIntFlag)
    i.AD5940_HFOSC32MHzCtrl                  0x00001650   Section        0  ad5940.o(i.AD5940_HFOSC32MHzCtrl)
    i.AD5940_HSDacCfgS                       0x000016da   Section        0  ad5940.o(i.AD5940_HSDacCfgS)
    i.AD5940_HSLoopCfgS                      0x00001706   Section        0  ad5940.o(i.AD5940_HSLoopCfgS)
    i.AD5940_HSTIACfgS                       0x0000172a   Section        0  ad5940.o(i.AD5940_HSTIACfgS)
    i.AD5940_HWReset                         0x00001794   Section        0  ad5940.o(i.AD5940_HWReset)
    i.AD5940_INTCCfg                         0x000017ae   Section        0  ad5940.o(i.AD5940_INTCCfg)
    i.AD5940_INTCClrFlag                     0x000017e6   Section        0  ad5940.o(i.AD5940_INTCClrFlag)
    i.AD5940_INTCGetCfg                      0x000017f6   Section        0  ad5940.o(i.AD5940_INTCGetCfg)
    i.AD5940_INTCGetFlag                     0x00001816   Section        0  ad5940.o(i.AD5940_INTCGetFlag)
    i.AD5940_INTCTestFlag                    0x00001834   Section        0  ad5940.o(i.AD5940_INTCTestFlag)
    i.AD5940_Initialize                      0x00001864   Section        0  ad5940.o(i.AD5940_Initialize)
    i.AD5940_LFOSCMeasure                    0x000019a4   Section        0  ad5940.o(i.AD5940_LFOSCMeasure)
    i.AD5940_LPAMPCfgS                       0x00001b70   Section        0  ad5940.o(i.AD5940_LPAMPCfgS)
    i.AD5940_LPDAC0WriteS                    0x00001bda   Section        0  ad5940.o(i.AD5940_LPDAC0WriteS)
    i.AD5940_LPDAC1WriteS                    0x00001bf6   Section        0  ad5940.o(i.AD5940_LPDAC1WriteS)
    i.AD5940_LPDACCfgS                       0x00001c12   Section        0  ad5940.o(i.AD5940_LPDACCfgS)
    i.AD5940_LPLoopCfgS                      0x00001c86   Section        0  ad5940.o(i.AD5940_LPLoopCfgS)
    i.AD5940_LPRtiaCal                       0x00001c9c   Section        0  ad5940.o(i.AD5940_LPRtiaCal)
    i.AD5940_MCUResourceInit                 0x00002328   Section        0  adicup3029port.o(i.AD5940_MCUResourceInit)
    i.AD5940_Main                            0x000023e4   Section        0  ad5940main.o(i.AD5940_Main)
    i.AD5940_Notch50HzAvailable              0x00002414   Section        0  ad5940.o(i.AD5940_Notch50HzAvailable)
    i.AD5940_Notch60HzAvailable              0x00002500   Section        0  ad5940.o(i.AD5940_Notch60HzAvailable)
    i.AD5940_REFCfgS                         0x000025e0   Section        0  ad5940.o(i.AD5940_REFCfgS)
    i.AD5940_ReadAfeResult                   0x00002690   Section        0  ad5940.o(i.AD5940_ReadAfeResult)
    i.AD5940_ReadReg                         0x00002700   Section        0  ad5940.o(i.AD5940_ReadReg)
    i.AD5940_ReadWrite16B                    0x00002720   Section        0  ad5940.o(i.AD5940_ReadWrite16B)
    AD5940_ReadWrite16B                      0x00002721   Thumb Code    40  ad5940.o(i.AD5940_ReadWrite16B)
    i.AD5940_ReadWrite32B                    0x00002748   Section        0  ad5940.o(i.AD5940_ReadWrite32B)
    AD5940_ReadWrite32B                      0x00002749   Thumb Code    68  ad5940.o(i.AD5940_ReadWrite32B)
    i.AD5940_ReadWrite8B                     0x0000278c   Section        0  ad5940.o(i.AD5940_ReadWrite8B)
    AD5940_ReadWrite8B                       0x0000278d   Thumb Code    22  ad5940.o(i.AD5940_ReadWrite8B)
    i.AD5940_ReadWriteNBytes                 0x000027a2   Section        0  adicup3029port.o(i.AD5940_ReadWriteNBytes)
    i.AD5940_RstClr                          0x00002808   Section        0  adicup3029port.o(i.AD5940_RstClr)
    i.AD5940_RstSet                          0x00002814   Section        0  adicup3029port.o(i.AD5940_RstSet)
    i.AD5940_SEQCfg                          0x00002820   Section        0  ad5940.o(i.AD5940_SEQCfg)
    i.AD5940_SEQCmdWrite                     0x00002898   Section        0  ad5940.o(i.AD5940_SEQCmdWrite)
    i.AD5940_SEQCtrlS                        0x000028c2   Section        0  ad5940.o(i.AD5940_SEQCtrlS)
    i.AD5940_SEQGenCtrl                      0x000028ec   Section        0  ad5940.o(i.AD5940_SEQGenCtrl)
    i.AD5940_SEQGenFetchSeq                  0x00002908   Section        0  ad5940.o(i.AD5940_SEQGenFetchSeq)
    i.AD5940_SEQGenGetRegDefault             0x00002924   Section        0  ad5940.o(i.AD5940_SEQGenGetRegDefault)
    AD5940_SEQGenGetRegDefault               0x00002925   Thumb Code    18  ad5940.o(i.AD5940_SEQGenGetRegDefault)
    i.AD5940_SEQGenInit                      0x00002938   Section        0  ad5940.o(i.AD5940_SEQGenInit)
    i.AD5940_SEQGenInsert                    0x00002960   Section        0  ad5940.o(i.AD5940_SEQGenInsert)
    i.AD5940_SEQGenSearchReg                 0x00002998   Section        0  ad5940.o(i.AD5940_SEQGenSearchReg)
    AD5940_SEQGenSearchReg                   0x00002999   Thumb Code    46  ad5940.o(i.AD5940_SEQGenSearchReg)
    i.AD5940_SEQGetCfg                       0x000029cc   Section        0  ad5940.o(i.AD5940_SEQGetCfg)
    i.AD5940_SEQGpioCtrlS                    0x00002a06   Section        0  ad5940.o(i.AD5940_SEQGpioCtrlS)
    i.AD5940_SEQInfoCfg                      0x00002a16   Section        0  ad5940.o(i.AD5940_SEQInfoCfg)
    i.AD5940_SEQMmrTrig                      0x00002a8a   Section        0  ad5940.o(i.AD5940_SEQMmrTrig)
    i.AD5940_SEQReadReg                      0x00002aa8   Section        0  ad5940.o(i.AD5940_SEQReadReg)
    AD5940_SEQReadReg                        0x00002aa9   Thumb Code    50  ad5940.o(i.AD5940_SEQReadReg)
    i.AD5940_SEQRegInfoInsert                0x00002ae0   Section        0  ad5940.o(i.AD5940_SEQRegInfoInsert)
    AD5940_SEQRegInfoInsert                  0x00002ae1   Thumb Code    86  ad5940.o(i.AD5940_SEQRegInfoInsert)
    i.AD5940_SEQTimeOutRd                    0x00002b3c   Section        0  ad5940.o(i.AD5940_SEQTimeOutRd)
    i.AD5940_SEQWriteReg                     0x00002b48   Section        0  ad5940.o(i.AD5940_SEQWriteReg)
    AD5940_SEQWriteReg                       0x00002b49   Thumb Code   118  ad5940.o(i.AD5940_SEQWriteReg)
    i.AD5940_SPIReadReg                      0x00002bc4   Section        0  ad5940.o(i.AD5940_SPIReadReg)
    AD5940_SPIReadReg                        0x00002bc5   Thumb Code    82  ad5940.o(i.AD5940_SPIReadReg)
    i.AD5940_SPIWriteReg                     0x00002c16   Section        0  ad5940.o(i.AD5940_SPIWriteReg)
    AD5940_SPIWriteReg                       0x00002c17   Thumb Code    70  ad5940.o(i.AD5940_SPIWriteReg)
    i.AD5940_SWMatrixCfgS                    0x00002c5c   Section        0  ad5940.o(i.AD5940_SWMatrixCfgS)
    i.AD5940_ShutDownS                       0x00002c98   Section        0  ad5940.o(i.AD5940_ShutDownS)
    i.AD5940_SleepKeyCtrlS                   0x00002ccc   Section        0  ad5940.o(i.AD5940_SleepKeyCtrlS)
    i.AD5940_StatisticCfgS                   0x00002cdc   Section        0  ad5940.o(i.AD5940_StatisticCfgS)
    i.AD5940_StructInit                      0x00002d04   Section        0  ad5940.o(i.AD5940_StructInit)
    i.AD5940_WGCfgS                          0x00002d14   Section        0  ad5940.o(i.AD5940_WGCfgS)
    i.AD5940_WGDACCodeS                      0x00002dbe   Section        0  ad5940.o(i.AD5940_WGDACCodeS)
    i.AD5940_WGFreqWordCal                   0x00002dd4   Section        0  ad5940.o(i.AD5940_WGFreqWordCal)
    i.AD5940_WUPTCfg                         0x00002e5c   Section        0  ad5940.o(i.AD5940_WUPTCfg)
    i.AD5940_WUPTCtrl                        0x00002fb8   Section        0  ad5940.o(i.AD5940_WUPTCtrl)
    i.AD5940_WUPTTime                        0x00002fde   Section        0  ad5940.o(i.AD5940_WUPTTime)
    i.AD5940_WakeUp                          0x000030ba   Section        0  ad5940.o(i.AD5940_WakeUp)
    i.AD5940_WriteReg                        0x000030ec   Section        0  ad5940.o(i.AD5940_WriteReg)
    i.AppSWVCtrl                             0x00003114   Section        0  sqrwavevoltammetry.o(i.AppSWVCtrl)
    i.AppSWVDataProcess                      0x0000323c   Section        0  sqrwavevoltammetry.o(i.AppSWVDataProcess)
    AppSWVDataProcess                        0x0000323d   Thumb Code    76  sqrwavevoltammetry.o(i.AppSWVDataProcess)
    i.AppSWVGetCfg                           0x00003290   Section        0  sqrwavevoltammetry.o(i.AppSWVGetCfg)
    i.AppSWVISR                              0x000032a8   Section        0  sqrwavevoltammetry.o(i.AppSWVISR)
    i.AppSWVInit                             0x00003394   Section        0  sqrwavevoltammetry.o(i.AppSWVInit)
    i.AppSWVRegModify                        0x000034fc   Section        0  sqrwavevoltammetry.o(i.AppSWVRegModify)
    AppSWVRegModify                          0x000034fd   Thumb Code    30  sqrwavevoltammetry.o(i.AppSWVRegModify)
    i.AppSWVRtiaCal                          0x00003520   Section        0  sqrwavevoltammetry.o(i.AppSWVRtiaCal)
    AppSWVRtiaCal                            0x00003521   Thumb Code   170  sqrwavevoltammetry.o(i.AppSWVRtiaCal)
    i.AppSWVSeqADCCtrlGen                    0x000035e4   Section        0  sqrwavevoltammetry.o(i.AppSWVSeqADCCtrlGen)
    AppSWVSeqADCCtrlGen                      0x000035e5   Thumb Code   216  sqrwavevoltammetry.o(i.AppSWVSeqADCCtrlGen)
    i.AppSWVSeqDACCtrlGen                    0x000036c0   Section        0  sqrwavevoltammetry.o(i.AppSWVSeqDACCtrlGen)
    AppSWVSeqDACCtrlGen                      0x000036c1   Thumb Code   798  sqrwavevoltammetry.o(i.AppSWVSeqDACCtrlGen)
    i.AppSWVSeqInitGen                       0x00003a0c   Section        0  sqrwavevoltammetry.o(i.AppSWVSeqInitGen)
    AppSWVSeqInitGen                         0x00003a0d   Thumb Code   380  sqrwavevoltammetry.o(i.AppSWVSeqInitGen)
    i.Battery_Voltage_Int_Handler            0x00003b9c   Section        0  adi_pwr.o(i.Battery_Voltage_Int_Handler)
    i.Crystal_osc_Int_Handler                0x00003bd8   Section        0  adi_pwr.o(i.Crystal_osc_Int_Handler)
    i.DMA_Err_Int_Handler                    0x00003c40   Section        0  adi_dma.o(i.DMA_Err_Int_Handler)
    i.Ext_Int0_Handler                       0x00003cc8   Section        0  adicup3029port.o(i.Ext_Int0_Handler)
    i.MCUPlatformInit                        0x00003cdc   Section        0  main.o(i.MCUPlatformInit)
    i.PLL_Int_Handler                        0x00003d40   Section        0  adi_pwr.o(i.PLL_Int_Handler)
    i.RampDacRegUpdate                       0x00003d8c   Section        0  sqrwavevoltammetry.o(i.RampDacRegUpdate)
    RampDacRegUpdate                         0x00003d8d   Thumb Code  1028  sqrwavevoltammetry.o(i.RampDacRegUpdate)
    i.RampShowResult                         0x00004190   Section        0  ad5940main.o(i.RampShowResult)
    RampShowResult                           0x00004191   Thumb Code   704  ad5940main.o(i.RampShowResult)
    i.SystemInit                             0x00004504   Section        0  system_aducm3029.o(i.SystemInit)
    i.UART_Int_Handler                       0x00004544   Section        0  ad5940main.o(i.UART_Int_Handler)
    i.UrtCfg                                 0x00004588   Section        0  main.o(i.UrtCfg)
    i.Vreg_over_Int_Handler                  0x00004728   Section        0  adi_pwr.o(i.Vreg_over_Int_Handler)
    i.__0printf                              0x00004778   Section        0  printfa.o(i.__0printf)
    i.__AD5940_ReferenceON                   0x00004798   Section        0  ad5940.o(i.__AD5940_ReferenceON)
    __AD5940_ReferenceON                     0x00004799   Thumb Code    66  ad5940.o(i.__AD5940_ReferenceON)
    i.__AD5940_SetDExRTIA                    0x000047dc   Section        0  ad5940.o(i.__AD5940_SetDExRTIA)
    __AD5940_SetDExRTIA                      0x000047dd   Thumb Code    90  ad5940.o(i.__AD5940_SetDExRTIA)
    i.__AD5940_TakeMeasurement               0x0000483c   Section        0  ad5940.o(i.__AD5940_TakeMeasurement)
    __AD5940_TakeMeasurement                 0x0000483d   Thumb Code    80  ad5940.o(i.__AD5940_TakeMeasurement)
    i.__ARM_fpclassify                       0x00004890   Section        0  fpclassify.o(i.__ARM_fpclassify)
    i.__kernel_poly                          0x000048b8   Section        0  poly.o(i.__kernel_poly)
    i.__mathlib_dbl_infnan                   0x00004962   Section        0  dunder.o(i.__mathlib_dbl_infnan)
    i.__mathlib_dbl_infnan2                  0x00004968   Section        0  dunder.o(i.__mathlib_dbl_infnan2)
    i.__mathlib_dbl_underflow                0x0000496c   Section        0  dunder.o(i.__mathlib_dbl_underflow)
    i.__scatterload_copy                     0x0000497c   Section       14  handlers.o(i.__scatterload_copy)
    i.__scatterload_null                     0x0000498a   Section        2  handlers.o(i.__scatterload_null)
    i.__scatterload_zeroinit                 0x0000498c   Section       14  handlers.o(i.__scatterload_zeroinit)
    i.__set_errno                            0x0000499c   Section        0  errno.o(i.__set_errno)
    i._fp_digits                             0x000049a8   Section        0  printfa.o(i._fp_digits)
    _fp_digits                               0x000049a9   Thumb Code   366  printfa.o(i._fp_digits)
    i._is_value_in_table                     0x00004b2c   Section        0  ad5940.o(i._is_value_in_table)
    _is_value_in_table                       0x00004b2d   Thumb Code    32  ad5940.o(i._is_value_in_table)
    i._printf_core                           0x00004b4c   Section        0  printfa.o(i._printf_core)
    _printf_core                             0x00004b4d   Thumb Code  1704  printfa.o(i._printf_core)
    i._printf_post_padding                   0x00005200   Section        0  printfa.o(i._printf_post_padding)
    _printf_post_padding                     0x00005201   Thumb Code    36  printfa.o(i._printf_post_padding)
    i._printf_pre_padding                    0x00005224   Section        0  printfa.o(i._printf_pre_padding)
    _printf_pre_padding                      0x00005225   Thumb Code    46  printfa.o(i._printf_pre_padding)
    i.adi_system_EnableRetention             0x00005254   Section        0  system_aducm3029.o(i.adi_system_EnableRetention)
    i.admin                                  0x0000528c   Section        0  ad5940main.o(i.admin)
    i.atan                                   0x0000532c   Section        0  atan.o(i.atan)
    i.atan2                                  0x0000554c   Section        0  atan2.o(i.atan2)
    i.fit_cubic_fun                          0x000056e8   Section        0  fit_curve.o(i.fit_cubic_fun)
    i.fputc                                  0x00005a70   Section        0  main.o(i.fputc)
    i.free                                   0x00005a88   Section        0  malloc.o(i.free)
    i.golay                                  0x00005ad8   Section        0  fit_curve.o(i.golay)
    i.main                                   0x00005ba8   Section        0  main.o(i.main)
    i.malloc                                 0x00005bc0   Section        0  malloc.o(i.malloc)
    i.moving_window                          0x00005c2c   Section        0  fit_curve.o(i.moving_window)
    i.sqrt                                   0x00005d20   Section        0  sqrt.o(i.sqrt)
    .constdata                               0x00005d6c   Section      532  ad5940.o(.constdata)
    cal_registers                            0x00005ea4   Data          20  ad5940.o(.constdata)
    ideal_pga_gain                           0x00005eb8   Data          20  ad5940.o(.constdata)
    SeqA                                     0x00005f70   Data           4  ad5940.o(.constdata)
    SeqB                                     0x00005f74   Data           4  ad5940.o(.constdata)
    SeqBB                                    0x00005f78   Data           8  ad5940.o(.constdata)
    .constdata                               0x00005f80   Section       12  adi_dma.o(.constdata)
    pDMA_DevData                             0x00005f88   Data           4  adi_dma.o(.constdata)
    .constdata                               0x00005f90   Section      152  atan.o(.constdata)
    atanhi                                   0x00005f90   Data          32  atan.o(.constdata)
    atanlo                                   0x00005fb0   Data          32  atan.o(.constdata)
    aTodd                                    0x00005fd0   Data          40  atan.o(.constdata)
    aTeven                                   0x00005ff8   Data          48  atan.o(.constdata)
    .constdata                               0x00006028   Section        8  qnan.o(.constdata)
    .conststring                             0x00006030   Section       75  sqrwavevoltammetry.o(.conststring)
    .data                                    0x20000000   Section        1  ad5940.o(.data)
    bIsS2silicon                             0x20000000   Data           1  ad5940.o(.data)
    .data                                    0x20000004   Section        4  adicup3029port.o(.data)
    ucInterrupted                            0x20000004   Data           4  adicup3029port.o(.data)
    .data                                    0x20000008   Section       21  ad5940main.o(.data)
    cycle_count                              0x2000000c   Data           4  ad5940main.o(.data)
    peak_val                                 0x20000010   Data           4  ad5940main.o(.data)
    .data                                    0x20000020   Section      228  sqrwavevoltammetry.o(.data)
    AppSWVCfg                                0x20000020   Data         204  sqrwavevoltammetry.o(.data)
    bCmdForSeq0                              0x200000ec   Data           1  sqrwavevoltammetry.o(.data)
    DACSeqBlk0Addr                           0x200000f0   Data           4  sqrwavevoltammetry.o(.data)
    DACSeqBlk1Addr                           0x200000f4   Data           4  sqrwavevoltammetry.o(.data)
    StepsRemainning                          0x200000f8   Data           4  sqrwavevoltammetry.o(.data)
    StepsPerBlock                            0x200000fc   Data           4  sqrwavevoltammetry.o(.data)
    DACSeqCurrBlk                            0x20000100   Data           4  sqrwavevoltammetry.o(.data)
    .data                                    0x20000104   Section      484  fit_curve.o(.data)
    .data                                    0x200002e8   Section       12  adi_pwr.o(.data)
    gpfCallbackFunction                      0x200002e8   Data           4  adi_pwr.o(.data)
    gpPowcbParam                             0x200002ec   Data           4  adi_pwr.o(.data)
    gnLowPowerIntOccFlag                     0x200002f0   Data           4  adi_pwr.o(.data)
    .data                                    0x200002f4   Section        4  stdout.o(.data)
    .data                                    0x200002f8   Section        4  mvars.o(.data)
    .data                                    0x200002fc   Section        4  mvars.o(.data)
    .data                                    0x20000300   Section        4  errno.o(.data)
    _errno                                   0x20000300   Data           4  errno.o(.data)
    .bss                                     0x20000304   Section       28  ad5940.o(.bss)
    .bss                                     0x20000320   Section     7992  ad5940main.o(.bss)
    .bss                                     0x20002258   Section      644  fit_curve.o(.bss)
    .bss                                     0x20002800   Section     1248  adi_dma.o(.bss)
    gChannelControlDataArray                 0x20002800   Data        1024  adi_dma.o(.bss)
    DMA_DevData                              0x20002c00   Data         224  adi_dma.o(.bss)
    HEAP                                     0x20002ce0   Section     3072  startup_aducm3029.o(HEAP)
    STACK                                    0x200038e0   Section     1024  startup_aducm3029.o(STACK)

    Global Symbols

    Symbol Name                              Value     Ov Type        Size  Object(Section)

    BuildAttributes$$THM_ISAv4$P$D$K$B$S$PE$A:L22UL41UL21$X:L11$S22US41US21$IEEE1$IW$USESV6$~STKCKD$USESV7$~SHL$OTIME$ROPI$IEEEX$EBA8$MICROLIB$REQ8$PRES8$EABIv2 0x00000000   Number         0  anon$$obj.o ABSOLUTE
    __ARM_use_no_argv                        0x00000000   Number         0  main.o ABSOLUTE
    __Vectors                                0x00000000   Data           4  startup_aducm3029.o(RESET)
    __use_no_errno                           0x00000000   Number         0  useno.o ABSOLUTE
    __use_no_exception_handling              0x00000000   Number         0  useno.o ABSOLUTE
    __use_no_fp                              0x00000000   Number         0  useno.o ABSOLUTE
    __use_no_heap                            0x00000000   Number         0  useno.o ABSOLUTE
    __use_no_heap_region                     0x00000000   Number         0  useno.o ABSOLUTE
    __use_no_semihosting                     0x00000000   Number         0  useno.o ABSOLUTE
    __use_no_semihosting_swi                 0x00000000   Number         0  useno.o ABSOLUTE
    __use_no_signal_handling                 0x00000000   Number         0  useno.o ABSOLUTE
    _printf_a                                0x00000000   Number         0  stubs.o ABSOLUTE
    _printf_c                                0x00000000   Number         0  stubs.o ABSOLUTE
    _printf_charcount                        0x00000000   Number         0  stubs.o ABSOLUTE
    _printf_d                                0x00000000   Number         0  stubs.o ABSOLUTE
    _printf_e                                0x00000000   Number         0  stubs.o ABSOLUTE
    _printf_f                                0x00000000   Number         0  stubs.o ABSOLUTE
    _printf_flags                            0x00000000   Number         0  stubs.o ABSOLUTE
    _printf_fp_dec                           0x00000000   Number         0  stubs.o ABSOLUTE
    _printf_fp_hex                           0x00000000   Number         0  stubs.o ABSOLUTE
    _printf_g                                0x00000000   Number         0  stubs.o ABSOLUTE
    _printf_i                                0x00000000   Number         0  stubs.o ABSOLUTE
    _printf_int_dec                          0x00000000   Number         0  stubs.o ABSOLUTE
    _printf_l                                0x00000000   Number         0  stubs.o ABSOLUTE
    _printf_lc                               0x00000000   Number         0  stubs.o ABSOLUTE
    _printf_ll                               0x00000000   Number         0  stubs.o ABSOLUTE
    _printf_lld                              0x00000000   Number         0  stubs.o ABSOLUTE
    _printf_lli                              0x00000000   Number         0  stubs.o ABSOLUTE
    _printf_llo                              0x00000000   Number         0  stubs.o ABSOLUTE
    _printf_llu                              0x00000000   Number         0  stubs.o ABSOLUTE
    _printf_llx                              0x00000000   Number         0  stubs.o ABSOLUTE
    _printf_longlong_dec                     0x00000000   Number         0  stubs.o ABSOLUTE
    _printf_longlong_hex                     0x00000000   Number         0  stubs.o ABSOLUTE
    _printf_longlong_oct                     0x00000000   Number         0  stubs.o ABSOLUTE
    _printf_ls                               0x00000000   Number         0  stubs.o ABSOLUTE
    _printf_mbtowc                           0x00000000   Number         0  stubs.o ABSOLUTE
    _printf_n                                0x00000000   Number         0  stubs.o ABSOLUTE
    _printf_o                                0x00000000   Number         0  stubs.o ABSOLUTE
    _printf_p                                0x00000000   Number         0  stubs.o ABSOLUTE
    _printf_percent                          0x00000000   Number         0  stubs.o ABSOLUTE
    _printf_pre_padding                      0x00000000   Number         0  stubs.o ABSOLUTE
    _printf_return_value                     0x00000000   Number         0  stubs.o ABSOLUTE
    _printf_s                                0x00000000   Number         0  stubs.o ABSOLUTE
    _printf_sizespec                         0x00000000   Number         0  stubs.o ABSOLUTE
    _printf_str                              0x00000000   Number         0  stubs.o ABSOLUTE
    _printf_truncate_signed                  0x00000000   Number         0  stubs.o ABSOLUTE
    _printf_truncate_unsigned                0x00000000   Number         0  stubs.o ABSOLUTE
    _printf_u                                0x00000000   Number         0  stubs.o ABSOLUTE
    _printf_wc                               0x00000000   Number         0  stubs.o ABSOLUTE
    _printf_wctomb                           0x00000000   Number         0  stubs.o ABSOLUTE
    _printf_widthprec                        0x00000000   Number         0  stubs.o ABSOLUTE
    _printf_x                                0x00000000   Number         0  stubs.o ABSOLUTE
    __arm_fini_                               - Undefined Weak Reference
    __cpp_initialize__aeabi_                  - Undefined Weak Reference
    __cxa_finalize                            - Undefined Weak Reference
    _clock_init                               - Undefined Weak Reference
    _microlib_exit                            - Undefined Weak Reference
    __Vectors_End                            0x00000144   Data           0  startup_aducm3029.o(RESET)
    __Vectors_Size                           0x00000144   Number         0  startup_aducm3029.o ABSOLUTE
    __main                                   0x00000145   Thumb Code     0  entry.o(.ARM.Collect$$$$00000000)
    _main_stk                                0x00000145   Thumb Code     0  entry2.o(.ARM.Collect$$$$00000001)
    _main_scatterload                        0x00000149   Thumb Code     0  entry5.o(.ARM.Collect$$$$00000004)
    __main_after_scatterload                 0x0000014d   Thumb Code     0  entry5.o(.ARM.Collect$$$$00000004)
    _main_clock                              0x0000014d   Thumb Code     0  entry7b.o(.ARM.Collect$$$$00000008)
    _main_cpp_init                           0x0000014d   Thumb Code     0  entry8b.o(.ARM.Collect$$$$0000000A)
    _main_init                               0x0000014d   Thumb Code     0  entry9a.o(.ARM.Collect$$$$0000000B)
    __rt_lib_shutdown_fini                   0x00000155   Thumb Code     0  entry12b.o(.ARM.Collect$$$$0000000E)
    __rt_final_cpp                           0x00000159   Thumb Code     0  entry10a.o(.ARM.Collect$$$$0000000F)
    __rt_final_exit                          0x00000159   Thumb Code     0  entry11a.o(.ARM.Collect$$$$00000011)
    Reset_Handler                            0x0000015d   Thumb Code     8  startup_aducm3029.o(.text)
    NMI_Handler                              0x00000165   Thumb Code     2  startup_aducm3029.o(.text)
    HardFault_Handler                        0x00000167   Thumb Code     2  startup_aducm3029.o(.text)
    MemManage_Handler                        0x00000169   Thumb Code     2  startup_aducm3029.o(.text)
    BusFault_Handler                         0x0000016b   Thumb Code     2  startup_aducm3029.o(.text)
    UsageFault_Handler                       0x0000016d   Thumb Code     2  startup_aducm3029.o(.text)
    SVC_Handler                              0x0000016f   Thumb Code     2  startup_aducm3029.o(.text)
    DebugMon_Handler                         0x00000171   Thumb Code     2  startup_aducm3029.o(.text)
    PendSV_Handler                           0x00000173   Thumb Code     2  startup_aducm3029.o(.text)
    SysTick_Handler                          0x00000175   Thumb Code     2  startup_aducm3029.o(.text)
    ADC_Int_Handler                          0x00000177   Thumb Code     0  startup_aducm3029.o(.text)
    Beep_Int_Handler                         0x00000177   Thumb Code     0  startup_aducm3029.o(.text)
    Crypto_Int_Handler                       0x00000177   Thumb Code     0  startup_aducm3029.o(.text)
    DMA_ADC0_Int_Handler                     0x00000177   Thumb Code     0  startup_aducm3029.o(.text)
    DMA_AES0_IN_Int_Handler                  0x00000177   Thumb Code     0  startup_aducm3029.o(.text)
    DMA_AES0_OUT_Int_Handler                 0x00000177   Thumb Code     0  startup_aducm3029.o(.text)
    DMA_FLASH0_Int_Handler                   0x00000177   Thumb Code     0  startup_aducm3029.o(.text)
    DMA_I2C0_MX_Int_Handler                  0x00000177   Thumb Code     0  startup_aducm3029.o(.text)
    DMA_I2C0_SRX_Int_Handler                 0x00000177   Thumb Code     0  startup_aducm3029.o(.text)
    DMA_I2C0_STX_Int_Handler                 0x00000177   Thumb Code     0  startup_aducm3029.o(.text)
    DMA_SIP0_Int_Handler                     0x00000177   Thumb Code     0  startup_aducm3029.o(.text)
    DMA_SIP1_Int_Handler                     0x00000177   Thumb Code     0  startup_aducm3029.o(.text)
    DMA_SIP2_Int_Handler                     0x00000177   Thumb Code     0  startup_aducm3029.o(.text)
    DMA_SIP3_Int_Handler                     0x00000177   Thumb Code     0  startup_aducm3029.o(.text)
    DMA_SIP4_Int_Handler                     0x00000177   Thumb Code     0  startup_aducm3029.o(.text)
    DMA_SIP5_Int_Handler                     0x00000177   Thumb Code     0  startup_aducm3029.o(.text)
    DMA_SIP6_Int_Handler                     0x00000177   Thumb Code     0  startup_aducm3029.o(.text)
    DMA_SIP7_Int_Handler                     0x00000177   Thumb Code     0  startup_aducm3029.o(.text)
    DMA_SPI0_RX_Int_Handler                  0x00000177   Thumb Code     0  startup_aducm3029.o(.text)
    DMA_SPI0_TX_Int_Handler                  0x00000177   Thumb Code     0  startup_aducm3029.o(.text)
    DMA_SPI1_RX_Int_Handler                  0x00000177   Thumb Code     0  startup_aducm3029.o(.text)
    DMA_SPI1_TX_Int_Handler                  0x00000177   Thumb Code     0  startup_aducm3029.o(.text)
    DMA_SPI2_RX_Int_Handler                  0x00000177   Thumb Code     0  startup_aducm3029.o(.text)
    DMA_SPI2_TX_Int_Handler                  0x00000177   Thumb Code     0  startup_aducm3029.o(.text)
    DMA_SPORT0A_Int_Handler                  0x00000177   Thumb Code     0  startup_aducm3029.o(.text)
    DMA_SPORT0B_Int_Handler                  0x00000177   Thumb Code     0  startup_aducm3029.o(.text)
    DMA_UART_RX_Int_Handler                  0x00000177   Thumb Code     0  startup_aducm3029.o(.text)
    DMA_UART_TX_Int_Handler                  0x00000177   Thumb Code     0  startup_aducm3029.o(.text)
    Ext_Int1_Handler                         0x00000177   Thumb Code     0  startup_aducm3029.o(.text)
    Ext_Int2_Handler                         0x00000177   Thumb Code     0  startup_aducm3029.o(.text)
    Ext_Int3_Handler                         0x00000177   Thumb Code     0  startup_aducm3029.o(.text)
    Flash0_Int_Handler                       0x00000177   Thumb Code     0  startup_aducm3029.o(.text)
    GPIO_A_Int_Handler                       0x00000177   Thumb Code     0  startup_aducm3029.o(.text)
    GPIO_B_Int_Handler                       0x00000177   Thumb Code     0  startup_aducm3029.o(.text)
    GP_Tmr0_Int_Handler                      0x00000177   Thumb Code     0  startup_aducm3029.o(.text)
    GP_Tmr1_Int_Handler                      0x00000177   Thumb Code     0  startup_aducm3029.o(.text)
    GP_Tmr2_Int_Handler                      0x00000177   Thumb Code     0  startup_aducm3029.o(.text)
    I2C0_Master_Int_Handler                  0x00000177   Thumb Code     0  startup_aducm3029.o(.text)
    I2C0_Slave_Int_Handler                   0x00000177   Thumb Code     0  startup_aducm3029.o(.text)
    RNG_Int_Handler                          0x00000177   Thumb Code     0  startup_aducm3029.o(.text)
    RTC0_Int_Handler                         0x00000177   Thumb Code     0  startup_aducm3029.o(.text)
    RTC1_Int_Handler                         0x00000177   Thumb Code     0  startup_aducm3029.o(.text)
    SPI0_Int_Handler                         0x00000177   Thumb Code     0  startup_aducm3029.o(.text)
    SPI1_Int_Handler                         0x00000177   Thumb Code     0  startup_aducm3029.o(.text)
    SPI2_Int_Handler                         0x00000177   Thumb Code     0  startup_aducm3029.o(.text)
    SPORT0A_Int_Handler                      0x00000177   Thumb Code     0  startup_aducm3029.o(.text)
    SPORT0B_Int_Handler                      0x00000177   Thumb Code     0  startup_aducm3029.o(.text)
    WDog_Tmr_Int_Handler                     0x00000177   Thumb Code     0  startup_aducm3029.o(.text)
    adi_aducm302x_security_options           0x00000180   Data          32  system_aducm3029.o(.ARM.__AT_0x00000180)
    __aeabi_uldivmod                         0x000001a1   Thumb Code    98  uldiv.o(.text)
    __aeabi_llsl                             0x00000203   Thumb Code    30  llshl.o(.text)
    _ll_shift_l                              0x00000203   Thumb Code     0  llshl.o(.text)
    __aeabi_lasr                             0x00000221   Thumb Code    36  llsshr.o(.text)
    _ll_sshift_r                             0x00000221   Thumb Code     0  llsshr.o(.text)
    __aeabi_memcpy                           0x00000245   Thumb Code    36  memcpya.o(.text)
    __aeabi_memcpy4                          0x00000245   Thumb Code     0  memcpya.o(.text)
    __aeabi_memcpy8                          0x00000245   Thumb Code     0  memcpya.o(.text)
    __aeabi_memset                           0x00000269   Thumb Code    14  memseta.o(.text)
    __aeabi_memset4                          0x00000269   Thumb Code     0  memseta.o(.text)
    __aeabi_memset8                          0x00000269   Thumb Code     0  memseta.o(.text)
    __aeabi_memclr                           0x00000277   Thumb Code     4  memseta.o(.text)
    __aeabi_memclr4                          0x00000277   Thumb Code     0  memseta.o(.text)
    __aeabi_memclr8                          0x00000277   Thumb Code     0  memseta.o(.text)
    _memset$wrapper                          0x0000027b   Thumb Code    18  memseta.o(.text)
    strstr                                   0x0000028d   Thumb Code    36  strstr.o(.text)
    strcspn                                  0x000002b1   Thumb Code    34  strcspn.o(.text)
    __aeabi_fadd                             0x000002d3   Thumb Code   164  fadd.o(.text)
    __aeabi_fsub                             0x00000377   Thumb Code     6  fadd.o(.text)
    __aeabi_frsub                            0x0000037d   Thumb Code     6  fadd.o(.text)
    __aeabi_fmul                             0x00000383   Thumb Code   100  fmul.o(.text)
    __aeabi_fdiv                             0x000003e7   Thumb Code   124  fdiv.o(.text)
    __aeabi_dadd                             0x00000463   Thumb Code   322  dadd.o(.text)
    __aeabi_dsub                             0x000005a5   Thumb Code     6  dadd.o(.text)
    __aeabi_drsub                            0x000005ab   Thumb Code     6  dadd.o(.text)
    __aeabi_dmul                             0x000005b1   Thumb Code   228  dmul.o(.text)
    __aeabi_ddiv                             0x00000695   Thumb Code   222  ddiv.o(.text)
    __aeabi_i2f                              0x00000773   Thumb Code    18  fflti.o(.text)
    __aeabi_ui2f                             0x00000785   Thumb Code    10  ffltui.o(.text)
    __aeabi_l2f                              0x0000078f   Thumb Code    44  ffltl.o(.text)
    __aeabi_ui2d                             0x000007bb   Thumb Code    26  dfltui.o(.text)
    __aeabi_f2iz                             0x000007d5   Thumb Code    50  ffixi.o(.text)
    __aeabi_f2uiz                            0x00000807   Thumb Code    40  ffixui.o(.text)
    __aeabi_f2d                              0x0000082f   Thumb Code    38  f2d.o(.text)
    __aeabi_cdcmpeq                          0x00000855   Thumb Code     0  cdcmple.o(.text)
    __aeabi_cdcmple                          0x00000855   Thumb Code    48  cdcmple.o(.text)
    __aeabi_cdrcmple                         0x00000885   Thumb Code    48  cdrcmple.o(.text)
    __aeabi_d2f                              0x000008b5   Thumb Code    56  d2f.o(.text)
    __aeabi_cfcmpeq                          0x000008ed   Thumb Code     0  cfcmple.o(.text)
    __aeabi_cfcmple                          0x000008ed   Thumb Code    20  cfcmple.o(.text)
    __aeabi_cfrcmple                         0x00000901   Thumb Code    20  cfrcmple.o(.text)
    __aeabi_uidiv                            0x00000915   Thumb Code     0  uidiv.o(.text)
    __aeabi_uidivmod                         0x00000915   Thumb Code    44  uidiv.o(.text)
    __aeabi_llsr                             0x00000941   Thumb Code    32  llushr.o(.text)
    _ll_ushift_r                             0x00000941   Thumb Code     0  llushr.o(.text)
    __I$use$fp                               0x00000961   Thumb Code     0  iusefp.o(.text)
    _float_round                             0x00000961   Thumb Code    18  fepilogue.o(.text)
    _float_epilogue                          0x00000973   Thumb Code    92  fepilogue.o(.text)
    _double_round                            0x000009cf   Thumb Code    30  depilogue.o(.text)
    _double_epilogue                         0x000009ed   Thumb Code   156  depilogue.o(.text)
    __ARM_scalbn                             0x00000a89   Thumb Code    46  dscalb.o(.text)
    scalbn                                   0x00000a89   Thumb Code     0  dscalb.o(.text)
    _dsqrt                                   0x00000ab7   Thumb Code   162  dsqrt.o(.text)
    __aeabi_d2ulz                            0x00000b59   Thumb Code    48  dfixul.o(.text)
    __scatterload                            0x00000b89   Thumb Code    28  init.o(.text)
    __scatterload_rt2                        0x00000b89   Thumb Code     0  init.o(.text)
    __decompress                             0x00000bad   Thumb Code     0  __dczerorl2.o(.text)
    __decompress1                            0x00000bad   Thumb Code    86  __dczerorl2.o(.text)
    AD5940RampStructInit                     0x00000d05   Thumb Code   150  ad5940main.o(i.AD5940RampStructInit)
    AD5940_ADCBaseCfgS                       0x00000dc5   Thumb Code    32  ad5940.o(i.AD5940_ADCBaseCfgS)
    AD5940_ADCCode2Volt                      0x00000de5   Thumb Code   138  ad5940.o(i.AD5940_ADCCode2Volt)
    AD5940_ADCDigCompCfgS                    0x00000e79   Thumb Code    46  ad5940.o(i.AD5940_ADCDigCompCfgS)
    AD5940_ADCFilterCfgS                     0x00000ea7   Thumb Code    84  ad5940.o(i.AD5940_ADCFilterCfgS)
    AD5940_AFECtrlS                          0x00000efb   Thumb Code    94  ad5940.o(i.AD5940_AFECtrlS)
    AD5940_AFEPwrBW                          0x00000f59   Thumb Code    24  ad5940.o(i.AD5940_AFEPwrBW)
    AD5940_AGPIOCfg                          0x00000f71   Thumb Code    38  ad5940.o(i.AD5940_AGPIOCfg)
    AD5940_AGPIOFuncCfg                      0x00000f97   Thumb Code    14  ad5940.o(i.AD5940_AGPIOFuncCfg)
    AD5940_AGPIOIen                          0x00000fa5   Thumb Code    14  ad5940.o(i.AD5940_AGPIOIen)
    AD5940_AGPIOOen                          0x00000fb3   Thumb Code    14  ad5940.o(i.AD5940_AGPIOOen)
    AD5940_AGPIOPen                          0x00000fc1   Thumb Code    14  ad5940.o(i.AD5940_AGPIOPen)
    AD5940_CLKCfg                            0x00000fcf   Thumb Code   288  ad5940.o(i.AD5940_CLKCfg)
    AD5940_ClksCalculate                     0x000010f1   Thumb Code   442  ad5940.o(i.AD5940_ClksCalculate)
    AD5940_ClrMCUIntFlag                     0x000012b1   Thumb Code    16  adicup3029port.o(i.AD5940_ClrMCUIntFlag)
    AD5940_ComplexDivInt                     0x000012c9   Thumb Code   210  ad5940.o(i.AD5940_ComplexDivInt)
    AD5940_ComplexMag                        0x0000139b   Thumb Code    54  ad5940.o(i.AD5940_ComplexMag)
    AD5940_ComplexPhase                      0x000013d1   Thumb Code    46  ad5940.o(i.AD5940_ComplexPhase)
    AD5940_CsClr                             0x00001401   Thumb Code    10  adicup3029port.o(i.AD5940_CsClr)
    AD5940_CsSet                             0x00001411   Thumb Code    10  adicup3029port.o(i.AD5940_CsSet)
    AD5940_DFTCfgS                           0x00001421   Thumb Code    86  ad5940.o(i.AD5940_DFTCfgS)
    AD5940_DSPCfgS                           0x00001477   Thumb Code    44  ad5940.o(i.AD5940_DSPCfgS)
    AD5940_Delay10us                         0x000014a5   Thumb Code    88  adicup3029port.o(i.AD5940_Delay10us)
    AD5940_EnterSleepS                       0x00001501   Thumb Code    24  ad5940.o(i.AD5940_EnterSleepS)
    AD5940_FIFOCfg                           0x00001519   Thumb Code    92  ad5940.o(i.AD5940_FIFOCfg)
    AD5940_FIFOCtrlS                         0x00001575   Thumb Code    32  ad5940.o(i.AD5940_FIFOCtrlS)
    AD5940_FIFOGetCnt                        0x00001595   Thumb Code    14  ad5940.o(i.AD5940_FIFOGetCnt)
    AD5940_FIFORd                            0x000015a3   Thumb Code   160  ad5940.o(i.AD5940_FIFORd)
    AD5940_GetMCUIntFlag                     0x00001645   Thumb Code     6  adicup3029port.o(i.AD5940_GetMCUIntFlag)
    AD5940_HFOSC32MHzCtrl                    0x00001651   Thumb Code   138  ad5940.o(i.AD5940_HFOSC32MHzCtrl)
    AD5940_HSDacCfgS                         0x000016db   Thumb Code    44  ad5940.o(i.AD5940_HSDacCfgS)
    AD5940_HSLoopCfgS                        0x00001707   Thumb Code    36  ad5940.o(i.AD5940_HSLoopCfgS)
    AD5940_HSTIACfgS                         0x0000172b   Thumb Code   106  ad5940.o(i.AD5940_HSTIACfgS)
    AD5940_HWReset                           0x00001795   Thumb Code    26  ad5940.o(i.AD5940_HWReset)
    AD5940_INTCCfg                           0x000017af   Thumb Code    56  ad5940.o(i.AD5940_INTCCfg)
    AD5940_INTCClrFlag                       0x000017e7   Thumb Code    16  ad5940.o(i.AD5940_INTCClrFlag)
    AD5940_INTCGetCfg                        0x000017f7   Thumb Code    32  ad5940.o(i.AD5940_INTCGetCfg)
    AD5940_INTCGetFlag                       0x00001817   Thumb Code    30  ad5940.o(i.AD5940_INTCGetFlag)
    AD5940_INTCTestFlag                      0x00001835   Thumb Code    46  ad5940.o(i.AD5940_INTCTestFlag)
    AD5940_Initialize                        0x00001865   Thumb Code   166  ad5940.o(i.AD5940_Initialize)
    AD5940_LFOSCMeasure                      0x000019a5   Thumb Code   446  ad5940.o(i.AD5940_LFOSCMeasure)
    AD5940_LPAMPCfgS                         0x00001b71   Thumb Code   106  ad5940.o(i.AD5940_LPAMPCfgS)
    AD5940_LPDAC0WriteS                      0x00001bdb   Thumb Code    28  ad5940.o(i.AD5940_LPDAC0WriteS)
    AD5940_LPDAC1WriteS                      0x00001bf7   Thumb Code    28  ad5940.o(i.AD5940_LPDAC1WriteS)
    AD5940_LPDACCfgS                         0x00001c13   Thumb Code   116  ad5940.o(i.AD5940_LPDACCfgS)
    AD5940_LPLoopCfgS                        0x00001c87   Thumb Code    20  ad5940.o(i.AD5940_LPLoopCfgS)
    AD5940_LPRtiaCal                         0x00001c9d   Thumb Code  1672  ad5940.o(i.AD5940_LPRtiaCal)
    AD5940_MCUResourceInit                   0x00002329   Thumb Code   180  adicup3029port.o(i.AD5940_MCUResourceInit)
    AD5940_Main                              0x000023e5   Thumb Code    32  ad5940main.o(i.AD5940_Main)
    AD5940_Notch50HzAvailable                0x00002415   Thumb Code   196  ad5940.o(i.AD5940_Notch50HzAvailable)
    AD5940_Notch60HzAvailable                0x00002501   Thumb Code   192  ad5940.o(i.AD5940_Notch60HzAvailable)
    AD5940_REFCfgS                           0x000025e1   Thumb Code   176  ad5940.o(i.AD5940_REFCfgS)
    AD5940_ReadAfeResult                     0x00002691   Thumb Code   112  ad5940.o(i.AD5940_ReadAfeResult)
    AD5940_ReadReg                           0x00002701   Thumb Code    28  ad5940.o(i.AD5940_ReadReg)
    AD5940_ReadWriteNBytes                   0x000027a3   Thumb Code   100  adicup3029port.o(i.AD5940_ReadWriteNBytes)
    AD5940_RstClr                            0x00002809   Thumb Code     8  adicup3029port.o(i.AD5940_RstClr)
    AD5940_RstSet                            0x00002815   Thumb Code     8  adicup3029port.o(i.AD5940_RstSet)
    AD5940_SEQCfg                            0x00002821   Thumb Code   120  ad5940.o(i.AD5940_SEQCfg)
    AD5940_SEQCmdWrite                       0x00002899   Thumb Code    42  ad5940.o(i.AD5940_SEQCmdWrite)
    AD5940_SEQCtrlS                          0x000028c3   Thumb Code    40  ad5940.o(i.AD5940_SEQCtrlS)
    AD5940_SEQGenCtrl                        0x000028ed   Thumb Code    24  ad5940.o(i.AD5940_SEQGenCtrl)
    AD5940_SEQGenFetchSeq                    0x00002909   Thumb Code    24  ad5940.o(i.AD5940_SEQGenFetchSeq)
    AD5940_SEQGenInit                        0x00002939   Thumb Code    36  ad5940.o(i.AD5940_SEQGenInit)
    AD5940_SEQGenInsert                      0x00002961   Thumb Code    52  ad5940.o(i.AD5940_SEQGenInsert)
    AD5940_SEQGetCfg                         0x000029cd   Thumb Code    58  ad5940.o(i.AD5940_SEQGetCfg)
    AD5940_SEQGpioCtrlS                      0x00002a07   Thumb Code    16  ad5940.o(i.AD5940_SEQGpioCtrlS)
    AD5940_SEQInfoCfg                        0x00002a17   Thumb Code   116  ad5940.o(i.AD5940_SEQInfoCfg)
    AD5940_SEQMmrTrig                        0x00002a8b   Thumb Code    28  ad5940.o(i.AD5940_SEQMmrTrig)
    AD5940_SEQTimeOutRd                      0x00002b3d   Thumb Code    12  ad5940.o(i.AD5940_SEQTimeOutRd)
    AD5940_SWMatrixCfgS                      0x00002c5d   Thumb Code    58  ad5940.o(i.AD5940_SWMatrixCfgS)
    AD5940_ShutDownS                         0x00002c99   Thumb Code    46  ad5940.o(i.AD5940_ShutDownS)
    AD5940_SleepKeyCtrlS                     0x00002ccd   Thumb Code    16  ad5940.o(i.AD5940_SleepKeyCtrlS)
    AD5940_StatisticCfgS                     0x00002cdd   Thumb Code    40  ad5940.o(i.AD5940_StatisticCfgS)
    AD5940_StructInit                        0x00002d05   Thumb Code    16  ad5940.o(i.AD5940_StructInit)
    AD5940_WGCfgS                            0x00002d15   Thumb Code   170  ad5940.o(i.AD5940_WGCfgS)
    AD5940_WGDACCodeS                        0x00002dbf   Thumb Code    22  ad5940.o(i.AD5940_WGDACCodeS)
    AD5940_WGFreqWordCal                     0x00002dd5   Thumb Code   128  ad5940.o(i.AD5940_WGFreqWordCal)
    AD5940_WUPTCfg                           0x00002e5d   Thumb Code   348  ad5940.o(i.AD5940_WUPTCfg)
    AD5940_WUPTCtrl                          0x00002fb9   Thumb Code    38  ad5940.o(i.AD5940_WUPTCtrl)
    AD5940_WUPTTime                          0x00002fdf   Thumb Code   220  ad5940.o(i.AD5940_WUPTTime)
    AD5940_WakeUp                            0x000030bb   Thumb Code    50  ad5940.o(i.AD5940_WakeUp)
    AD5940_WriteReg                          0x000030ed   Thumb Code    34  ad5940.o(i.AD5940_WriteReg)
    AppSWVCtrl                               0x00003115   Thumb Code   284  sqrwavevoltammetry.o(i.AppSWVCtrl)
    AppSWVGetCfg                             0x00003291   Thumb Code    18  sqrwavevoltammetry.o(i.AppSWVGetCfg)
    AppSWVISR                                0x000032a9   Thumb Code   226  sqrwavevoltammetry.o(i.AppSWVISR)
    AppSWVInit                               0x00003395   Thumb Code   356  sqrwavevoltammetry.o(i.AppSWVInit)
    Battery_Voltage_Int_Handler              0x00003b9d   Thumb Code    46  adi_pwr.o(i.Battery_Voltage_Int_Handler)
    Crystal_osc_Int_Handler                  0x00003bd9   Thumb Code    90  adi_pwr.o(i.Crystal_osc_Int_Handler)
    DMA_Err_Int_Handler                      0x00003c41   Thumb Code   126  adi_dma.o(i.DMA_Err_Int_Handler)
    Ext_Int0_Handler                         0x00003cc9   Thumb Code    12  adicup3029port.o(i.Ext_Int0_Handler)
    MCUPlatformInit                          0x00003cdd   Thumb Code    84  main.o(i.MCUPlatformInit)
    PLL_Int_Handler                          0x00003d41   Thumb Code    64  adi_pwr.o(i.PLL_Int_Handler)
    SystemInit                               0x00004505   Thumb Code    54  system_aducm3029.o(i.SystemInit)
    UART_Int_Handler                         0x00004545   Thumb Code    52  ad5940main.o(i.UART_Int_Handler)
    UrtCfg                                   0x00004589   Thumb Code   390  main.o(i.UrtCfg)
    Vreg_over_Int_Handler                    0x00004729   Thumb Code    68  adi_pwr.o(i.Vreg_over_Int_Handler)
    __0printf                                0x00004779   Thumb Code    22  printfa.o(i.__0printf)
    __1printf                                0x00004779   Thumb Code     0  printfa.o(i.__0printf)
    __2printf                                0x00004779   Thumb Code     0  printfa.o(i.__0printf)
    __c89printf                              0x00004779   Thumb Code     0  printfa.o(i.__0printf)
    printf                                   0x00004779   Thumb Code     0  printfa.o(i.__0printf)
    __ARM_fpclassify                         0x00004891   Thumb Code    40  fpclassify.o(i.__ARM_fpclassify)
    __kernel_poly                            0x000048b9   Thumb Code   170  poly.o(i.__kernel_poly)
    __mathlib_dbl_infnan                     0x00004963   Thumb Code     6  dunder.o(i.__mathlib_dbl_infnan)
    __mathlib_dbl_infnan2                    0x00004969   Thumb Code     4  dunder.o(i.__mathlib_dbl_infnan2)
    __mathlib_dbl_underflow                  0x0000496d   Thumb Code    10  dunder.o(i.__mathlib_dbl_underflow)
    __scatterload_copy                       0x0000497d   Thumb Code    14  handlers.o(i.__scatterload_copy)
    __scatterload_null                       0x0000498b   Thumb Code     2  handlers.o(i.__scatterload_null)
    __scatterload_zeroinit                   0x0000498d   Thumb Code    14  handlers.o(i.__scatterload_zeroinit)
    __set_errno                              0x0000499d   Thumb Code     6  errno.o(i.__set_errno)
    adi_system_EnableRetention               0x00005255   Thumb Code    52  system_aducm3029.o(i.adi_system_EnableRetention)
    admin                                    0x0000528d   Thumb Code   144  ad5940main.o(i.admin)
    atan                                     0x0000532d   Thumb Code   474  atan.o(i.atan)
    atan2                                    0x0000554d   Thumb Code   374  atan2.o(i.atan2)
    fit_cubic_fun                            0x000056e9   Thumb Code   902  fit_curve.o(i.fit_cubic_fun)
    fputc                                    0x00005a71   Thumb Code    20  main.o(i.fputc)
    free                                     0x00005a89   Thumb Code    76  malloc.o(i.free)
    golay                                    0x00005ad9   Thumb Code   202  fit_curve.o(i.golay)
    main                                     0x00005ba9   Thumb Code    22  main.o(i.main)
    malloc                                   0x00005bc1   Thumb Code    92  malloc.o(i.malloc)
    moving_window                            0x00005c2d   Thumb Code   240  fit_curve.o(i.moving_window)
    sqrt                                     0x00005d21   Thumb Code    76  sqrt.o(i.sqrt)
    pPrimaryCCD                              0x00005f80   Data           4  adi_dma.o(.constdata)
    pAlternateCCD                            0x00005f84   Data           4  adi_dma.o(.constdata)
    __mathlib_zero                           0x00006028   Data           8  qnan.o(.constdata)
    Region$$Table$$Base                      0x0000607c   Number         0  anon$$obj.o(Region$$Table)
    Region$$Table$$Limit                     0x0000609c   Number         0  anon$$obj.o(Region$$Table)
    LFOSCFreq                                0x20000008   Data           4  ad5940main.o(.data)
    rx_buff_ptr                              0x20000014   Data           4  ad5940main.o(.data)
    linears                                  0x20000018   Data           4  ad5940main.o(.data)
    buffer_index                             0x2000001c   Data           1  ad5940main.o(.data)
    pcoeff_                                  0x20000104   Data         484  fit_curve.o(.data)
    __stdout                                 0x200002f4   Data           4  stdout.o(.data)
    __microlib_freelist                      0x200002f8   Data           4  mvars.o(.data)
    __microlib_freelist_initialised          0x200002fc   Data           4  mvars.o(.data)
    SeqGenDB                                 0x20000304   Data          28  ad5940.o(.bss)
    AppBuff                                  0x20000320   Data        4096  ad5940main.o(.bss)
    voltage                                  0x20001320   Data         644  ad5940main.o(.bss)
    CurBuff                                  0x200015a4   Data         644  ad5940main.o(.bss)
    y1_golay                                 0x20001828   Data         644  ad5940main.o(.bss)
    y2_Average                               0x20001aac   Data         644  ad5940main.o(.bss)
    y3_fit_line                              0x20001d30   Data         644  ad5940main.o(.bss)
    y4_sub_val                               0x20001fb4   Data         644  ad5940main.o(.bss)
    uart_rx_buffer                           0x20002238   Data          32  ad5940main.o(.bss)
    golay_dummy                              0x20002258   Data         644  fit_curve.o(.bss)
    __heap_base                              0x20002ce0   Data           0  startup_aducm3029.o(HEAP)
    __heap_limit                             0x200038e0   Data           0  startup_aducm3029.o(HEAP)
    __initial_sp                             0x20003ce0   Data           0  startup_aducm3029.o(STACK)



==============================================================================

Memory Map of the image

  Image Entry point : 0x0000015d

  Load Region LR_1 (Base: 0x00000000, Size: 0x000063a0, Max: 0xffffffff, ABSOLUTE, COMPRESSED[0x000061d4])

    Execution Region ER_RO (Exec base: 0x00000000, Load base: 0x00000000, Size: 0x0000609c, Max: 0xffffffff, ABSOLUTE)

    Exec Addr    Load Addr    Size         Type   Attr      Idx    E Section Name        Object

    0x00000000   0x00000000   0x00000144   Data   RO         7577    RESET               startup_aducm3029.o
    0x00000144   0x00000144   0x00000000   Code   RO         7739  * .ARM.Collect$$$$00000000  mc_w.l(entry.o)
    0x00000144   0x00000144   0x00000004   Code   RO         8138    .ARM.Collect$$$$00000001  mc_w.l(entry2.o)
    0x00000148   0x00000148   0x00000004   Code   RO         8141    .ARM.Collect$$$$00000004  mc_w.l(entry5.o)
    0x0000014c   0x0000014c   0x00000000   Code   RO         8143    .ARM.Collect$$$$00000008  mc_w.l(entry7b.o)
    0x0000014c   0x0000014c   0x00000000   Code   RO         8145    .ARM.Collect$$$$0000000A  mc_w.l(entry8b.o)
    0x0000014c   0x0000014c   0x00000008   Code   RO         8146    .ARM.Collect$$$$0000000B  mc_w.l(entry9a.o)
    0x00000154   0x00000154   0x00000004   Code   RO         8153    .ARM.Collect$$$$0000000E  mc_w.l(entry12b.o)
    0x00000158   0x00000158   0x00000000   Code   RO         8148    .ARM.Collect$$$$0000000F  mc_w.l(entry10a.o)
    0x00000158   0x00000158   0x00000000   Code   RO         8150    .ARM.Collect$$$$00000011  mc_w.l(entry11a.o)
    0x00000158   0x00000158   0x00000004   Code   RO         8139    .ARM.Collect$$$$00002712  mc_w.l(entry2.o)
    0x0000015c   0x0000015c   0x00000024   Code   RO         7578  * .text               startup_aducm3029.o
    0x00000180   0x00000180   0x00000020   Data   RO         7590    .ARM.__AT_0x00000180  system_aducm3029.o
    0x000001a0   0x000001a0   0x00000062   Code   RO         7742    .text               mc_w.l(uldiv.o)
    0x00000202   0x00000202   0x0000001e   Code   RO         7746    .text               mc_w.l(llshl.o)
    0x00000220   0x00000220   0x00000024   Code   RO         7748    .text               mc_w.l(llsshr.o)
    0x00000244   0x00000244   0x00000024   Code   RO         7750    .text               mc_w.l(memcpya.o)
    0x00000268   0x00000268   0x00000024   Code   RO         7752    .text               mc_w.l(memseta.o)
    0x0000028c   0x0000028c   0x00000024   Code   RO         7754    .text               mc_w.l(strstr.o)
    0x000002b0   0x000002b0   0x00000022   Code   RO         7756    .text               mc_w.l(strcspn.o)
    0x000002d2   0x000002d2   0x000000b0   Code   RO         8049    .text               mf_w.l(fadd.o)
    0x00000382   0x00000382   0x00000064   Code   RO         8051    .text               mf_w.l(fmul.o)
    0x000003e6   0x000003e6   0x0000007c   Code   RO         8053    .text               mf_w.l(fdiv.o)
    0x00000462   0x00000462   0x0000014e   Code   RO         8055    .text               mf_w.l(dadd.o)
    0x000005b0   0x000005b0   0x000000e4   Code   RO         8057    .text               mf_w.l(dmul.o)
    0x00000694   0x00000694   0x000000de   Code   RO         8059    .text               mf_w.l(ddiv.o)
    0x00000772   0x00000772   0x00000012   Code   RO         8061    .text               mf_w.l(fflti.o)
    0x00000784   0x00000784   0x0000000a   Code   RO         8063    .text               mf_w.l(ffltui.o)
    0x0000078e   0x0000078e   0x0000002c   Code   RO         8065    .text               mf_w.l(ffltl.o)
    0x000007ba   0x000007ba   0x0000001a   Code   RO         8069    .text               mf_w.l(dfltui.o)
    0x000007d4   0x000007d4   0x00000032   Code   RO         8071    .text               mf_w.l(ffixi.o)
    0x00000806   0x00000806   0x00000028   Code   RO         8073    .text               mf_w.l(ffixui.o)
    0x0000082e   0x0000082e   0x00000026   Code   RO         8081    .text               mf_w.l(f2d.o)
    0x00000854   0x00000854   0x00000030   Code   RO         8083    .text               mf_w.l(cdcmple.o)
    0x00000884   0x00000884   0x00000030   Code   RO         8085    .text               mf_w.l(cdrcmple.o)
    0x000008b4   0x000008b4   0x00000038   Code   RO         8087    .text               mf_w.l(d2f.o)
    0x000008ec   0x000008ec   0x00000014   Code   RO         8089    .text               mf_w.l(cfcmple.o)
    0x00000900   0x00000900   0x00000014   Code   RO         8091    .text               mf_w.l(cfrcmple.o)
    0x00000914   0x00000914   0x0000002c   Code   RO         8155    .text               mc_w.l(uidiv.o)
    0x00000940   0x00000940   0x00000020   Code   RO         8157    .text               mc_w.l(llushr.o)
    0x00000960   0x00000960   0x00000000   Code   RO         8168    .text               mc_w.l(iusefp.o)
    0x00000960   0x00000960   0x0000006e   Code   RO         8169    .text               mf_w.l(fepilogue.o)
    0x000009ce   0x000009ce   0x000000ba   Code   RO         8177    .text               mf_w.l(depilogue.o)
    0x00000a88   0x00000a88   0x0000002e   Code   RO         8179    .text               mf_w.l(dscalb.o)
    0x00000ab6   0x00000ab6   0x000000a2   Code   RO         8181    .text               mf_w.l(dsqrt.o)
    0x00000b58   0x00000b58   0x00000030   Code   RO         8183    .text               mf_w.l(dfixul.o)
    0x00000b88   0x00000b88   0x00000024   Code   RO         8189    .text               mc_w.l(init.o)
    0x00000bac   0x00000bac   0x00000056   Code   RO         8199    .text               mc_w.l(__dczerorl2.o)
    0x00000c02   0x00000c02   0x00000002   PAD
    0x00000c04   0x00000c04   0x00000100   Code   RO          955    i.AD5940PlatformCfg  ad5940main.o
    0x00000d04   0x00000d04   0x000000c0   Code   RO          956    i.AD5940RampStructInit  ad5940main.o
    0x00000dc4   0x00000dc4   0x00000020   Code   RO            1    i.AD5940_ADCBaseCfgS  ad5940.o
    0x00000de4   0x00000de4   0x00000094   Code   RO            2    i.AD5940_ADCCode2Volt  ad5940.o
    0x00000e78   0x00000e78   0x0000002e   Code   RO            4    i.AD5940_ADCDigCompCfgS  ad5940.o
    0x00000ea6   0x00000ea6   0x00000054   Code   RO            5    i.AD5940_ADCFilterCfgS  ad5940.o
    0x00000efa   0x00000efa   0x0000005e   Code   RO           10    i.AD5940_AFECtrlS   ad5940.o
    0x00000f58   0x00000f58   0x00000018   Code   RO           11    i.AD5940_AFEPwrBW   ad5940.o
    0x00000f70   0x00000f70   0x00000026   Code   RO           12    i.AD5940_AGPIOCfg   ad5940.o
    0x00000f96   0x00000f96   0x0000000e   Code   RO           14    i.AD5940_AGPIOFuncCfg  ad5940.o
    0x00000fa4   0x00000fa4   0x0000000e   Code   RO           15    i.AD5940_AGPIOIen   ad5940.o
    0x00000fb2   0x00000fb2   0x0000000e   Code   RO           17    i.AD5940_AGPIOOen   ad5940.o
    0x00000fc0   0x00000fc0   0x0000000e   Code   RO           18    i.AD5940_AGPIOPen   ad5940.o
    0x00000fce   0x00000fce   0x00000120   Code   RO           21    i.AD5940_CLKCfg     ad5940.o
    0x000010ee   0x000010ee   0x00000002   PAD
    0x000010f0   0x000010f0   0x000001c0   Code   RO           22    i.AD5940_ClksCalculate  ad5940.o
    0x000012b0   0x000012b0   0x00000018   Code   RO          752    i.AD5940_ClrMCUIntFlag  adicup3029port.o
    0x000012c8   0x000012c8   0x000000d2   Code   RO           25    i.AD5940_ComplexDivInt  ad5940.o
    0x0000139a   0x0000139a   0x00000036   Code   RO           26    i.AD5940_ComplexMag  ad5940.o
    0x000013d0   0x000013d0   0x0000002e   Code   RO           29    i.AD5940_ComplexPhase  ad5940.o
    0x000013fe   0x000013fe   0x00000002   PAD
    0x00001400   0x00001400   0x00000010   Code   RO          753    i.AD5940_CsClr      adicup3029port.o
    0x00001410   0x00001410   0x00000010   Code   RO          754    i.AD5940_CsSet      adicup3029port.o
    0x00001420   0x00001420   0x00000056   Code   RO           31    i.AD5940_DFTCfgS    ad5940.o
    0x00001476   0x00001476   0x0000002c   Code   RO           32    i.AD5940_DSPCfgS    ad5940.o
    0x000014a2   0x000014a2   0x00000002   PAD
    0x000014a4   0x000014a4   0x0000005c   Code   RO          755    i.AD5940_Delay10us  adicup3029port.o
    0x00001500   0x00001500   0x00000018   Code   RO           33    i.AD5940_EnterSleepS  ad5940.o
    0x00001518   0x00001518   0x0000005c   Code   RO           34    i.AD5940_FIFOCfg    ad5940.o
    0x00001574   0x00001574   0x00000020   Code   RO           35    i.AD5940_FIFOCtrlS  ad5940.o
    0x00001594   0x00001594   0x0000000e   Code   RO           37    i.AD5940_FIFOGetCnt  ad5940.o
    0x000015a2   0x000015a2   0x000000a0   Code   RO           38    i.AD5940_FIFORd     ad5940.o
    0x00001642   0x00001642   0x00000002   PAD
    0x00001644   0x00001644   0x0000000c   Code   RO          756    i.AD5940_GetMCUIntFlag  adicup3029port.o
    0x00001650   0x00001650   0x0000008a   Code   RO           43    i.AD5940_HFOSC32MHzCtrl  ad5940.o
    0x000016da   0x000016da   0x0000002c   Code   RO           46    i.AD5940_HSDacCfgS  ad5940.o
    0x00001706   0x00001706   0x00000024   Code   RO           47    i.AD5940_HSLoopCfgS  ad5940.o
    0x0000172a   0x0000172a   0x0000006a   Code   RO           50    i.AD5940_HSTIACfgS  ad5940.o
    0x00001794   0x00001794   0x0000001a   Code   RO           52    i.AD5940_HWReset    ad5940.o
    0x000017ae   0x000017ae   0x00000038   Code   RO           53    i.AD5940_INTCCfg    ad5940.o
    0x000017e6   0x000017e6   0x00000010   Code   RO           54    i.AD5940_INTCClrFlag  ad5940.o
    0x000017f6   0x000017f6   0x00000020   Code   RO           55    i.AD5940_INTCGetCfg  ad5940.o
    0x00001816   0x00001816   0x0000001e   Code   RO           56    i.AD5940_INTCGetFlag  ad5940.o
    0x00001834   0x00001834   0x0000002e   Code   RO           57    i.AD5940_INTCTestFlag  ad5940.o
    0x00001862   0x00001862   0x00000002   PAD
    0x00001864   0x00001864   0x00000140   Code   RO           58    i.AD5940_Initialize  ad5940.o
    0x000019a4   0x000019a4   0x000001cc   Code   RO           59    i.AD5940_LFOSCMeasure  ad5940.o
    0x00001b70   0x00001b70   0x0000006a   Code   RO           60    i.AD5940_LPAMPCfgS  ad5940.o
    0x00001bda   0x00001bda   0x0000001c   Code   RO           61    i.AD5940_LPDAC0WriteS  ad5940.o
    0x00001bf6   0x00001bf6   0x0000001c   Code   RO           62    i.AD5940_LPDAC1WriteS  ad5940.o
    0x00001c12   0x00001c12   0x00000074   Code   RO           64    i.AD5940_LPDACCfgS  ad5940.o
    0x00001c86   0x00001c86   0x00000014   Code   RO           66    i.AD5940_LPLoopCfgS  ad5940.o
    0x00001c9a   0x00001c9a   0x00000002   PAD
    0x00001c9c   0x00001c9c   0x0000068c   Code   RO           70    i.AD5940_LPRtiaCal  ad5940.o
    0x00002328   0x00002328   0x000000bc   Code   RO          757    i.AD5940_MCUResourceInit  adicup3029port.o
    0x000023e4   0x000023e4   0x00000030   Code   RO          957    i.AD5940_Main       ad5940main.o
    0x00002414   0x00002414   0x000000ec   Code   RO           72    i.AD5940_Notch50HzAvailable  ad5940.o
    0x00002500   0x00002500   0x000000e0   Code   RO           73    i.AD5940_Notch60HzAvailable  ad5940.o
    0x000025e0   0x000025e0   0x000000b0   Code   RO           74    i.AD5940_REFCfgS    ad5940.o
    0x00002690   0x00002690   0x00000070   Code   RO           75    i.AD5940_ReadAfeResult  ad5940.o
    0x00002700   0x00002700   0x00000020   Code   RO           76    i.AD5940_ReadReg    ad5940.o
    0x00002720   0x00002720   0x00000028   Code   RO           77    i.AD5940_ReadWrite16B  ad5940.o
    0x00002748   0x00002748   0x00000044   Code   RO           78    i.AD5940_ReadWrite32B  ad5940.o
    0x0000278c   0x0000278c   0x00000016   Code   RO           79    i.AD5940_ReadWrite8B  ad5940.o
    0x000027a2   0x000027a2   0x00000064   Code   RO          758    i.AD5940_ReadWriteNBytes  adicup3029port.o
    0x00002806   0x00002806   0x00000002   PAD
    0x00002808   0x00002808   0x0000000c   Code   RO          759    i.AD5940_RstClr     adicup3029port.o
    0x00002814   0x00002814   0x0000000c   Code   RO          760    i.AD5940_RstSet     adicup3029port.o
    0x00002820   0x00002820   0x00000078   Code   RO           80    i.AD5940_SEQCfg     ad5940.o
    0x00002898   0x00002898   0x0000002a   Code   RO           81    i.AD5940_SEQCmdWrite  ad5940.o
    0x000028c2   0x000028c2   0x00000028   Code   RO           82    i.AD5940_SEQCtrlS   ad5940.o
    0x000028ea   0x000028ea   0x00000002   PAD
    0x000028ec   0x000028ec   0x0000001c   Code   RO           84    i.AD5940_SEQGenCtrl  ad5940.o
    0x00002908   0x00002908   0x0000001c   Code   RO           85    i.AD5940_SEQGenFetchSeq  ad5940.o
    0x00002924   0x00002924   0x00000012   Code   RO           86    i.AD5940_SEQGenGetRegDefault  ad5940.o
    0x00002936   0x00002936   0x00000002   PAD
    0x00002938   0x00002938   0x00000028   Code   RO           87    i.AD5940_SEQGenInit  ad5940.o
    0x00002960   0x00002960   0x00000038   Code   RO           88    i.AD5940_SEQGenInsert  ad5940.o
    0x00002998   0x00002998   0x00000034   Code   RO           89    i.AD5940_SEQGenSearchReg  ad5940.o
    0x000029cc   0x000029cc   0x0000003a   Code   RO           90    i.AD5940_SEQGetCfg  ad5940.o
    0x00002a06   0x00002a06   0x00000010   Code   RO           91    i.AD5940_SEQGpioCtrlS  ad5940.o
    0x00002a16   0x00002a16   0x00000074   Code   RO           94    i.AD5940_SEQInfoCfg  ad5940.o
    0x00002a8a   0x00002a8a   0x0000001c   Code   RO           96    i.AD5940_SEQMmrTrig  ad5940.o
    0x00002aa6   0x00002aa6   0x00000002   PAD
    0x00002aa8   0x00002aa8   0x00000038   Code   RO           97    i.AD5940_SEQReadReg  ad5940.o
    0x00002ae0   0x00002ae0   0x0000005c   Code   RO           98    i.AD5940_SEQRegInfoInsert  ad5940.o
    0x00002b3c   0x00002b3c   0x0000000c   Code   RO           99    i.AD5940_SEQTimeOutRd  ad5940.o
    0x00002b48   0x00002b48   0x0000007c   Code   RO          100    i.AD5940_SEQWriteReg  ad5940.o
    0x00002bc4   0x00002bc4   0x00000052   Code   RO          101    i.AD5940_SPIReadReg  ad5940.o
    0x00002c16   0x00002c16   0x00000046   Code   RO          102    i.AD5940_SPIWriteReg  ad5940.o
    0x00002c5c   0x00002c5c   0x0000003a   Code   RO          103    i.AD5940_SWMatrixCfgS  ad5940.o
    0x00002c96   0x00002c96   0x00000002   PAD
    0x00002c98   0x00002c98   0x00000034   Code   RO          104    i.AD5940_ShutDownS  ad5940.o
    0x00002ccc   0x00002ccc   0x00000010   Code   RO          105    i.AD5940_SleepKeyCtrlS  ad5940.o
    0x00002cdc   0x00002cdc   0x00000028   Code   RO          107    i.AD5940_StatisticCfgS  ad5940.o
    0x00002d04   0x00002d04   0x00000010   Code   RO          108    i.AD5940_StructInit  ad5940.o
    0x00002d14   0x00002d14   0x000000aa   Code   RO          110    i.AD5940_WGCfgS     ad5940.o
    0x00002dbe   0x00002dbe   0x00000016   Code   RO          111    i.AD5940_WGDACCodeS  ad5940.o
    0x00002dd4   0x00002dd4   0x00000088   Code   RO          113    i.AD5940_WGFreqWordCal  ad5940.o
    0x00002e5c   0x00002e5c   0x0000015c   Code   RO          114    i.AD5940_WUPTCfg    ad5940.o
    0x00002fb8   0x00002fb8   0x00000026   Code   RO          115    i.AD5940_WUPTCtrl   ad5940.o
    0x00002fde   0x00002fde   0x000000dc   Code   RO          116    i.AD5940_WUPTTime   ad5940.o
    0x000030ba   0x000030ba   0x00000032   Code   RO          117    i.AD5940_WakeUp     ad5940.o
    0x000030ec   0x000030ec   0x00000028   Code   RO          118    i.AD5940_WriteReg   ad5940.o
    0x00003114   0x00003114   0x00000128   Code   RO         1018    i.AppSWVCtrl        sqrwavevoltammetry.o
    0x0000323c   0x0000323c   0x00000054   Code   RO         1019    i.AppSWVDataProcess  sqrwavevoltammetry.o
    0x00003290   0x00003290   0x00000018   Code   RO         1020    i.AppSWVGetCfg      sqrwavevoltammetry.o
    0x000032a8   0x000032a8   0x000000ec   Code   RO         1021    i.AppSWVISR         sqrwavevoltammetry.o
    0x00003394   0x00003394   0x00000168   Code   RO         1022    i.AppSWVInit        sqrwavevoltammetry.o
    0x000034fc   0x000034fc   0x00000024   Code   RO         1023    i.AppSWVRegModify   sqrwavevoltammetry.o
    0x00003520   0x00003520   0x000000c4   Code   RO         1024    i.AppSWVRtiaCal     sqrwavevoltammetry.o
    0x000035e4   0x000035e4   0x000000dc   Code   RO         1025    i.AppSWVSeqADCCtrlGen  sqrwavevoltammetry.o
    0x000036c0   0x000036c0   0x0000034c   Code   RO         1026    i.AppSWVSeqDACCtrlGen  sqrwavevoltammetry.o
    0x00003a0c   0x00003a0c   0x00000190   Code   RO         1027    i.AppSWVSeqInitGen  sqrwavevoltammetry.o
    0x00003b9c   0x00003b9c   0x0000003c   Code   RO         7353    i.Battery_Voltage_Int_Handler  adi_pwr.o
    0x00003bd8   0x00003bd8   0x00000068   Code   RO         7354    i.Crystal_osc_Int_Handler  adi_pwr.o
    0x00003c40   0x00003c40   0x00000088   Code   RO         7280    i.DMA_Err_Int_Handler  adi_dma.o
    0x00003cc8   0x00003cc8   0x00000014   Code   RO          761    i.Ext_Int0_Handler  adicup3029port.o
    0x00003cdc   0x00003cdc   0x00000064   Code   RO          894    i.MCUPlatformInit   main.o
    0x00003d40   0x00003d40   0x0000004c   Code   RO         7355    i.PLL_Int_Handler   adi_pwr.o
    0x00003d8c   0x00003d8c   0x00000404   Code   RO         1028    i.RampDacRegUpdate  sqrwavevoltammetry.o
    0x00004190   0x00004190   0x00000374   Code   RO          958    i.RampShowResult    ad5940main.o
    0x00004504   0x00004504   0x00000040   Code   RO         7586    i.SystemInit        system_aducm3029.o
    0x00004544   0x00004544   0x00000044   Code   RO          959    i.UART_Int_Handler  ad5940main.o
    0x00004588   0x00004588   0x000001a0   Code   RO          895    i.UrtCfg            main.o
    0x00004728   0x00004728   0x00000050   Code   RO         7356    i.Vreg_over_Int_Handler  adi_pwr.o
    0x00004778   0x00004778   0x00000020   Code   RO         7993    i.__0printf         mc_w.l(printfa.o)
    0x00004798   0x00004798   0x00000042   Code   RO          119    i.__AD5940_ReferenceON  ad5940.o
    0x000047da   0x000047da   0x00000002   PAD
    0x000047dc   0x000047dc   0x00000060   Code   RO          120    i.__AD5940_SetDExRTIA  ad5940.o
    0x0000483c   0x0000483c   0x00000054   Code   RO          121    i.__AD5940_TakeMeasurement  ad5940.o
    0x00004890   0x00004890   0x00000028   Code   RO         8117    i.__ARM_fpclassify  m_ws.l(fpclassify.o)
    0x000048b8   0x000048b8   0x000000aa   Code   RO         8135    i.__kernel_poly     m_ws.l(poly.o)
    0x00004962   0x00004962   0x00000006   Code   RO         8104    i.__mathlib_dbl_infnan  m_ws.l(dunder.o)
    0x00004968   0x00004968   0x00000004   Code   RO         8105    i.__mathlib_dbl_infnan2  m_ws.l(dunder.o)
    0x0000496c   0x0000496c   0x00000010   Code   RO         8109    i.__mathlib_dbl_underflow  m_ws.l(dunder.o)
    0x0000497c   0x0000497c   0x0000000e   Code   RO         8193    i.__scatterload_copy  mc_w.l(handlers.o)
    0x0000498a   0x0000498a   0x00000002   Code   RO         8194    i.__scatterload_null  mc_w.l(handlers.o)
    0x0000498c   0x0000498c   0x0000000e   Code   RO         8195    i.__scatterload_zeroinit  mc_w.l(handlers.o)
    0x0000499a   0x0000499a   0x00000002   PAD
    0x0000499c   0x0000499c   0x0000000c   Code   RO         8163    i.__set_errno       mc_w.l(errno.o)
    0x000049a8   0x000049a8   0x00000184   Code   RO         8000    i._fp_digits        mc_w.l(printfa.o)
    0x00004b2c   0x00004b2c   0x00000020   Code   RO          122    i._is_value_in_table  ad5940.o
    0x00004b4c   0x00004b4c   0x000006b4   Code   RO         8001    i._printf_core      mc_w.l(printfa.o)
    0x00005200   0x00005200   0x00000024   Code   RO         8002    i._printf_post_padding  mc_w.l(printfa.o)
    0x00005224   0x00005224   0x0000002e   Code   RO         8003    i._printf_pre_padding  mc_w.l(printfa.o)
    0x00005252   0x00005252   0x00000002   PAD
    0x00005254   0x00005254   0x00000038   Code   RO         7588    i.adi_system_EnableRetention  system_aducm3029.o
    0x0000528c   0x0000528c   0x000000a0   Code   RO          960    i.admin             ad5940main.o
    0x0000532c   0x0000532c   0x00000220   Code   RO         8094    i.atan              m_ws.l(atan.o)
    0x0000554c   0x0000554c   0x0000019c   Code   RO         7640    i.atan2             m_ws.l(atan2.o)
    0x000056e8   0x000056e8   0x00000386   Code   RO         1092    i.fit_cubic_fun     fit_curve.o
    0x00005a6e   0x00005a6e   0x00000002   PAD
    0x00005a70   0x00005a70   0x00000018   Code   RO          896    i.fputc             main.o
    0x00005a88   0x00005a88   0x00000050   Code   RO         8021    i.free              mc_w.l(malloc.o)
    0x00005ad8   0x00005ad8   0x000000d0   Code   RO         1093    i.golay             fit_curve.o
    0x00005ba8   0x00005ba8   0x00000016   Code   RO          897    i.main              main.o
    0x00005bbe   0x00005bbe   0x00000002   PAD
    0x00005bc0   0x00005bc0   0x0000006c   Code   RO         8022    i.malloc            mc_w.l(malloc.o)
    0x00005c2c   0x00005c2c   0x000000f4   Code   RO         1094    i.moving_window     fit_curve.o
    0x00005d20   0x00005d20   0x0000004c   Code   RO         7716    i.sqrt              m_ws.l(sqrt.o)
    0x00005d6c   0x00005d6c   0x00000214   Data   RO          124    .constdata          ad5940.o
    0x00005f80   0x00005f80   0x0000000c   Data   RO         7284    .constdata          adi_dma.o
    0x00005f8c   0x00005f8c   0x00000004   PAD
    0x00005f90   0x00005f90   0x00000098   Data   RO         8095    .constdata          m_ws.l(atan.o)
    0x00006028   0x00006028   0x00000008   Data   RO         8137    .constdata          m_ws.l(qnan.o)
    0x00006030   0x00006030   0x0000004b   Data   RO         1029    .conststring        sqrwavevoltammetry.o
    0x0000607b   0x0000607b   0x00000001   PAD
    0x0000607c   0x0000607c   0x00000020   Data   RO         8191    Region$$Table       anon$$obj.o


    Execution Region ER_RW (Exec base: 0x20000000, Load base: 0x0000609c, Size: 0x00000304, Max: 0xffffffff, ABSOLUTE, COMPRESSED[0x00000138])

    Exec Addr    Load Addr    Size         Type   Attr      Idx    E Section Name        Object

    0x20000000   COMPRESSED   0x00000001   Data   RW          125    .data               ad5940.o
    0x20000001   COMPRESSED   0x00000003   PAD
    0x20000004   COMPRESSED   0x00000004   Data   RW          762    .data               adicup3029port.o
    0x20000008   COMPRESSED   0x00000015   Data   RW          962    .data               ad5940main.o
    0x2000001d   COMPRESSED   0x00000003   PAD
    0x20000020   COMPRESSED   0x000000e4   Data   RW         1030    .data               sqrwavevoltammetry.o
    0x20000104   COMPRESSED   0x000001e4   Data   RW         1096    .data               fit_curve.o
    0x200002e8   COMPRESSED   0x0000000c   Data   RW         7384    .data               adi_pwr.o
    0x200002f4   COMPRESSED   0x00000004   Data   RW         8154    .data               mc_w.l(stdout.o)
    0x200002f8   COMPRESSED   0x00000004   Data   RW         8159    .data               mc_w.l(mvars.o)
    0x200002fc   COMPRESSED   0x00000004   Data   RW         8160    .data               mc_w.l(mvars.o)
    0x20000300   COMPRESSED   0x00000004   Data   RW         8164    .data               mc_w.l(errno.o)


    Execution Region ER_ZI (Exec base: 0x20000304, Load base: 0x000061d4, Size: 0x000039dc, Max: 0xffffffff, ABSOLUTE)

    Exec Addr    Load Addr    Size         Type   Attr      Idx    E Section Name        Object

    0x20000304        -       0x0000001c   Zero   RW          123    .bss                ad5940.o
    0x20000320        -       0x00001f38   Zero   RW          961    .bss                ad5940main.o
    0x20002258        -       0x00000284   Zero   RW         1095    .bss                fit_curve.o
    0x200024dc   0x000061d4   0x00000324   PAD
    0x20002800        -       0x000004e0   Zero   RW         7283    .bss                adi_dma.o
    0x20002ce0        -       0x00000c00   Zero   RW         7576    HEAP                startup_aducm3029.o
    0x200038e0        -       0x00000400   Zero   RW         7575    STACK               startup_aducm3029.o


==============================================================================

Image component sizes


      Code (inc. data)   RO Data    RW Data    ZI Data      Debug   Object Name

      8776        394        532          1         28     159894   ad5940.o
      1608        304          0         21       7992       6939   ad5940main.o
       136         10         12          0       1248      10006   adi_dma.o
       320         52          0         12          0       2878   adi_pwr.o
       492         54          0          4          0      48027   adicup3029port.o
      1354         10          0        484        644       4730   fit_curve.o
       562         46          0          0          0       3778   main.o
      3724        166         75        228          0     107929   sqrwavevoltammetry.o
        36          8        324          0       4096        844   startup_aducm3029.o
       120         14         32          0          0       2525   system_aducm3029.o

    ----------------------------------------------------------------------
     17156       1058       1012        756      14812     347550   Object Totals
         0          0         32          0          0          0   (incl. Generated)
        28          0          5          6        804          0   (incl. Padding)

    ----------------------------------------------------------------------

      Code (inc. data)   RO Data    RW Data    ZI Data      Debug   Library Member Name

       544         70        152          0          0        124   atan.o
       412         38          0          0          0        144   atan2.o
        26          6          0          0          0        204   dunder.o
        40          0          0          0          0         68   fpclassify.o
       170          0          0          0          0         96   poly.o
         0          0          8          0          0          0   qnan.o
        76          0          0          0          0         84   sqrt.o
        86          0          0          0          0          0   __dczerorl2.o
         0          0          0          0          0          0   entry.o
         0          0          0          0          0          0   entry10a.o
         0          0          0          0          0          0   entry11a.o
         4          0          0          0          0          0   entry12b.o
         8          4          0          0          0          0   entry2.o
         4          0          0          0          0          0   entry5.o
         0          0          0          0          0          0   entry7b.o
         0          0          0          0          0          0   entry8b.o
         8          4          0          0          0          0   entry9a.o
        12          6          0          4          0         68   errno.o
        30          0          0          0          0          0   handlers.o
        36          8          0          0          0         68   init.o
         0          0          0          0          0          0   iusefp.o
        30          0          0          0          0         68   llshl.o
        36          0          0          0          0         68   llsshr.o
        32          0          0          0          0         68   llushr.o
       188         20          0          0          0        160   malloc.o
        36          0          0          0          0         68   memcpya.o
        36          0          0          0          0        108   memseta.o
         0          0          0          8          0          0   mvars.o
      2218         90          0          0          0        464   printfa.o
         0          0          0          4          0          0   stdout.o
        34          0          0          0          0         80   strcspn.o
        36          0          0          0          0         80   strstr.o
        44          0          0          0          0         80   uidiv.o
        98          0          0          0          0         92   uldiv.o
        48          0          0          0          0         68   cdcmple.o
        48          0          0          0          0         68   cdrcmple.o
        20          0          0          0          0         68   cfcmple.o
        20          0          0          0          0         68   cfrcmple.o
        56          0          0          0          0         88   d2f.o
       334          0          0          0          0        148   dadd.o
       222          0          0          0          0        100   ddiv.o
       186          0          0          0          0        176   depilogue.o
        48          0          0          0          0         68   dfixul.o
        26          0          0          0          0         76   dfltui.o
       228          0          0          0          0         96   dmul.o
        46          0          0          0          0         80   dscalb.o
       162          0          0          0          0        100   dsqrt.o
        38          0          0          0          0         68   f2d.o
       176          0          0          0          0        140   fadd.o
       124          0          0          0          0         88   fdiv.o
       110          0          0          0          0        168   fepilogue.o
        50          0          0          0          0         68   ffixi.o
        40          0          0          0          0         68   ffixui.o
        18          0          0          0          0         68   fflti.o
        44          0          0          0          0         92   ffltl.o
        10          0          0          0          0         68   ffltui.o
       100          0          0          0          0         76   fmul.o

    ----------------------------------------------------------------------
      6404        246        160         16          0       4300   Library Totals
         6          0          0          0          0          0   (incl. Padding)

    ----------------------------------------------------------------------

      Code (inc. data)   RO Data    RW Data    ZI Data      Debug   Library Name

      1268        114        160          0          0        720   m_ws.l
      2976        132          0         16          0       1472   mc_w.l
      2154          0          0          0          0       2108   mf_w.l

    ----------------------------------------------------------------------
      6404        246        160         16          0       4300   Library Totals

    ----------------------------------------------------------------------

==============================================================================


      Code (inc. data)   RO Data    RW Data    ZI Data      Debug   

     23560       1304       1172        772      14812     343294   Grand Totals
     23560       1304       1172        312      14812     343294   ELF Image Totals (compressed)
     23560       1304       1172        312          0          0   ROM Totals

==============================================================================

    Total RO  Size (Code + RO Data)                24732 (  24.15kB)
    Total RW  Size (RW Data + ZI Data)             15584 (  15.22kB)
    Total ROM Size (Code + RO Data + RW Data)      25044 (  24.46kB)

==============================================================================

